Component: ARM Compiler 5.06 update 6 (build 750) Tool: armlink [4d35ed]

==============================================================================

Section Cross References

    main.o(i.main) refers to hal.o(i.halInit) for halInit
    main.o(i.main) refers to chsys.o(i.chSysInit) for chSysInit
    main.o(i.main) refers to chthreads.o(i.chThdSleep) for chThdSleep
    main.o(i.main) refers to hw_60.o(i.hw_init_gpio) for hw_init_gpio
    main.o(i.main) refers to conf_general.o(i.conf_general_init) for conf_general_init
    main.o(i.main) refers to ledpwm.o(i.ledpwm_init) for ledpwm_init
    main.o(i.main) refers to conf_general.o(i.conf_general_read_mc_configuration) for conf_general_read_mc_configuration
    main.o(i.main) refers to mc_interface.o(i.mc_interface_init) for mc_interface_init
    main.o(i.main) refers to commands.o(i.commands_init) for commands_init
    main.o(i.main) refers to comm_usb.o(i.comm_usb_init) for comm_usb_init
    main.o(i.main) refers to comm_can.o(i.comm_can_init) for comm_can_init
    main.o(i.main) refers to conf_general.o(i.conf_general_read_app_configuration) for conf_general_read_app_configuration
    main.o(i.main) refers to app.o(i.app_set_configuration) for app_set_configuration
    main.o(i.main) refers to nrf_driver.o(i.nrf_driver_init) for nrf_driver_init
    main.o(i.main) refers to rfhelp.o(i.rfhelp_restart) for rfhelp_restart
    main.o(i.main) refers to nrf_driver.o(i.nrf_driver_stop) for nrf_driver_stop
    main.o(i.main) refers to spi_sw.o(i.spi_sw_change_pins) for spi_sw_change_pins
    main.o(i.main) refers to timeout.o(i.timeout_init) for timeout_init
    main.o(i.main) refers to timeout.o(i.timeout_configure) for timeout_configure
    main.o(i.main) refers to chthreads.o(i.chThdCreateStatic) for chThdCreateStatic
    main.o(i.main) refers to encoder.o(i.encoder_is_configured) for encoder_is_configured
    main.o(i.main) refers to ledpwm.o(i.ledpwm_set_intensity) for ledpwm_set_intensity
    main.o(i.main) refers to conf_general.o(.data) for conf_general_permanent_nrf_found
    main.o(i.main) refers to main.o(i.periodic_thread) for periodic_thread
    main.o(i.main) refers to main.o(.bss) for .bss
    main.o(i.main) refers to main.o(i.timer_thread) for timer_thread
    main.o(i.main) refers to chschd.o(.bss) for ch
    main.o(i.main) refers to main.o(.data) for .data
    main.o(i.periodic_thread) refers to mc_interface.o(i.mc_interface_get_state) for mc_interface_get_state
    main.o(i.periodic_thread) refers to ledpwm.o(i.ledpwm_set_intensity) for ledpwm_set_intensity
    main.o(i.periodic_thread) refers to mc_interface.o(i.mc_interface_get_fault) for mc_interface_get_fault
    main.o(i.periodic_thread) refers to chthreads.o(i.chThdSleep) for chThdSleep
    main.o(i.periodic_thread) refers to mcpwm.o(i.mcpwm_get_detect_pos) for mcpwm_get_detect_pos
    main.o(i.periodic_thread) refers to commands.o(i.commands_send_rotor_pos) for commands_send_rotor_pos
    main.o(i.periodic_thread) refers to commands.o(i.commands_get_disp_pos_mode) for commands_get_disp_pos_mode
    main.o(i.periodic_thread) refers to encoder.o(i.encoder_read_deg) for encoder_read_deg
    main.o(i.periodic_thread) refers to mc_interface.o(i.mc_interface_get_pid_pos_now) for mc_interface_get_pid_pos_now
    main.o(i.periodic_thread) refers to mc_interface.o(i.mc_interface_get_pid_pos_set) for mc_interface_get_pid_pos_set
    main.o(i.periodic_thread) refers to utils.o(i.utils_angle_difference) for utils_angle_difference
    main.o(i.periodic_thread) refers to mc_interface.o(i.mc_interface_get_configuration) for mc_interface_get_configuration
    main.o(i.periodic_thread) refers to mcpwm_foc.o(i.mcpwm_foc_get_phase_observer) for mcpwm_foc_get_phase_observer
    main.o(i.periodic_thread) refers to mcpwm_foc.o(i.mcpwm_foc_get_phase_encoder) for mcpwm_foc_get_phase_encoder
    main.o(i.periodic_thread) refers to chschd.o(.bss) for ch
    main.o(i.timer_thread) refers to packet.o(i.packet_timerfunc) for packet_timerfunc
    main.o(i.timer_thread) refers to chthreads.o(i.chThdSleep) for chThdSleep
    main.o(i.timer_thread) refers to chschd.o(.bss) for ch
    buffer.o(i.buffer_append_float32_auto) refers to frexpf.o(i.__hardfp_frexpf) for __hardfp_frexpf
    buffer.o(i.buffer_get_float32_auto) refers to ldexpf.o(i.__hardfp_ldexpf) for __hardfp_ldexpf
    comm_can.o(i.cancom_process_thread) refers to chevents.o(i.chEvtWaitAny) for chEvtWaitAny
    comm_can.o(i.cancom_process_thread) refers to app.o(i.app_get_configuration) for app_get_configuration
    comm_can.o(i.cancom_process_thread) refers to buffer.o(i.buffer_get_float32) for buffer_get_float32
    comm_can.o(i.cancom_process_thread) refers to mc_interface.o(i.mc_interface_set_duty) for mc_interface_set_duty
    comm_can.o(i.cancom_process_thread) refers to timeout.o(i.timeout_reset) for timeout_reset
    comm_can.o(i.cancom_process_thread) refers to mc_interface.o(i.mc_interface_set_current) for mc_interface_set_current
[...]
    0x0800c624   0x0800c624   0x00000026   Code   RO        11606    .text               mf_w.l(f2d.o)
    0x0800c64a   0x0800c64a   0x0000002c   Code   RO        11656    .text               mc_w.l(uidiv.o)
    0x0800c676   0x0800c676   0x00000062   Code   RO        11658    .text               mc_w.l(uldiv.o)
    0x0800c6d8   0x0800c6d8   0x0000001c   Code   RO        11669    .text               mc_w.l(_chval.o)
    0x0800c6f4   0x0800c6f4   0x00000028   Code   RO        11671    .text               mc_w.l(scanf_char.o)
    0x0800c71c   0x0800c71c   0x00000040   Code   RO        11673    .text               mc_w.l(_sgetc.o)
    0x0800c75c   0x0800c75c   0x00000000   Code   RO        11675    .text               mc_w.l(iusefp.o)
    0x0800c75c   0x0800c75c   0x00000018   Code   RO        11676    .text               mf_w.l(fscalb.o)
    0x0800c774   0x0800c774   0x0000003c   Code   RO        11678    .text               mf_w.l(frnd.o)
    0x0800c7b0   0x0800c7b0   0x00000052   Code   RO        11680    .text               mf_w.l(frem.o)
    0x0800c802   0x0800c802   0x0000014e   Code   RO        11682    .text               mf_w.l(dadd.o)
    0x0800c950   0x0800c950   0x000000e4   Code   RO        11684    .text               mf_w.l(dmul.o)
    0x0800ca34   0x0800ca34   0x000000de   Code   RO        11686    .text               mf_w.l(ddiv.o)
    0x0800cb12   0x0800cb12   0x00000018   Code   RO        11688    .text               mf_w.l(dfltul.o)
    0x0800cb2a   0x0800cb2a   0x00000030   Code   RO        11690    .text               mf_w.l(dfixul.o)
    0x0800cb5a   0x0800cb5a   0x00000002   PAD
    0x0800cb5c   0x0800cb5c   0x00000030   Code   RO        11692    .text               mf_w.l(cdrcmple.o)
    0x0800cb8c   0x0800cb8c   0x00000038   Code   RO        11694    .text               mf_w.l(d2f.o)
    0x0800cbc4   0x0800cbc4   0x00000004   Code   RO        11696    .text               mf_w.l(fpstat.o)
    0x0800cbc8   0x0800cbc8   0x0000001e   Code   RO        11701    .text               mc_w.l(llshl.o)
    0x0800cbe6   0x0800cbe6   0x00000020   Code   RO        11703    .text               mc_w.l(llushr.o)
    0x0800cc06   0x0800cc06   0x00000024   Code   RO        11705    .text               mc_w.l(llsshr.o)
    0x0800cc2a   0x0800cc2a   0x0000000a   Code   RO        11707    .text               mc_w.l(isspace_c.o)
    0x0800cc34   0x0800cc34   0x0000032c   Code   RO        11709    .text               mc_w.l(_scanf.o)
    0x0800cf60   0x0800cf60   0x0000006e   Code   RO        11712    .text               mf_w.l(fepilogue.o)
    0x0800cfce   0x0800cfce   0x000000ba   Code   RO        11714    .text               mf_w.l(depilogue.o)
    0x0800d088   0x0800d088   0x00000028   Code   RO        11716    .text               mc_w.l(ctype_c.o)
    0x0800d0b0   0x0800d0b0   0x00000056   Code   RO        11727    .text               mc_w.l(__dczerorl2.o)
    0x0800d106   0x0800d106   0x00000008   Code   RO         5327    i.ADC_ClearITPendingBit  stm32f4xx_adc.o
    0x0800d10e   0x0800d10e   0x00000012   Code   RO         5328    i.ADC_Cmd           stm32f4xx_adc.o
    0x0800d120   0x0800d120   0x0000002c   Code   RO         5329    i.ADC_CommonInit    stm32f4xx_adc.o
    0x0800d14c   0x0800d14c   0x00000018   Code   RO         5334    i.ADC_DeInit        stm32f4xx_adc.o
    0x0800d164   0x0800d164   0x0000000c   Code   RO         5338    i.ADC_ExternalTrigInjectedConvConfig  stm32f4xx_adc.o
    0x0800d170   0x0800d170   0x0000000c   Code   RO         5339    i.ADC_ExternalTrigInjectedConvEdgeConfig  stm32f4xx_adc.o
    0x0800d17c   0x0800d17c   0x00000010   Code   RO         5343    i.ADC_GetInjectedConversionValue  stm32f4xx_adc.o
    0x0800d18c   0x0800d18c   0x00000016   Code   RO         5347    i.ADC_ITConfig      stm32f4xx_adc.o
    0x0800d1a2   0x0800d1a2   0x00000002   PAD
    0x0800d1a4   0x0800d1a4   0x00000050   Code   RO         5348    i.ADC_Init          stm32f4xx_adc.o
    0x0800d1f4   0x0800d1f4   0x0000005c   Code   RO         5349    i.ADC_InjectedChannelConfig  stm32f4xx_adc.o
    0x0800d250   0x0800d250   0x00000010   Code   RO         5351    i.ADC_InjectedSequencerLengthConfig  stm32f4xx_adc.o
    0x0800d260   0x0800d260   0x0000001c   Code   RO         5352    i.ADC_MultiModeDMARequestAfterLastTransferCmd  stm32f4xx_adc.o
    0x0800d27c   0x0800d27c   0x00000090   Code   RO         5353    i.ADC_RegularChannelConfig  stm32f4xx_adc.o
    0x0800d30c   0x0800d30c   0x0000001c   Code   RO         5358    i.ADC_TempSensorVrefintCmd  stm32f4xx_adc.o
    0x0800d328   0x0800d328   0x00000012   Code   RO         5570    i.DMA_Cmd           stm32f4xx_dma.o
    0x0800d33a   0x0800d33a   0x00000002   PAD
    0x0800d33c   0x0800d33c   0x00000188   Code   RO         5571    i.DMA_DeInit        stm32f4xx_dma.o
    0x0800d4c4   0x0800d4c4   0x00000030   Code   RO         5581    i.DMA_ITConfig      stm32f4xx_dma.o
    0x0800d4f4   0x0800d4f4   0x00000078   Code   RO         5582    i.DMA_Init          stm32f4xx_dma.o
    0x0800d56c   0x0800d56c   0x0000002a   Code   RO         1506    i.EE_EraseSectorIfNotEmpty  eeprom.o
    0x0800d596   0x0800d596   0x00000002   PAD
    0x0800d598   0x0800d598   0x0000003c   Code   RO         1507    i.EE_FindValidPage  eeprom.o
    0x0800d5d4   0x0800d5d4   0x000002b0   Code   RO         1508    i.EE_Init           eeprom.o
    0x0800d884   0x0800d884   0x00000050   Code   RO         1509    i.EE_ReadVariable   eeprom.o
    0x0800d8d4   0x0800d8d4   0x00000058   Code   RO         1510    i.EE_VerifyPageFullWriteVariable  eeprom.o
    0x0800d92c   0x0800d92c   0x00000108   Code   RO         1511    i.EE_WriteVariable  eeprom.o
    0x0800da34   0x0800da34   0x0000000c   Code   RO         5701    i.EXTI_ClearITPendingBit  stm32f4xx_exti.o
    0x0800da40   0x0800da40   0x00000014   Code   RO         5705    i.EXTI_GetITStatus  stm32f4xx_exti.o
    0x0800da54   0x0800da54   0x00000090   Code   RO         5706    i.EXTI_Init         stm32f4xx_exti.o
    0x0800dae4   0x0800dae4   0x0000000c   Code   RO         5766    i.FLASH_ClearFlag   stm32f4xx_flash.o
    0x0800daf0   0x0800daf0   0x0000006c   Code   RO         5772    i.FLASH_EraseSector  stm32f4xx_flash.o
    0x0800db5c   0x0800db5c   0x00000044   Code   RO         5774    i.FLASH_GetStatus   stm32f4xx_flash.o
    0x0800dba0   0x0800dba0   0x0000003c   Code   RO         5799    i.FLASH_ProgramByte  stm32f4xx_flash.o
    0x0800dbdc   0x0800dbdc   0x00000040   Code   RO         5801    i.FLASH_ProgramHalfWord  stm32f4xx_flash.o
    0x0800dc1c   0x0800dc1c   0x00000028   Code   RO         5804    i.FLASH_Unlock      stm32f4xx_flash.o
    0x0800dc44   0x0800dc44   0x0000005c   Code   RO         5805    i.FLASH_WaitForLastOperation  stm32f4xx_flash.o
    0x0800dca0   0x0800dca0   0x00000018   Code   RO         6024    i.RCC_AHB1PeriphClockCmd  stm32f4xx_rcc.o
    0x0800dcb8   0x0800dcb8   0x00000018   Code   RO         6030    i.RCC_APB1PeriphClockCmd  stm32f4xx_rcc.o
    0x0800dcd0   0x0800dcd0   0x00000018   Code   RO         6032    i.RCC_APB1PeriphResetCmd  stm32f4xx_rcc.o
    0x0800dce8   0x0800dce8   0x00000018   Code   RO         6033    i.RCC_APB2PeriphClockCmd  stm32f4xx_rcc.o
    0x0800dd00   0x0800dd00   0x00000018   Code   RO         6035    i.RCC_APB2PeriphResetCmd  stm32f4xx_rcc.o
    0x0800dd18   0x0800dd18   0x00000020   Code   RO        10001    i.SVC_Handler       chcore_v7m.o
    0x0800dd38   0x0800dd38   0x0000002e   Code   RO         6293    i.SYSCFG_EXTILineConfig  stm32f4xx_syscfg.o
    0x0800dd66   0x0800dd66   0x0000001a   Code   RO        11093    i.SysTick_Handler   st_lld.o
    0x0800dd80   0x0800dd80   0x00000014   Code   RO         6352    i.TIM_ARRPreloadConfig  stm32f4xx_tim.o
    0x0800dd94   0x0800dd94   0x00000022   Code   RO         6353    i.TIM_BDTRConfig    stm32f4xx_tim.o
    0x0800ddb6   0x0800ddb6   0x00000014   Code   RO         6355    i.TIM_CCPreloadControl  stm32f4xx_tim.o
    0x0800ddca   0x0800ddca   0x00000020   Code   RO         6356    i.TIM_CCxCmd        stm32f4xx_tim.o
    0x0800ddea   0x0800ddea   0x00000020   Code   RO         6357    i.TIM_CCxNCmd       stm32f4xx_tim.o
    0x0800de0a   0x0800de0a   0x00000008   Code   RO         6359    i.TIM_ClearITPendingBit  stm32f4xx_tim.o
    0x0800de12   0x0800de12   0x00000014   Code   RO         6364    i.TIM_Cmd           stm32f4xx_tim.o
    0x0800de26   0x0800de26   0x00000012   Code   RO         6366    i.TIM_CtrlPWMOutputs  stm32f4xx_tim.o
    0x0800de38   0x0800de38   0x000001b4   Code   RO         6369    i.TIM_DeInit        stm32f4xx_tim.o
    0x0800dfec   0x0800dfec   0x0000004a   Code   RO         6373    i.TIM_EncoderInterfaceConfig  stm32f4xx_tim.o
    0x0800e036   0x0800e036   0x00000004   Code   RO         6378    i.TIM_GenerateEvent  stm32f4xx_tim.o
    0x0800e03a   0x0800e03a   0x00000016   Code   RO         6385    i.TIM_GetITStatus   stm32f4xx_tim.o
    0x0800e050   0x0800e050   0x00000012   Code   RO         6389    i.TIM_ITConfig      stm32f4xx_tim.o
    0x0800e062   0x0800e062   0x00000072   Code   RO         6393    i.TIM_OC1Init       stm32f4xx_tim.o
    0x0800e0d4   0x0800e0d4   0x0000000e   Code   RO         6396    i.TIM_OC1PreloadConfig  stm32f4xx_tim.o
    0x0800e0e2   0x0800e0e2   0x00000090   Code   RO         6398    i.TIM_OC2Init       stm32f4xx_tim.o
    0x0800e172   0x0800e172   0x00000016   Code   RO         6401    i.TIM_OC2PreloadConfig  stm32f4xx_tim.o
    0x0800e188   0x0800e188   0x0000008e   Code   RO         6403    i.TIM_OC3Init       stm32f4xx_tim.o
    0x0800e216   0x0800e216   0x0000000e   Code   RO         6406    i.TIM_OC3PreloadConfig  stm32f4xx_tim.o
    0x0800e224   0x0800e224   0x00000072   Code   RO         6408    i.TIM_OC4Init       stm32f4xx_tim.o
    0x0800e296   0x0800e296   0x00000016   Code   RO         6410    i.TIM_OC4PreloadConfig  stm32f4xx_tim.o
    0x0800e2ac   0x0800e2ac   0x0000000e   Code   RO         6418    i.TIM_SelectInputTrigger  stm32f4xx_tim.o
    0x0800e2ba   0x0800e2ba   0x00000012   Code   RO         6419    i.TIM_SelectMasterSlaveMode  stm32f4xx_tim.o
    0x0800e2cc   0x0800e2cc   0x0000006e   Code   RO         6420    i.TIM_SelectOCxM    stm32f4xx_tim.o
    0x0800e33a   0x0800e33a   0x00000012   Code   RO         6422    i.TIM_SelectOutputTrigger  stm32f4xx_tim.o
    0x0800e34c   0x0800e34c   0x00000012   Code   RO         6423    i.TIM_SelectSlaveMode  stm32f4xx_tim.o
    0x0800e35e   0x0800e35e   0x00000004   Code   RO         6424    i.TIM_SetAutoreload  stm32f4xx_tim.o
    0x0800e362   0x0800e362   0x00000002   PAD
    0x0800e364   0x0800e364   0x00000084   Code   RO         6436    i.TIM_TimeBaseInit  stm32f4xx_tim.o
    0x0800e3e8   0x0800e3e8   0x00000030   Code   RO        10182    i.Vector120         stm32_dma.o
    0x0800e418   0x0800e418   0x00000034   Code   RO        10183    i.Vector124         stm32_dma.o
    0x0800e44c   0x0800e44c   0x00000034   Code   RO        10184    i.Vector128         stm32_dma.o
    0x0800e480   0x0800e480   0x00000034   Code   RO        10185    i.Vector12C         stm32_dma.o
    0x0800e4b4   0x0800e4b4   0x00000030   Code   RO        10186    i.Vector130         stm32_dma.o
    0x0800e4e4   0x0800e4e4   0x000000f4   Code   RO        10662    i.Vector14C         usb_lld.o
    0x0800e5d8   0x0800e5d8   0x00000034   Code   RO        10187    i.Vector150         stm32_dma.o
    0x0800e60c   0x0800e60c   0x00000034   Code   RO        10188    i.Vector154         stm32_dma.o
    0x0800e640   0x0800e640   0x00000034   Code   RO        10189    i.Vector158         stm32_dma.o
    0x0800e674   0x0800e674   0x00000014   Code   RO        11144    i.Vector15C         uart_lld.o
    0x0800e688   0x0800e688   0x00000028   Code   RO        10190    i.Vector6C          stm32_dma.o
    0x0800e6b0   0x0800e6b0   0x0000002c   Code   RO        10191    i.Vector70          stm32_dma.o
    0x0800e6dc   0x0800e6dc   0x0000002c   Code   RO        10192    i.Vector74          stm32_dma.o
    0x0800e708   0x0800e708   0x0000002c   Code   RO        10193    i.Vector78          stm32_dma.o
    0x0800e734   0x0800e734   0x00000028   Code   RO        10194    i.Vector7C          stm32_dma.o
    0x0800e75c   0x0800e75c   0x0000002c   Code   RO        10195    i.Vector80          stm32_dma.o
    0x0800e788   0x0800e788   0x0000002c   Code   RO        10196    i.Vector84          stm32_dma.o
    0x0800e7b4   0x0800e7b4   0x0000001c   Code   RO         1890    i.Vector88          irq_handlers.o
    0x0800e7d0   0x0800e7d0   0x0000003c   Code   RO        10336    i.Vector8C          can_lld.o
    0x0800e80c   0x0800e80c   0x00000064   Code   RO        10337    i.Vector90          can_lld.o
    0x0800e870   0x0800e870   0x00000064   Code   RO        10338    i.Vector94          can_lld.o
    0x0800e8d4   0x0800e8d4   0x0000007c   Code   RO        10339    i.Vector98          can_lld.o
    0x0800e950   0x0800e950   0x00000020   Code   RO         1891    i.Vector9C          irq_handlers.o
    0x0800e970   0x0800e970   0x00000028   Code   RO         1892    i.VectorB4          irq_handlers.o
    0x0800e998   0x0800e998   0x00000098   Code   RO        10989    i.VectorB8          icu_lld.o
    0x0800ea30   0x0800ea30   0x000000fc   Code   RO        10577    i.VectorC4          i2c_lld.o
    0x0800eb2c   0x0800eb2c   0x00000104   Code   RO        10578    i.VectorC8          i2c_lld.o
    0x0800ec30   0x0800ec30   0x00000014   Code   RO        11145    i.VectorDC          uart_lld.o
    0x0800ec44   0x0800ec44   0x00000028   Code   RO         1893    i.VectorF8          irq_handlers.o
    0x0800ec6c   0x0800ec6c   0x0000002c   Code   RO        10197    i.VectorFC          stm32_dma.o
    0x0800ec98   0x0800ec98   0x00000018   Code   RO         6902    i.WWDG_DeInit       stm32f4xx_wwdg.o
    0x0800ecb0   0x0800ecb0   0x00000010   Code   RO         6903    i.WWDG_Enable       stm32f4xx_wwdg.o
    0x0800ecc0   0x0800ecc0   0x00000010   Code   RO         6906    i.WWDG_SetCounter   stm32f4xx_wwdg.o
    0x0800ecd0   0x0800ecd0   0x00000014   Code   RO         6907    i.WWDG_SetPrescaler  stm32f4xx_wwdg.o
    0x0800ece4   0x0800ece4   0x0000001c   Code   RO         6908    i.WWDG_SetWindowValue  stm32f4xx_wwdg.o
    0x0800ed00   0x0800ed00   0x0000002c   Code   RO        11548    i.__0vsnprintf      mc_w.l(printfa.o)
    0x0800ed2c   0x0800ed2c   0x00000026   Code   RO        11608    i.__ARM_fpclassifyf  m_wm.l(fpclassifyf.o)
    0x0800ed52   0x0800ed52   0x00000004   Code   RO         4432    i.__early_init      board.o
    0x0800ed56   0x0800ed56   0x00000002   PAD
    0x0800ed58   0x0800ed58   0x0000012c   Code   RO        11391    i.__hardfp_asinf    m_wm.l(asinf.o)
    0x0800ee84   0x0800ee84   0x00000250   Code   RO        11403    i.__hardfp_atan2f   m_wm.l(atan2f.o)
    0x0800f0d4   0x0800f0d4   0x00000150   Code   RO        11415    i.__hardfp_cosf     m_wm.l(cosf.o)
    0x0800f224   0x0800f224   0x000001e8   Code   RO        11427    i.__hardfp_expf     m_wm.l(expf.o)
    0x0800f40c   0x0800f40c   0x00000070   Code   RO        11441    i.__hardfp_floorf   m_wm.l(floorf.o)
    0x0800f47c   0x0800f47c   0x000000b0   Code   RO        11447    i.__hardfp_fmodf    m_wm.l(fmodf.o)
    0x0800f52c   0x0800f52c   0x00000054   Code   RO        11459    i.__hardfp_frexpf   m_wm.l(frexpf.o)
    0x0800f580   0x0800f580   0x0000008e   Code   RO        11465    i.__hardfp_ldexpf   m_wm.l(ldexpf.o)
    0x0800f60e   0x0800f60e   0x00000002   PAD
    0x0800f610   0x0800f610   0x0000016c   Code   RO        11477    i.__hardfp_logf     m_wm.l(logf.o)
    0x0800f77c   0x0800f77c   0x00000664   Code   RO        11491    i.__hardfp_powf     m_wm.l(powf.o)
    0x0800fde0   0x0800fde0   0x0000009a   Code   RO        11517    i.__hardfp_roundf   m_wm.l(roundf.o)
    0x0800fe7a   0x0800fe7a   0x00000002   PAD
    0x0800fe7c   0x0800fe7c   0x00000014   Code   RO        11610    i.__mathlib_flt_divzero  m_wm.l(funder.o)
    0x0800fe90   0x0800fe90   0x00000006   Code   RO        11611    i.__mathlib_flt_infnan  m_wm.l(funder.o)
    0x0800fe96   0x0800fe96   0x00000006   Code   RO        11612    i.__mathlib_flt_infnan2  m_wm.l(funder.o)
    0x0800fe9c   0x0800fe9c   0x00000010   Code   RO        11613    i.__mathlib_flt_invalid  m_wm.l(funder.o)
    0x0800feac   0x0800feac   0x00000010   Code   RO        11614    i.__mathlib_flt_overflow  m_wm.l(funder.o)
    0x0800febc   0x0800febc   0x00000010   Code   RO        11616    i.__mathlib_flt_underflow  m_wm.l(funder.o)
    0x0800fecc   0x0800fecc   0x00000154   Code   RO        11624    i.__mathlib_rredf2  m_wm.l(rredf.o)
    0x08010020   0x08010020   0x0000000c   Code   RO        11664    i.__set_errno       mc_w.l(errno.o)
    0x0801002c   0x0801002c   0x00000020   Code   RO         8805    i._core_init        chmemcore.o
    0x0801004c   0x0801004c   0x00000184   Code   RO        11550    i._fp_digits        mc_w.l(printfa.o)
    0x080101d0   0x080101d0   0x00000020   Code   RO         8610    i._heap_init        chheap.o
    0x080101f0   0x080101f0   0x00000002   Code   RO         9526    i._idle_thread      chsys.o
    0x080101f2   0x080101f2   0x0000000e   Code   RO        11604    i._is_digit         mc_w.l(scanf_fp.o)
    0x08010200   0x08010200   0x000000a0   Code   RO        10542    i._pal_lld_init     pal_lld.o
    0x080102a0   0x080102a0   0x00000096   Code   RO        10543    i._pal_lld_setgroupmode  pal_lld.o
    0x08010336   0x08010336   0x00000002   PAD
    0x08010338   0x08010338   0x00000058   Code   RO        10002    i._port_irq_epilogue  chcore_v7m.o
    0x08010390   0x08010390   0x000006dc   Code   RO        11551    i._printf_core      mc_w.l(printfa.o)
    0x08010a6c   0x08010a6c   0x00000024   Code   RO        11552    i._printf_post_padding  mc_w.l(printfa.o)
    0x08010a90   0x08010a90   0x0000002e   Code   RO        11553    i._printf_pre_padding  mc_w.l(printfa.o)
    0x08010abe   0x08010abe   0x00000002   PAD
    0x08010ac0   0x08010ac0   0x00000014   Code   RO         9240    i._scheduler_init   chschd.o
    0x08010ad4   0x08010ad4   0x00000016   Code   RO        11554    i._snputc           mc_w.l(printfa.o)
    0x08010aea   0x08010aea   0x00000002   PAD
    0x08010aec   0x08010aec   0x0000003c   Code   RO         9658    i._thread_init      chthreads.o
    0x08010b28   0x08010b28   0x00000030   Code   RO         9858    i._tm_init          chtm.o
    0x08010b58   0x08010b58   0x000000cc   Code   RO         8126    i._usb_ep0in        usb.o
    0x08010c24   0x08010c24   0x00000082   Code   RO         8127    i._usb_ep0out       usb.o
    0x08010ca6   0x08010ca6   0x0000013c   Code   RO         8128    i._usb_ep0setup     usb.o
    0x08010de2   0x08010de2   0x0000002a   Code   RO         8129    i._usb_reset        usb.o
    0x08010e0c   0x08010e0c   0x0000001c   Code   RO         9959    i._vt_init          chvt.o
    0x08010e28   0x08010e28   0x000008ce   Code   RO         4011    i.adc_thread        app_adc.o
    0x080116f6   0x080116f6   0x00000002   PAD
    0x080116f8   0x080116f8   0x000000b0   Code   RO         4012    i.app_adc_configure  app_adc.o
    0x080117a8   0x080117a8   0x0000000c   Code   RO         4013    i.app_adc_get_decoded_level  app_adc.o
    0x080117b4   0x080117b4   0x0000000c   Code   RO         4014    i.app_adc_get_decoded_level2  app_adc.o
    0x080117c0   0x080117c0   0x0000000c   Code   RO         4015    i.app_adc_get_voltage  app_adc.o
    0x080117cc   0x080117cc   0x0000000c   Code   RO         4016    i.app_adc_get_voltage2  app_adc.o
    0x080117d8   0x080117d8   0x00000028   Code   RO         4017    i.app_adc_start     app_adc.o
    0x08011800   0x08011800   0x00000024   Code   RO         4018    i.app_adc_stop      app_adc.o
    0x08011824   0x08011824   0x00000008   Code   RO         3892    i.app_get_configuration  app.o
    0x0801182c   0x0801182c   0x0000009c   Code   RO         4096    i.app_nunchuk_configure  app_nunchuk.o
    0x080118c8   0x080118c8   0x0000002c   Code   RO         4097    i.app_nunchuk_get_decoded_chuk  app_nunchuk.o
    0x080118f4   0x080118f4   0x00000034   Code   RO         4098    i.app_nunchuk_start  app_nunchuk.o
    0x08011928   0x08011928   0x0000002c   Code   RO         4099    i.app_nunchuk_stop  app_nunchuk.o
    0x08011954   0x08011954   0x00000070   Code   RO         4100    i.app_nunchuk_update_output  app_nunchuk.o
    0x080119c4   0x080119c4   0x00000098   Code   RO         4175    i.app_ppm_configure  app_ppm.o
    0x08011a5c   0x08011a5c   0x0000000c   Code   RO         4176    i.app_ppm_get_decoded_level  app_ppm.o
    0x08011a68   0x08011a68   0x00000060   Code   RO         4177    i.app_ppm_start     app_ppm.o
    0x08011ac8   0x08011ac8   0x00000034   Code   RO         4178    i.app_ppm_stop      app_ppm.o
    0x08011afc   0x08011afc   0x000000bc   Code   RO         3893    i.app_set_configuration  app.o
    0x08011bb8   0x08011bb8   0x00000020   Code   RO         4339    i.app_uartcomm_configure  app_uartcomm.o
    0x08011bd8   0x08011bd8   0x00000074   Code   RO         4340    i.app_uartcomm_start  app_uartcomm.o
    0x08011c4c   0x08011c4c   0x0000002c   Code   RO         4341    i.app_uartcomm_stop  app_uartcomm.o
    0x08011c78   0x08011c78   0x00000078   Code   RO        11370    i.arm_cos_f32       arm_cos_f32.o
    0x08011cf0   0x08011cf0   0x00000074   Code   RO        11342    i.arm_sin_f32       arm_sin_f32.o
    0x08011d64   0x08011d64   0x00000002   Code   RO         4433    i.boardInit         board.o
    0x08011d66   0x08011d66   0x0000002c   Code   RO          435    i.buffer_append_float16  buffer.o
    0x08011d92   0x08011d92   0x00000048   Code   RO          436    i.buffer_append_float32  buffer.o
    0x08011dda   0x08011dda   0x00000002   PAD
    0x08011ddc   0x08011ddc   0x0000008c   Code   RO          437    i.buffer_append_float32_auto  buffer.o
    0x08011e68   0x08011e68   0x00000020   Code   RO          438    i.buffer_append_int16  buffer.o
    0x08011e88   0x08011e88   0x0000003c   Code   RO          439    i.buffer_append_int32  buffer.o
    0x08011ec4   0x08011ec4   0x00000020   Code   RO          440    i.buffer_append_uint16  buffer.o
    0x08011ee4   0x08011ee4   0x0000003c   Code   RO          441    i.buffer_append_uint32  buffer.o
    0x08011f20   0x08011f20   0x00000028   Code   RO          443    i.buffer_get_float32  buffer.o
    0x08011f48   0x08011f48   0x00000054   Code   RO          444    i.buffer_get_float32_auto  buffer.o
    0x08011f9c   0x08011f9c   0x00000010   Code   RO          445    i.buffer_get_int16  buffer.o
    0x08011fac   0x08011fac   0x00000018   Code   RO          446    i.buffer_get_int32  buffer.o
    0x08011fc4   0x08011fc4   0x0000000e   Code   RO          447    i.buffer_get_uint16  buffer.o
    0x08011fd2   0x08011fd2   0x00000018   Code   RO          448    i.buffer_get_uint32  buffer.o
    0x08011fea   0x08011fea   0x00000004   Code   RO         7013    i.canInit           can.o
    0x08011fee   0x08011fee   0x0000002c   Code   RO         7014    i.canObjectInit     can.o
    0x0801201a   0x0801201a   0x00000050   Code   RO         7015    i.canReceive        can.o
    0x0801206a   0x0801206a   0x00000022   Code   RO         7017    i.canStart          can.o
    0x0801208c   0x0801208c   0x00000038   Code   RO         7018    i.canStop           can.o
    0x080120c4   0x080120c4   0x00000050   Code   RO         7019    i.canTransmit       can.o
    0x08012114   0x08012114   0x00000024   Code   RO        10341    i.can_lld_init      can_lld.o
    0x08012138   0x08012138   0x0000003e   Code   RO        10342    i.can_lld_is_rx_nonempty  can_lld.o
    0x08012176   0x08012176   0x0000003e   Code   RO        10343    i.can_lld_is_tx_empty  can_lld.o
    0x080121b4   0x080121b4   0x000000e4   Code   RO        10344    i.can_lld_receive   can_lld.o
    0x08012298   0x08012298   0x00000160   Code   RO        10345    i.can_lld_set_filters  can_lld.o
    0x080123f8   0x080123f8   0x0000007c   Code   RO        10347    i.can_lld_start     can_lld.o
    0x08012474   0x08012474   0x00000054   Code   RO        10348    i.can_lld_stop      can_lld.o
    0x080124c8   0x080124c8   0x00000076   Code   RO        10349    i.can_lld_transmit  can_lld.o
    0x0801253e   0x0801253e   0x00000002   PAD
    0x08012540   0x08012540   0x00000340   Code   RO          530    i.cancom_process_thread  comm_can.o
    0x08012880   0x08012880   0x000000b4   Code   RO          531    i.cancom_read_thread  comm_can.o
    0x08012934   0x08012934   0x000000a4   Code   RO          532    i.cancom_status_thread  comm_can.o
    0x080129d8   0x080129d8   0x0000002c   Code   RO         8806    i.chCoreAlloc       chmemcore.o
    0x08012a04   0x08012a04   0x00000010   Code   RO         8808    i.chCoreGetStatusX  chmemcore.o
    0x08012a14   0x08012a14   0x00000056   Code   RO         8486    i.chEvtBroadcastFlagsI  chevents.o
    0x08012a6a   0x08012a6a   0x00000002   PAD
    0x08012a6c   0x08012a6c   0x0000002c   Code   RO         8491    i.chEvtRegisterMaskWithFlags  chevents.o
    0x08012a98   0x08012a98   0x0000003a   Code   RO         8492    i.chEvtSignal       chevents.o
    0x08012ad2   0x08012ad2   0x00000028   Code   RO         8493    i.chEvtSignalI      chevents.o
    0x08012afa   0x08012afa   0x0000002a   Code   RO         8494    i.chEvtUnregister   chevents.o
    0x08012b24   0x08012b24   0x00000034   Code   RO         8497    i.chEvtWaitAny      chevents.o
    0x08012b58   0x08012b58   0x00000044   Code   RO         8498    i.chEvtWaitAnyTimeout  chevents.o
    0x08012b9c   0x08012b9c   0x0000006e   Code   RO         8612    i.chHeapFree        chheap.o
    0x08012c0a   0x08012c0a   0x00000002   PAD
    0x08012c0c   0x08012c0c   0x00000040   Code   RO         8614    i.chHeapStatus      chheap.o
    0x08012c4c   0x08012c4c   0x00000054   Code   RO         9115    i.chIQGetTimeout    chqueues.o
    0x08012ca0   0x08012ca0   0x00000020   Code   RO         9116    i.chIQObjectInit    chqueues.o
    0x08012cc0   0x08012cc0   0x00000076   Code   RO         9118    i.chIQReadTimeout   chqueues.o
    0x08012d36   0x08012d36   0x00000010   Code   RO         9119    i.chIQResetI        chqueues.o
    0x08012d46   0x08012d46   0x00000014   Code   RO         8996    i.chMtxLock         chmtx.o
    0x08012d5a   0x08012d5a   0x00000002   PAD
    0x08012d5c   0x08012d5c   0x000000d0   Code   RO         8997    i.chMtxLockS        chmtx.o
    0x08012e2c   0x08012e2c   0x0000000a   Code   RO         8998    i.chMtxObjectInit   chmtx.o
    0x08012e36   0x08012e36   0x00000002   PAD
    0x08012e38   0x08012e38   0x00000064   Code   RO         9001    i.chMtxUnlock       chmtx.o
    0x08012e9c   0x08012e9c   0x0000001a   Code   RO         9121    i.chOQObjectInit    chqueues.o
    0x08012eb6   0x08012eb6   0x0000005e   Code   RO         9122    i.chOQPutTimeout    chqueues.o
    0x08012f14   0x08012f14   0x00000014   Code   RO         9123    i.chOQResetI        chqueues.o
    0x08012f28   0x08012f28   0x00000076   Code   RO         9124    i.chOQWriteTimeout  chqueues.o
    0x08012f9e   0x08012f9e   0x00000014   Code   RO         8852    i.chPoolFree        chmempools.o
    0x08012fb2   0x08012fb2   0x00000002   PAD
    0x08012fb4   0x08012fb4   0x0000001c   Code   RO         9202    i.chRegFirstThread  chregistry.o
    0x08012fd0   0x08012fd0   0x0000002c   Code   RO         9203    i.chRegNextThread   chregistry.o
    0x08012ffc   0x08012ffc   0x00000014   Code   RO         9241    i.chSchDoReschedule  chschd.o
    0x08013010   0x08013010   0x00000040   Code   RO         9242    i.chSchDoRescheduleAhead  chschd.o
    0x08013050   0x08013050   0x00000044   Code   RO         9243    i.chSchDoRescheduleBehind  chschd.o
    0x08013094   0x08013094   0x0000002c   Code   RO         9244    i.chSchGoSleepS     chschd.o
    0x080130c0   0x080130c0   0x00000074   Code   RO         9245    i.chSchGoSleepTimeoutS  chschd.o
    0x08013134   0x08013134   0x00000024   Code   RO         9246    i.chSchIsPreemptionRequired  chschd.o
    0x08013158   0x08013158   0x00000020   Code   RO         9247    i.chSchReadyI       chschd.o
    0x08013178   0x08013178   0x00000018   Code   RO         9248    i.chSchRescheduleS  chschd.o
    0x08013190   0x08013190   0x00000048   Code   RO         9249    i.chSchWakeupS      chschd.o
    0x080131d8   0x080131d8   0x0000000c   Code   RO         9528    i.chSysHalt         chsys.o
    0x080131e4   0x080131e4   0x000000b4   Code   RO         9529    i.chSysInit         chsys.o
    0x08013298   0x08013298   0x00000018   Code   RO         9532    i.chSysPolledDelayX  chsys.o
    0x080132b0   0x080132b0   0x0000006c   Code   RO         9534    i.chSysTimerHandlerI  chsys.o
    0x0801331c   0x0801331c   0x0000000c   Code   RO         9861    i.chTMStartMeasurementX  chtm.o
    0x08013328   0x08013328   0x00000040   Code   RO         9862    i.chTMStopMeasurementX  chtm.o
    0x08013368   0x08013368   0x00000060   Code   RO         9659    i.chThdCreateI      chthreads.o
    0x080133c8   0x080133c8   0x00000026   Code   RO         9660    i.chThdCreateStatic  chthreads.o
    0x080133ee   0x080133ee   0x00000024   Code   RO         9661    i.chThdDequeueAllI  chthreads.o
    0x08013412   0x08013412   0x00000002   PAD
    0x08013414   0x08013414   0x00000024   Code   RO         9663    i.chThdEnqueueTimeoutS  chthreads.o
    0x08013438   0x08013438   0x00000050   Code   RO         9664    i.chThdExit         chthreads.o
    0x08013488   0x08013488   0x00000056   Code   RO         8441    i.chThdRelease      chdynamic.o
    0x080134de   0x080134de   0x00000014   Code   RO         9667    i.chThdResumeI      chthreads.o
    0x080134f2   0x080134f2   0x00000018   Code   RO         9670    i.chThdSleep        chthreads.o
    0x0801350a   0x0801350a   0x00000002   PAD
    0x0801350c   0x0801350c   0x0000001c   Code   RO         9674    i.chThdSuspendS     chthreads.o
    0x08013528   0x08013528   0x0000001c   Code   RO         9675    i.chThdSuspendTimeoutS  chthreads.o
    0x08013544   0x08013544   0x00000028   Code   RO         9960    i.chVTDoResetI      chvt.o
    0x0801356c   0x0801356c   0x0000003c   Code   RO         9961    i.chVTDoSetI        chvt.o
    0x080135a8   0x080135a8   0x0000021c   Code   RO         4101    i.chuk_thread       app_nunchuk.o
    0x080137c4   0x080137c4   0x00000018   Code   RO          534    i.comm_can_get_status_msg_index  comm_can.o
    0x080137dc   0x080137dc   0x000000ac   Code   RO          535    i.comm_can_init     comm_can.o
    0x08013888   0x08013888   0x000000f8   Code   RO          536    i.comm_can_send_buffer  comm_can.o
    0x08013980   0x08013980   0x00000084   Code   RO          537    i.comm_can_set_baud  comm_can.o
    0x08013a04   0x08013a04   0x00000038   Code   RO          538    i.comm_can_set_current  comm_can.o
    0x08013a3c   0x08013a3c   0x00000038   Code   RO          539    i.comm_can_set_current_brake  comm_can.o
    0x08013a74   0x08013a74   0x0000002c   Code   RO          540    i.comm_can_set_current_brake_rel  comm_can.o
    0x08013aa0   0x08013aa0   0x0000002c   Code   RO          541    i.comm_can_set_current_rel  comm_can.o
    0x08013acc   0x08013acc   0x00000038   Code   RO          542    i.comm_can_set_duty  comm_can.o
    0x08013b04   0x08013b04   0x0000004c   Code   RO          548    i.comm_can_transmit_eid  comm_can.o
    0x08013b50   0x08013b50   0x00000058   Code   RO         1015    i.comm_usb_init     comm_usb.o
    0x08013ba8   0x08013ba8   0x00000068   Code   RO         1077    i.comm_usb_serial_init  comm_usb_serial.o
    0x08013c10   0x08013c10   0x0000000c   Code   RO         1220    i.commands_get_disp_pos_mode  commands.o
    0x08013c1c   0x08013c1c   0x00000020   Code   RO         1221    i.commands_init     commands.o
    0x08013c3c   0x08013c3c   0x00000038   Code   RO         1222    i.commands_printf   commands.o
    0x08013c74   0x08013c74   0x00002d44   Code   RO         1223    i.commands_process_packet  commands.o
    0x080169b8   0x080169b8   0x000002d4   Code   RO         1225    i.commands_send_appconf  commands.o
    0x08016c8c   0x08016c8c   0x00000010   Code   RO         1227    i.commands_send_packet  commands.o
    0x08016c9c   0x08016c9c   0x00000038   Code   RO         1228    i.commands_send_rotor_pos  commands.o
    0x08016cd4   0x08016cd4   0x0000000c   Code   RO         1230    i.commands_set_send_func  commands.o
    0x08016ce0   0x08016ce0   0x000000e4   Code   RO         2503    i.commutate         mcpwm.o
    0x08016dc4   0x08016dc4   0x000006cc   Code   RO         1331    i.conf_general_detect_motor_param  conf_general.o
    0x08017490   0x08017490   0x00000160   Code   RO         1332    i.conf_general_get_default_app_configuration  conf_general.o
    0x080175f0   0x080175f0   0x0000037c   Code   RO         1333    i.conf_general_get_default_mc_configuration  conf_general.o
    0x0801796c   0x0801796c   0x0000004c   Code   RO         1334    i.conf_general_init  conf_general.o
    0x080179b8   0x080179b8   0x00000688   Code   RO         1335    i.conf_general_measure_flux_linkage  conf_general.o
    0x08018040   0x08018040   0x00000040   Code   RO         1336    i.conf_general_read_app_configuration  conf_general.o
    0x08018080   0x08018080   0x00000040   Code   RO         1337    i.conf_general_read_mc_configuration  conf_general.o
    0x080180c0   0x080180c0   0x0000006a   Code   RO         1338    i.conf_general_store_app_configuration  conf_general.o
    0x0801812a   0x0801812a   0x0000006a   Code   RO         1339    i.conf_general_store_mc_configuration  conf_general.o
    0x08018194   0x08018194   0x000005a6   Code   RO         2860    i.control_current   mcpwm_foc.o
    0x0801873a   0x0801873a   0x00000002   PAD
    0x0801873c   0x0801873c   0x00000060   Code   RO         2861    i.correct_encoder   mcpwm_foc.o
    0x0801879c   0x0801879c   0x000001dc   Code   RO         2862    i.correct_hall      mcpwm_foc.o
    0x08018978   0x08018978   0x00000034   Code   RO         1605    i.crc16             crc.o
    0x080189ac   0x080189ac   0x00000208   Code   RO         8130    i.default_handler   usb.o
    0x08018bb4   0x08018bb4   0x000000d0   Code   RO         1231    i.detect_thread     commands.o
    0x08018c84   0x08018c84   0x0000004c   Code   RO        10198    i.dmaInit           stm32_dma.o
    0x08018cd0   0x08018cd0   0x000000bc   Code   RO        10199    i.dmaStreamAllocate  stm32_dma.o
    0x08018d8c   0x08018d8c   0x00000044   Code   RO        10200    i.dmaStreamRelease  stm32_dma.o
    0x08018dd0   0x08018dd0   0x00000174   Code   RO         4636    i.drv8301_faults_to_string  drv8301.o
    0x08018f44   0x08018f44   0x000001f8   Code   RO         4637    i.drv8301_init      drv8301.o
    0x0801913c   0x0801913c   0x0000001a   Code   RO         4638    i.drv8301_read_faults  drv8301.o
    0x08019156   0x08019156   0x00000002   PAD
    0x08019158   0x08019158   0x0000003c   Code   RO         4639    i.drv8301_read_reg  drv8301.o
    0x08019194   0x08019194   0x00000020   Code   RO         4641    i.drv8301_set_oc_adj  drv8301.o
    0x080191b4   0x080191b4   0x00000022   Code   RO         4642    i.drv8301_set_oc_mode  drv8301.o
    0x080191d6   0x080191d6   0x00000002   PAD
    0x080191d8   0x080191d8   0x0000002c   Code   RO         4643    i.drv8301_write_reg  drv8301.o
    0x08019204   0x08019204   0x0000006c   Code   RO         1682    i.encoder_deinit    encoder.o
    0x08019270   0x08019270   0x0000000c   Code   RO         1683    i.encoder_index_found  encoder.o
    0x0801927c   0x0801927c   0x000000a8   Code   RO         1684    i.encoder_init_abi  encoder.o
    0x08019324   0x08019324   0x00000084   Code   RO         1685    i.encoder_init_as5047p_spi  encoder.o
    0x080193a8   0x080193a8   0x00000010   Code   RO         1686    i.encoder_is_configured  encoder.o
    0x080193b8   0x080193b8   0x0000004c   Code   RO         1687    i.encoder_read_deg  encoder.o
    0x08019404   0x08019404   0x00000070   Code   RO         1688    i.encoder_reset     encoder.o
    0x08019474   0x08019474   0x00000024   Code   RO         1689    i.encoder_set_counts  encoder.o
    0x08019498   0x08019498   0x000000dc   Code   RO         1690    i.encoder_tim_isr   encoder.o
    0x08019574   0x08019574   0x00000020   Code   RO         1623    i.filter_add_sample  digital_filter.o
    0x08019594   0x08019594   0x000000d8   Code   RO         1624    i.filter_create_fir_lowpass  digital_filter.o
    0x0801966c   0x0801966c   0x000001a4   Code   RO         1626    i.filter_fft        digital_filter.o
    0x08019810   0x08019810   0x000000e0   Code   RO         1628    i.filter_hamming    digital_filter.o
    0x080198f0   0x080198f0   0x0000004c   Code   RO         1629    i.filter_run_fir_iteration  digital_filter.o
    0x0801993c   0x0801993c   0x00000074   Code   RO         1756    i.flash_helper_erase_new_app  flash_helper.o
    0x080199b0   0x080199b0   0x0000002c   Code   RO         1757    i.flash_helper_get_sector_address  flash_helper.o
    0x080199dc   0x080199dc   0x00000088   Code   RO         1758    i.flash_helper_jump_to_bootloader  flash_helper.o
    0x08019a64   0x08019a64   0x0000005e   Code   RO         1759    i.flash_helper_write_new_app_data  flash_helper.o
    0x08019ac2   0x08019ac2   0x00000002   PAD
    0x08019ac4   0x08019ac4   0x00000050   Code   RO        11570    i.free              mc_w.l(malloc.o)
    0x08019b14   0x08019b14   0x0000008c   Code   RO         2504    i.full_brake_ll     mcpwm.o
    0x08019ba0   0x08019ba0   0x0000000a   Code   RO         7674    i.get               serial_usb.o
    0x08019baa   0x08019baa   0x00000002   PAD
    0x08019bac   0x08019bac   0x00000030   Code   RO         1079    i.get_descriptor    comm_usb_serial.o
    0x08019bdc   0x08019bdc   0x00000006   Code   RO         7675    i.gett              serial_usb.o
    0x08019be2   0x08019be2   0x00000002   PAD
    0x08019be4   0x08019be4   0x00000038   Code   RO         7221    i.halInit           hal.o
    0x08019c1c   0x08019c1c   0x00000074   Code   RO        10146    i.hal_lld_init      hal_lld.o
    0x08019c90   0x08019c90   0x00000150   Code   RO         4576    i.hw_init_gpio      hw_60.o
    0x08019de0   0x08019de0   0x00000138   Code   RO         4577    i.hw_setup_adc_channels  hw_60.o
    0x08019f18   0x08019f18   0x00000050   Code   RO         4578    i.hw_start_i2c      hw_60.o
    0x08019f68   0x08019f68   0x00000048   Code   RO         4579    i.hw_stop_i2c       hw_60.o
    0x08019fb0   0x08019fb0   0x000000c8   Code   RO         4580    i.hw_try_restore_i2c  hw_60.o
    0x0801a078   0x0801a078   0x00000006   Code   RO         7284    i.i2cAcquireBus     i2c.o
    0x0801a07e   0x0801a07e   0x00000004   Code   RO         7286    i.i2cInit           i2c.o
    0x0801a082   0x0801a082   0x00000034   Code   RO         7287    i.i2cMasterReceiveTimeout  i2c.o
    0x0801a0b6   0x0801a0b6   0x0000003e   Code   RO         7288    i.i2cMasterTransmitTimeout  i2c.o
    0x0801a0f4   0x0801a0f4   0x00000010   Code   RO         7289    i.i2cObjectInit     i2c.o
    0x0801a104   0x0801a104   0x00000006   Code   RO         7290    i.i2cReleaseBus     i2c.o
    0x0801a10a   0x0801a10a   0x0000001e   Code   RO         7291    i.i2cStart          i2c.o
    0x0801a128   0x0801a128   0x0000001a   Code   RO         7292    i.i2cStop           i2c.o
    0x0801a142   0x0801a142   0x00000002   PAD
    0x0801a144   0x0801a144   0x00000028   Code   RO        10579    i.i2c_lld_init      i2c_lld.o
    0x0801a16c   0x0801a16c   0x0000008c   Code   RO        10580    i.i2c_lld_master_receive_timeout  i2c_lld.o
    0x0801a1f8   0x0801a1f8   0x000000b4   Code   RO        10581    i.i2c_lld_master_transmit_timeout  i2c_lld.o
    0x0801a2ac   0x0801a2ac   0x00000074   Code   RO        10582    i.i2c_lld_serve_rx_end_irq  i2c_lld.o
    0x0801a320   0x0801a320   0x0000004c   Code   RO        10583    i.i2c_lld_serve_tx_end_irq  i2c_lld.o
    0x0801a36c   0x0801a36c   0x00000168   Code   RO        10584    i.i2c_lld_start     i2c_lld.o
    0x0801a4d4   0x0801a4d4   0x00000098   Code   RO        10585    i.i2c_lld_stop      i2c_lld.o
    0x0801a56c   0x0801a56c   0x00000014   Code   RO         7411    i.icuEnableNotifications  icu.o
    0x0801a580   0x0801a580   0x00000004   Code   RO         7412    i.icuInit           icu.o
    0x0801a584   0x0801a584   0x0000000a   Code   RO         7413    i.icuObjectInit     icu.o
    0x0801a58e   0x0801a58e   0x0000001e   Code   RO         7414    i.icuStart          icu.o
    0x0801a5ac   0x0801a5ac   0x0000001a   Code   RO         7415    i.icuStartCapture   icu.o
    0x0801a5c6   0x0801a5c6   0x0000001a   Code   RO         7416    i.icuStop           icu.o
    0x0801a5e0   0x0801a5e0   0x00000044   Code   RO        10991    i.icu_lld_enable_notifications  icu_lld.o
    0x0801a624   0x0801a624   0x00000018   Code   RO        10992    i.icu_lld_init      icu_lld.o
    0x0801a63c   0x0801a63c   0x000000e0   Code   RO        10993    i.icu_lld_start     icu_lld.o
    0x0801a71c   0x0801a71c   0x00000018   Code   RO        10994    i.icu_lld_start_capture  icu_lld.o
    0x0801a734   0x0801a734   0x0000003c   Code   RO        10995    i.icu_lld_stop      icu_lld.o
    0x0801a770   0x0801a770   0x00000002   Code   RO         3308    i.icuperiodcb       servo_dec.o
    0x0801a772   0x0801a772   0x00000002   PAD
    0x0801a774   0x0801a774   0x00000128   Code   RO         3309    i.icuwidthcb        servo_dec.o
    0x0801a89c   0x0801a89c   0x0000001e   Code   RO        10544    i.initgpio          pal_lld.o
    0x0801a8ba   0x0801a8ba   0x00000078   Code   RO         7676    i.inotify           serial_usb.o
    0x0801a932   0x0801a932   0x00000002   PAD
    0x0801a934   0x0801a934   0x0000000c   Code   RO         1936    i.led_external_set_reversed  led_external.o
    0x0801a940   0x0801a940   0x0000000c   Code   RO         1937    i.led_external_set_state  led_external.o
    0x0801a94c   0x0801a94c   0x00000064   Code   RO         2072    i.ledpwm_init       ledpwm.o
    0x0801a9b0   0x0801a9b0   0x0000004c   Code   RO         2075    i.ledpwm_set_intensity  ledpwm.o
    0x0801a9fc   0x0801a9fc   0x00000054   Code   RO         2076    i.ledpwm_update_pwm  ledpwm.o
    0x0801aa50   0x0801aa50   0x00000160   Code   RO            6    i.main              main.o
    0x0801abb0   0x0801abb0   0x0000006c   Code   RO        11571    i.malloc            mc_w.l(malloc.o)
    0x0801ac1c   0x0801ac1c   0x00000014   Code   RO         2123    i.mc_interface_adc_inj_int_handler  mc_interface.o
    0x0801ac30   0x0801ac30   0x00000248   Code   RO         2126    i.mc_interface_fault_stop  mc_interface.o
    0x0801ae78   0x0801ae78   0x000000e8   Code   RO         2127    i.mc_interface_fault_to_string  mc_interface.o
    0x0801af60   0x0801af60   0x00000028   Code   RO         2128    i.mc_interface_get_amp_hours  mc_interface.o
    0x0801af88   0x0801af88   0x00000028   Code   RO         2129    i.mc_interface_get_amp_hours_charged  mc_interface.o
    0x0801afb0   0x0801afb0   0x00000008   Code   RO         2130    i.mc_interface_get_configuration  mc_interface.o
    0x0801afb8   0x0801afb8   0x00000040   Code   RO         2131    i.mc_interface_get_duty_cycle_now  mc_interface.o
    0x0801aff8   0x0801aff8   0x0000000c   Code   RO         2133    i.mc_interface_get_fault  mc_interface.o
    0x0801b004   0x0801b004   0x00000028   Code   RO         2134    i.mc_interface_get_last_inj_adc_isr_duration  mc_interface.o
    0x0801b02c   0x0801b02c   0x0000000c   Code   RO         2135    i.mc_interface_get_last_sample_adc_isr_duration  mc_interface.o
    0x0801b038   0x0801b038   0x0000005c   Code   RO         2136    i.mc_interface_get_pid_pos_now  mc_interface.o
    0x0801b094   0x0801b094   0x0000000c   Code   RO         2137    i.mc_interface_get_pid_pos_set  mc_interface.o
    0x0801b0a0   0x0801b0a0   0x00000040   Code   RO         2138    i.mc_interface_get_rpm  mc_interface.o
    0x0801b0e0   0x0801b0e0   0x00000020   Code   RO         2140    i.mc_interface_get_state  mc_interface.o
    0x0801b100   0x0801b100   0x00000028   Code   RO         2141    i.mc_interface_get_tachometer_abs_value  mc_interface.o
    0x0801b128   0x0801b128   0x00000050   Code   RO         2142    i.mc_interface_get_tachometer_value  mc_interface.o
    0x0801b178   0x0801b178   0x00000028   Code   RO         2143    i.mc_interface_get_tot_current  mc_interface.o
    0x0801b1a0   0x0801b1a0   0x00000040   Code   RO         2144    i.mc_interface_get_tot_current_directional  mc_interface.o
    0x0801b1e0   0x0801b1e0   0x00000040   Code   RO         2145    i.mc_interface_get_tot_current_directional_filtered  mc_interface.o
    0x0801b220   0x0801b220   0x00000028   Code   RO         2149    i.mc_interface_get_watt_hours  mc_interface.o
    0x0801b248   0x0801b248   0x00000028   Code   RO         2150    i.mc_interface_get_watt_hours_charged  mc_interface.o
    0x0801b270   0x0801b270   0x00000480   Code   RO         2151    i.mc_interface_init  mc_interface.o
    0x0801b6f0   0x0801b6f0   0x0000000c   Code   RO         2152    i.mc_interface_lock  mc_interface.o
    0x0801b6fc   0x0801b6fc   0x0000000c   Code   RO         2153    i.mc_interface_lock_override_once  mc_interface.o
    0x0801b708   0x0801b708   0x000005c4   Code   RO         2154    i.mc_interface_mc_timer_isr  mc_interface.o
    0x0801bccc   0x0801bccc   0x00000040   Code   RO         2155    i.mc_interface_read_reset_avg_id  mc_interface.o
    0x0801bd0c   0x0801bd0c   0x00000024   Code   RO         2156    i.mc_interface_read_reset_avg_input_current  mc_interface.o
    0x0801bd30   0x0801bd30   0x00000040   Code   RO         2157    i.mc_interface_read_reset_avg_iq  mc_interface.o
    0x0801bd70   0x0801bd70   0x00000024   Code   RO         2158    i.mc_interface_read_reset_avg_motor_current  mc_interface.o
    0x0801bd94   0x0801bd94   0x0000000c   Code   RO         2159    i.mc_interface_release_motor  mc_interface.o
    0x0801bda0   0x0801bda0   0x00000034   Code   RO         2160    i.mc_interface_sample_print_data  mc_interface.o
    0x0801bdd4   0x0801bdd4   0x00000074   Code   RO         2161    i.mc_interface_set_brake_current  mc_interface.o
    0x0801be48   0x0801be48   0x00000078   Code   RO         2162    i.mc_interface_set_brake_current_rel  mc_interface.o
    0x0801bec0   0x0801bec0   0x00000b58   Code   RO         2163    i.mc_interface_set_configuration  mc_interface.o
    0x0801ca18   0x0801ca18   0x00000074   Code   RO         2164    i.mc_interface_set_current  mc_interface.o
    0x0801ca8c   0x0801ca8c   0x0000002c   Code   RO         2165    i.mc_interface_set_current_rel  mc_interface.o
    0x0801cab8   0x0801cab8   0x00000074   Code   RO         2166    i.mc_interface_set_duty  mc_interface.o
    0x0801cb2c   0x0801cb2c   0x00000054   Code   RO         2168    i.mc_interface_set_handbrake  mc_interface.o
    0x0801cb80   0x0801cb80   0x0000005c   Code   RO         2169    i.mc_interface_set_handbrake_rel  mc_interface.o
    0x0801cbdc   0x0801cbdc   0x0000006c   Code   RO         2170    i.mc_interface_set_pid_pos  mc_interface.o
    0x0801cc48   0x0801cc48   0x00000074   Code   RO         2171    i.mc_interface_set_pid_speed  mc_interface.o
    0x0801ccbc   0x0801ccbc   0x0000000c   Code   RO         2173    i.mc_interface_temp_fet_filtered  mc_interface.o
    0x0801ccc8   0x0801ccc8   0x0000000c   Code   RO         2174    i.mc_interface_temp_motor_filtered  mc_interface.o
    0x0801ccd4   0x0801ccd4   0x00000070   Code   RO         2175    i.mc_interface_try_input  mc_interface.o
    0x0801cd44   0x0801cd44   0x0000000c   Code   RO         2176    i.mc_interface_unlock  mc_interface.o
    0x0801cd50   0x0801cd50   0x00000454   Code   RO         2505    i.mcpwm_adc_inj_int_handler  mcpwm.o
    0x0801d1a4   0x0801d1a4   0x00000a7c   Code   RO         2506    i.mcpwm_adc_int_handler  mcpwm.o
    0x0801dc20   0x0801dc20   0x00000074   Code   RO         2507    i.mcpwm_deinit      mcpwm.o
    0x0801dc94   0x0801dc94   0x00000d8c   Code   RO         2863    i.mcpwm_foc_adc_int_handler  mcpwm_foc.o
    0x0801ea20   0x0801ea20   0x00000064   Code   RO         2864    i.mcpwm_foc_deinit  mcpwm_foc.o
    0x0801ea84   0x0801ea84   0x0000055c   Code   RO         2865    i.mcpwm_foc_encoder_detect  mcpwm_foc.o
    0x0801efe0   0x0801efe0   0x0000000c   Code   RO         2866    i.mcpwm_foc_get_abs_motor_current  mcpwm_foc.o
    0x0801efec   0x0801efec   0x0000000c   Code   RO         2867    i.mcpwm_foc_get_abs_motor_current_filtered  mcpwm_foc.o
    0x0801eff8   0x0801eff8   0x0000000c   Code   RO         2869    i.mcpwm_foc_get_duty_cycle_now  mcpwm_foc.o
    0x0801f004   0x0801f004   0x0000000c   Code   RO         2871    i.mcpwm_foc_get_id  mcpwm_foc.o
    0x0801f010   0x0801f010   0x0000000c   Code   RO         2872    i.mcpwm_foc_get_iq  mcpwm_foc.o
    0x0801f01c   0x0801f01c   0x0000000c   Code   RO         2873    i.mcpwm_foc_get_last_inj_adc_isr_duration  mcpwm_foc.o
    0x0801f028   0x0801f028   0x00000028   Code   RO         2874    i.mcpwm_foc_get_phase  mcpwm_foc.o
    0x0801f050   0x0801f050   0x00000028   Code   RO         2875    i.mcpwm_foc_get_phase_encoder  mcpwm_foc.o
    0x0801f078   0x0801f078   0x00000028   Code   RO         2876    i.mcpwm_foc_get_phase_observer  mcpwm_foc.o
    0x0801f0a0   0x0801f0a0   0x0000000c   Code   RO         2877    i.mcpwm_foc_get_pid_pos_now  mcpwm_foc.o
    0x0801f0ac   0x0801f0ac   0x00000018   Code   RO         2879    i.mcpwm_foc_get_rpm  mcpwm_foc.o
    0x0801f0c4   0x0801f0c4   0x00000020   Code   RO         2880    i.mcpwm_foc_get_sampling_frequency_now  mcpwm_foc.o
    0x0801f0e4   0x0801f0e4   0x0000000c   Code   RO         2881    i.mcpwm_foc_get_state  mcpwm_foc.o
    0x0801f0f0   0x0801f0f0   0x00000018   Code   RO         2883    i.mcpwm_foc_get_tachometer_abs_value  mcpwm_foc.o
    0x0801f108   0x0801f108   0x00000018   Code   RO         2884    i.mcpwm_foc_get_tachometer_value  mcpwm_foc.o
    0x0801f120   0x0801f120   0x0000002c   Code   RO         2885    i.mcpwm_foc_get_tot_current  mcpwm_foc.o
    0x0801f14c   0x0801f14c   0x0000000c   Code   RO         2886    i.mcpwm_foc_get_tot_current_directional  mcpwm_foc.o
    0x0801f158   0x0801f158   0x0000000c   Code   RO         2887    i.mcpwm_foc_get_tot_current_directional_filtered  mcpwm_foc.o
    0x0801f164   0x0801f164   0x0000002c   Code   RO         2888    i.mcpwm_foc_get_tot_current_filtered  mcpwm_foc.o
    0x0801f190   0x0801f190   0x0000000c   Code   RO         2890    i.mcpwm_foc_get_tot_current_in_filtered  mcpwm_foc.o
    0x0801f19c   0x0801f19c   0x0000000c   Code   RO         2892    i.mcpwm_foc_get_vq  mcpwm_foc.o
    0x0801f1a8   0x0801f1a8   0x00000320   Code   RO         2893    i.mcpwm_foc_hall_detect  mcpwm_foc.o
    0x0801f4c8   0x0801f4c8   0x00000478   Code   RO         2894    i.mcpwm_foc_init    mcpwm_foc.o
    0x0801f940   0x0801f940   0x0000000c   Code   RO         2895    i.mcpwm_foc_init_done  mcpwm_foc.o
    0x0801f94c   0x0801f94c   0x0000000c   Code   RO         2896    i.mcpwm_foc_is_dccal_done  mcpwm_foc.o
    0x0801f958   0x0801f958   0x00000118   Code   RO         2897    i.mcpwm_foc_measure_inductance  mcpwm_foc.o
    0x0801fa70   0x0801fa70   0x000001f8   Code   RO         2898    i.mcpwm_foc_measure_res_ind  mcpwm_foc.o
    0x0801fc68   0x0801fc68   0x000000f8   Code   RO         2899    i.mcpwm_foc_measure_resistance  mcpwm_foc.o
    0x0801fd60   0x0801fd60   0x00000350   Code   RO         2900    i.mcpwm_foc_print_state  mcpwm_foc.o
    0x080200b0   0x080200b0   0x0000003c   Code   RO         2901    i.mcpwm_foc_set_brake_current  mcpwm_foc.o
    0x080200ec   0x080200ec   0x00000068   Code   RO         2902    i.mcpwm_foc_set_configuration  mcpwm_foc.o
    0x08020154   0x08020154   0x00000038   Code   RO         2903    i.mcpwm_foc_set_current  mcpwm_foc.o
    0x0802018c   0x0802018c   0x0000001c   Code   RO         2904    i.mcpwm_foc_set_duty  mcpwm_foc.o
    0x080201a8   0x080201a8   0x0000003c   Code   RO         2906    i.mcpwm_foc_set_handbrake  mcpwm_foc.o
    0x080201e4   0x080201e4   0x00000080   Code   RO         2907    i.mcpwm_foc_set_openloop  mcpwm_foc.o
    0x08020264   0x08020264   0x0000001c   Code   RO         2908    i.mcpwm_foc_set_pid_pos  mcpwm_foc.o
    0x08020280   0x08020280   0x0000001c   Code   RO         2909    i.mcpwm_foc_set_pid_speed  mcpwm_foc.o
    0x0802029c   0x0802029c   0x0000003c   Code   RO         2910    i.mcpwm_foc_stop_pwm  mcpwm_foc.o
    0x080202d8   0x080202d8   0x0000001c   Code   RO         2911    i.mcpwm_foc_tim_sample_int_handler  mcpwm_foc.o
    0x080202f4   0x080202f4   0x0000000c   Code   RO         2509    i.mcpwm_get_comm_step  mcpwm.o
    0x08020300   0x08020300   0x00000114   Code   RO         2510    i.mcpwm_get_detect_pos  mcpwm.o
    0x08020414   0x08020414   0x0000000c   Code   RO         2511    i.mcpwm_get_duty_cycle_now  mcpwm.o
    0x08020420   0x08020420   0x000000a0   Code   RO         2513    i.mcpwm_get_hall_detect_result  mcpwm.o
    0x080204c0   0x080204c0   0x00000018   Code   RO         2515    i.mcpwm_get_kv_filtered  mcpwm.o
    0x080204d8   0x080204d8   0x0000000c   Code   RO         2516    i.mcpwm_get_last_adc_isr_duration  mcpwm.o
    0x080204e4   0x080204e4   0x0000000c   Code   RO         2517    i.mcpwm_get_last_inj_adc_isr_duration  mcpwm.o
    0x080204f0   0x080204f0   0x00000018   Code   RO         2518    i.mcpwm_get_rpm     mcpwm.o
    0x08020508   0x08020508   0x00000038   Code   RO         2519    i.mcpwm_get_rpm_dep  mcpwm.o
    0x08020540   0x08020540   0x0000000c   Code   RO         2520    i.mcpwm_get_state   mcpwm.o
    0x0802054c   0x0802054c   0x0000000c   Code   RO         2521    i.mcpwm_get_switching_frequency_now  mcpwm.o
    0x08020558   0x08020558   0x00000014   Code   RO         2522    i.mcpwm_get_tachometer_abs_value  mcpwm.o
    0x0802056c   0x0802056c   0x00000014   Code   RO         2523    i.mcpwm_get_tachometer_value  mcpwm.o
    0x08020580   0x08020580   0x0000000c   Code   RO         2524    i.mcpwm_get_tot_current  mcpwm.o
    0x0802058c   0x0802058c   0x00000020   Code   RO         2525    i.mcpwm_get_tot_current_directional  mcpwm.o
    0x080205ac   0x080205ac   0x00000020   Code   RO         2526    i.mcpwm_get_tot_current_directional_filtered  mcpwm.o
    0x080205cc   0x080205cc   0x0000000c   Code   RO         2527    i.mcpwm_get_tot_current_filtered  mcpwm.o
    0x080205d8   0x080205d8   0x00000018   Code   RO         2529    i.mcpwm_get_tot_current_in_filtered  mcpwm.o
    0x080205f0   0x080205f0   0x000005b8   Code   RO         2530    i.mcpwm_init        mcpwm.o
    0x08020ba8   0x08020ba8   0x0000000c   Code   RO         2531    i.mcpwm_init_done   mcpwm.o
    0x08020bb4   0x08020bb4   0x0000003c   Code   RO         2532    i.mcpwm_init_hall_table  mcpwm.o
    0x08020bf0   0x08020bf0   0x0000000c   Code   RO         2533    i.mcpwm_is_dccal_done  mcpwm.o
    0x08020bfc   0x08020bfc   0x0000003c   Code   RO         2534    i.mcpwm_read_hall_phase  mcpwm.o
    0x08020c38   0x08020c38   0x00000024   Code   RO         2535    i.mcpwm_read_reset_avg_cycle_integrator  mcpwm.o
    0x08020c5c   0x08020c5c   0x0000000c   Code   RO         2536    i.mcpwm_reset_hall_detect_table  mcpwm.o
    0x08020c68   0x08020c68   0x000000c4   Code   RO         2537    i.mcpwm_set_brake_current  mcpwm.o
    0x08020d2c   0x08020d2c   0x00000040   Code   RO         2539    i.mcpwm_set_configuration  mcpwm.o
    0x08020d6c   0x08020d6c   0x00000098   Code   RO         2540    i.mcpwm_set_current  mcpwm.o
    0x08020e04   0x08020e04   0x00000068   Code   RO         2541    i.mcpwm_set_detect  mcpwm.o
    0x08020e6c   0x08020e6c   0x00000010   Code   RO         2542    i.mcpwm_set_duty    mcpwm.o
    0x08020e7c   0x08020e7c   0x00000028   Code   RO         2544    i.mcpwm_set_pid_pos  mcpwm.o
    0x08020ea4   0x08020ea4   0x00000014   Code   RO         2545    i.mcpwm_set_pid_speed  mcpwm.o
    0x08020eb8   0x08020eb8   0x0000001c   Code   RO         2546    i.mcpwm_stop_pwm    mcpwm.o
    0x08020ed4   0x08020ed4   0x0000000c   Code   RO         2547    i.mcpwm_switch_comm_mode  mcpwm.o
    0x08020ee0   0x08020ee0   0x00000094   Code   RO         4771    i.nrf_driver_init   nrf_driver.o
    0x08020f74   0x08020f74   0x0000013c   Code   RO         4772    i.nrf_driver_send_buffer  nrf_driver.o
    0x080210b0   0x080210b0   0x00000084   Code   RO         4773    i.nrf_driver_start_pairing  nrf_driver.o
    0x08021134   0x08021134   0x0000003c   Code   RO         4774    i.nrf_driver_stop   nrf_driver.o
    0x08021170   0x08021170   0x00000022   Code   RO        10068    i.nvicDisableVector  nvic.o
    0x08021192   0x08021192   0x00000024   Code   RO        10069    i.nvicEnableVector  nvic.o
    0x080211b6   0x080211b6   0x0000000c   Code   RO        10070    i.nvicSetSystemHandlerPriority  nvic.o
    0x080211c2   0x080211c2   0x00000002   PAD
    0x080211c4   0x080211c4   0x000001f0   Code   RO         2912    i.observer_update   mcpwm_foc.o
    0x080213b4   0x080213b4   0x0000005c   Code   RO         7677    i.onotify           serial_usb.o
    0x08021410   0x08021410   0x00000076   Code   RO        10663    i.otg_disable_ep    usb_lld.o
    0x08021486   0x08021486   0x00000102   Code   RO        10664    i.otg_epin_handler  usb_lld.o
    0x08021588   0x08021588   0x000000ca   Code   RO        10665    i.otg_epout_handler  usb_lld.o
    0x08021652   0x08021652   0x00000002   PAD
    0x08021654   0x08021654   0x0000062c   Code   RO         4102    i.output_thread     app_nunchuk.o
    0x08021c80   0x08021c80   0x00000014   Code   RO         3273    i.packet_init       packet.o
    0x08021c94   0x08021c94   0x000000d0   Code   RO         3274    i.packet_process_byte  packet.o
    0x08021d64   0x08021d64   0x00000064   Code   RO         4342    i.packet_process_thread  app_uartcomm.o
    0x08021dc8   0x08021dc8   0x0000008c   Code   RO         3275    i.packet_send_packet  packet.o
    0x08021e54   0x08021e54   0x00000034   Code   RO         3276    i.packet_timerfunc  packet.o
    0x08021e88   0x08021e88   0x00000120   Code   RO            7    i.periodic_thread   main.o
    0x08021fa8   0x08021fa8   0x0000051a   Code   RO         4179    i.ppm_thread        app_ppm.o
    0x080224c2   0x080224c2   0x00000002   PAD
    0x080224c4   0x080224c4   0x0000001c   Code   RO         1016    i.process_packet    comm_usb.o
    0x080224e0   0x080224e0   0x0000001c   Code   RO         4343    i.process_packet    app_uartcomm.o
    0x080224fc   0x080224fc   0x0000000a   Code   RO         7678    i.put               serial_usb.o
    0x08022506   0x08022506   0x00000006   Code   RO         7679    i.putt              serial_usb.o
    0x0802250c   0x0802250c   0x0000000a   Code   RO         7680    i.read              serial_usb.o
    0x08022516   0x08022516   0x00000002   PAD
    0x08022518   0x08022518   0x0000006c   Code   RO         2913    i.read_hall         mcpwm_foc.o
    0x08022584   0x08022584   0x00000006   Code   RO         7681    i.readt             serial_usb.o
    0x0802258a   0x0802258a   0x00000008   Code   RO         4862    i.rf_clear_irq      rf.o
    0x08022592   0x08022592   0x00000008   Code   RO         4863    i.rf_clear_maxrt_irq  rf.o
    0x0802259a   0x0802259a   0x00000008   Code   RO         4864    i.rf_clear_rx_irq   rf.o
    0x080225a2   0x080225a2   0x00000020   Code   RO         4866    i.rf_enable_features  rf.o
    0x080225c2   0x080225c2   0x00000020   Code   RO         4867    i.rf_enable_pipe_address  rf.o
    0x080225e2   0x080225e2   0x00000020   Code   RO         4868    i.rf_enable_pipe_autoack  rf.o
    0x08022602   0x08022602   0x00000020   Code   RO         4869    i.rf_enable_pipe_dlp  rf.o
    0x08022622   0x08022622   0x00000034   Code   RO         4871    i.rf_flush_all      rf.o
    0x08022656   0x08022656   0x0000002e   Code   RO         4876    i.rf_get_payload_width  rf.o
    0x08022684   0x08022684   0x00000004   Code   RO         4877    i.rf_init           rf.o
    0x08022688   0x08022688   0x0000001e   Code   RO         4878    i.rf_mode_rx        rf.o
    0x080226a6   0x080226a6   0x0000001e   Code   RO         4879    i.rf_mode_tx        rf.o
    0x080226c4   0x080226c4   0x0000001e   Code   RO         4880    i.rf_power_down     rf.o
    0x080226e2   0x080226e2   0x0000001e   Code   RO         4881    i.rf_power_up       rf.o
    0x08022700   0x08022700   0x00000028   Code   RO         4882    i.rf_read_reg       rf.o
    0x08022728   0x08022728   0x00000030   Code   RO         4883    i.rf_read_reg_byte  rf.o
    0x08022758   0x08022758   0x0000002a   Code   RO         4884    i.rf_read_rx_payload  rf.o
    0x08022782   0x08022782   0x0000000a   Code   RO         4886    i.rf_set_address_width  rf.o
    0x0802278c   0x0802278c   0x00000032   Code   RO         4887    i.rf_set_crc_type   rf.o
    0x080227be   0x080227be   0x0000000e   Code   RO         4888    i.rf_set_frequency  rf.o
    0x080227cc   0x080227cc   0x00000032   Code   RO         4889    i.rf_set_power      rf.o
    0x080227fe   0x080227fe   0x00000026   Code   RO         4890    i.rf_set_retr_delay  rf.o
    0x08022824   0x08022824   0x00000024   Code   RO         4891    i.rf_set_retr_retries  rf.o
    0x08022848   0x08022848   0x0000002e   Code   RO         4892    i.rf_set_rx_addr    rf.o
    0x08022876   0x08022876   0x00000032   Code   RO         4893    i.rf_set_speed      rf.o
    0x080228a8   0x080228a8   0x0000002a   Code   RO         4894    i.rf_set_tx_addr    rf.o
    0x080228d2   0x080228d2   0x00000020   Code   RO         4895    i.rf_status         rf.o
    0x080228f2   0x080228f2   0x00000004   Code   RO         4896    i.rf_stop           rf.o
    0x080228f6   0x080228f6   0x0000002c   Code   RO         4898    i.rf_write_reg      rf.o
    0x08022922   0x08022922   0x00000030   Code   RO         4899    i.rf_write_reg_byte  rf.o
    0x08022952   0x08022952   0x0000002a   Code   RO         4900    i.rf_write_tx_payload  rf.o
    0x0802297c   0x0802297c   0x0000002a   Code   RO         4901    i.rf_write_tx_payload_no_ack  rf.o
    0x080229a6   0x080229a6   0x00000002   PAD
    0x080229a8   0x080229a8   0x000000c0   Code   RO         5118    i.rfhelp_init       rfhelp.o
    0x08022a68   0x08022a68   0x0000001c   Code   RO         5120    i.rfhelp_power_up   rfhelp.o
    0x08022a84   0x08022a84   0x00000090   Code   RO         5122    i.rfhelp_read_rx_data_crc  rfhelp.o
    0x08022b14   0x08022b14   0x000000c0   Code   RO         5123    i.rfhelp_restart    rfhelp.o
    0x08022bd4   0x08022bd4   0x000000a0   Code   RO         5125    i.rfhelp_send_data  rfhelp.o
    0x08022c74   0x08022c74   0x0000004c   Code   RO         5126    i.rfhelp_send_data_crc  rfhelp.o
    0x08022cc0   0x08022cc0   0x00000014   Code   RO         5129    i.rfhelp_stop       rfhelp.o
    0x08022cd4   0x08022cd4   0x00000028   Code   RO         5130    i.rfhelp_update_conf  rfhelp.o
    0x08022cfc   0x08022cfc   0x00000370   Code   RO         2548    i.rpm_thread        mcpwm.o
    0x0802306c   0x0802306c   0x00000278   Code   RO         4775    i.rx_thread         nrf_driver.o
    0x080232e4   0x080232e4   0x00000034   Code   RO         4344    i.rxchar            app_uartcomm.o
    0x08023318   0x08023318   0x00000002   Code   RO         4345    i.rxend             app_uartcomm.o
    0x0802331a   0x0802331a   0x00000002   Code   RO         4346    i.rxerr             app_uartcomm.o
    0x0802331c   0x0802331c   0x000001ec   Code   RO         2177    i.sample_send_thread  mc_interface.o
    0x08023508   0x08023508   0x0000004a   Code   RO         7682    i.sduConfigureHookI  serial_usb.o
    0x08023552   0x08023552   0x00000066   Code   RO         7683    i.sduDataReceived   serial_usb.o
    0x080235b8   0x080235b8   0x0000008c   Code   RO         7684    i.sduDataTransmitted  serial_usb.o
    0x08023644   0x08023644   0x00000002   Code   RO         7685    i.sduInit           serial_usb.o
    0x08023646   0x08023646   0x00000002   Code   RO         7686    i.sduInterruptTransmitted  serial_usb.o
    0x08023648   0x08023648   0x00000044   Code   RO         7687    i.sduObjectInit     serial_usb.o
    0x0802368c   0x0802368c   0x00000048   Code   RO         7688    i.sduRequestsHook   serial_usb.o
    0x080236d4   0x080236d4   0x00000034   Code   RO         7689    i.sduStart          serial_usb.o
    0x08023708   0x08023708   0x00000014   Code   RO         1017    i.send_packet       comm_usb.o
    0x0802371c   0x0802371c   0x0000003c   Code   RO         4347    i.send_packet       app_uartcomm.o
    0x08023758   0x08023758   0x00000014   Code   RO          550    i.send_packet_wrapper  comm_can.o
    0x0802376c   0x0802376c   0x00000024   Code   RO         1018    i.send_packet_wrapper  comm_usb.o
    0x08023790   0x08023790   0x00000006   Code   RO         4348    i.send_packet_wrapper  app_uartcomm.o
    0x08023796   0x08023796   0x00000002   PAD
    0x08023798   0x08023798   0x00000064   Code   RO         1019    i.serial_process_thread  comm_usb.o
    0x080237fc   0x080237fc   0x0000007c   Code   RO         1020    i.serial_read_thread  comm_usb.o
    0x08023878   0x08023878   0x0000008a   Code   RO        11146    i.serve_usart_irq   uart_lld.o
    0x08023902   0x08023902   0x00000002   PAD
    0x08023904   0x08023904   0x00000024   Code   RO         4180    i.servodec_func     app_ppm.o
    0x08023928   0x08023928   0x00000020   Code   RO         3310    i.servodec_get_last_pulse_len  servo_dec.o
    0x08023948   0x08023948   0x00000020   Code   RO         3311    i.servodec_get_servo  servo_dec.o
    0x08023968   0x08023968   0x00000020   Code   RO         3312    i.servodec_get_time_since_update  servo_dec.o
    0x08023988   0x08023988   0x00000068   Code   RO         3313    i.servodec_init     servo_dec.o
    0x080239f0   0x080239f0   0x00000014   Code   RO         3314    i.servodec_set_pulse_options  servo_dec.o
    0x08023a04   0x08023a04   0x00000040   Code   RO         3315    i.servodec_stop     servo_dec.o
    0x08023a44   0x08023a44   0x000000f4   Code   RO         2549    i.set_duty_cycle_hl  mcpwm.o
    0x08023b38   0x08023b38   0x00000128   Code   RO         2550    i.set_duty_cycle_hw  mcpwm.o
    0x08023c60   0x08023c60   0x000001b8   Code   RO         2551    i.set_duty_cycle_ll  mcpwm.o
    0x08023e18   0x08023e18   0x000003c4   Code   RO         2552    i.set_next_comm_step  mcpwm.o
    0x080241dc   0x080241dc   0x0000003c   Code   RO         2553    i.set_next_timer_settings  mcpwm.o
    0x08024218   0x08024218   0x0000003a   Code   RO        11147    i.set_rx_idle_loop  uart_lld.o
    0x08024252   0x08024252   0x00000002   PAD
    0x08024254   0x08024254   0x00000064   Code   RO         2554    i.set_switching_frequency  mcpwm.o
    0x080242b8   0x080242b8   0x00000004   Code   RO         7842    i.spiInit           spi.o
    0x080242bc   0x080242bc   0x00000014   Code   RO         7843    i.spiObjectInit     spi.o
    0x080242d0   0x080242d0   0x000000c0   Code   RO         4644    i.spi_exchange      drv8301.o
    0x08024390   0x08024390   0x00000040   Code   RO        10874    i.spi_lld_init      spi_lld.o
    0x080243d0   0x080243d0   0x00000028   Code   RO         5216    i.spi_sw_begin      spi_sw.o
    0x080243f8   0x080243f8   0x0000004c   Code   RO         5217    i.spi_sw_change_pins  spi_sw.o
    0x08024444   0x08024444   0x00000028   Code   RO         5218    i.spi_sw_end        spi_sw.o
    0x0802446c   0x0802446c   0x00000064   Code   RO         5219    i.spi_sw_init       spi_sw.o
    0x080244d0   0x080244d0   0x0000004c   Code   RO         5220    i.spi_sw_stop       spi_sw.o
    0x0802451c   0x0802451c   0x000000fc   Code   RO         5221    i.spi_sw_transfer   spi_sw.o
    0x08024618   0x08024618   0x0000003e   Code   RO        11629    i.sqrtf             m_wm.l(sqrtf.o)
    0x08024656   0x08024656   0x00000004   Code   RO         7972    i.stInit            st.o
    0x0802465a   0x0802465a   0x0000001a   Code   RO        11094    i.st_lld_init       st_lld.o
    0x08024674   0x08024674   0x00000070   Code   RO         2914    i.start_pwm_hw      mcpwm_foc.o
    0x080246e4   0x080246e4   0x000000f0   Code   RO        10147    i.stm32_clock_init  hal_lld.o
    0x080247d4   0x080247d4   0x00000080   Code   RO         2555    i.stop_pwm_hw       mcpwm.o
    0x08024854   0x08024854   0x00000078   Code   RO         2915    i.stop_pwm_hw       mcpwm_foc.o
    0x080248cc   0x080248cc   0x00000078   Code   RO         3498    i.terminal_add_fault_data  terminal.o
    0x08024944   0x08024944   0x00000050   Code   RO         4103    i.terminal_cmd_nunchuk_status  app_nunchuk.o
    0x08024994   0x08024994   0x00000024   Code   RO         4645    i.terminal_print_faults  drv8301.o
    0x080249b8   0x080249b8   0x00002138   Code   RO         3499    i.terminal_process_string  terminal.o
    0x08026af0   0x08026af0   0x000000c0   Code   RO         4646    i.terminal_read_reg  drv8301.o
    0x08026bb0   0x08026bb0   0x00000068   Code   RO         3500    i.terminal_register_command_callback  terminal.o
    0x08026c18   0x08026c18   0x00000016   Code   RO         4647    i.terminal_reset_faults  drv8301.o
    0x08026c2e   0x08026c2e   0x00000002   PAD
    0x08026c30   0x08026c30   0x000000e4   Code   RO         4648    i.terminal_set_oc_adj  drv8301.o
    0x08026d14   0x08026d14   0x000000e8   Code   RO         4649    i.terminal_write_reg  drv8301.o
    0x08026dfc   0x08026dfc   0x00000010   Code   RO         3556    i.timeout_configure  timeout.o
    0x08026e0c   0x08026e0c   0x0000000c   Code   RO         3557    i.timeout_get_brake_current  timeout.o
    0x08026e18   0x08026e18   0x0000000c   Code   RO         3558    i.timeout_get_timeout_msec  timeout.o
    0x08026e24   0x08026e24   0x0000000c   Code   RO         3559    i.timeout_has_timeout  timeout.o
    0x08026e30   0x08026e30   0x0000003c   Code   RO         3560    i.timeout_init      timeout.o
    0x08026e6c   0x08026e6c   0x00000020   Code   RO         3561    i.timeout_reset     timeout.o
    0x08026e8c   0x08026e8c   0x00000064   Code   RO         3562    i.timeout_thread    timeout.o
    0x08026ef0   0x08026ef0   0x00000024   Code   RO            8    i.timer_thread      main.o
    0x08026f14   0x08026f14   0x00000064   Code   RO         2178    i.timer_thread      mc_interface.o
    0x08026f78   0x08026f78   0x00000228   Code   RO         2556    i.timer_thread      mcpwm.o
    0x080271a0   0x080271a0   0x000003a4   Code   RO         2916    i.timer_thread      mcpwm_foc.o
    0x08027544   0x08027544   0x00000060   Code   RO         4776    i.tx_thread         nrf_driver.o
    0x080275a4   0x080275a4   0x00000002   Code   RO         4349    i.txend1            app_uartcomm.o
    0x080275a6   0x080275a6   0x00000002   Code   RO         4350    i.txend2            app_uartcomm.o
    0x080275a8   0x080275a8   0x00000004   Code   RO         8025    i.uartInit          uart.o
    0x080275ac   0x080275ac   0x0000000e   Code   RO         8026    i.uartObjectInit    uart.o
    0x080275ba   0x080275ba   0x0000001e   Code   RO         8027    i.uartStart         uart.o
    0x080275d8   0x080275d8   0x0000001a   Code   RO         8030    i.uartStartSend     uart.o
    0x080275f2   0x080275f2   0x00000020   Code   RO         8032    i.uartStop          uart.o
    0x08027612   0x08027612   0x00000002   PAD
    0x08027614   0x08027614   0x00000048   Code   RO        11148    i.uart_lld_init     uart_lld.o
    0x0802765c   0x0802765c   0x0000007c   Code   RO        11149    i.uart_lld_serve_rx_end_irq  uart_lld.o
    0x080276d8   0x080276d8   0x0000005c   Code   RO        11150    i.uart_lld_serve_tx_end_irq  uart_lld.o
    0x08027734   0x08027734   0x00000128   Code   RO        11151    i.uart_lld_start    uart_lld.o
    0x0802785c   0x0802785c   0x0000003e   Code   RO        11153    i.uart_lld_start_send  uart_lld.o
    0x0802789a   0x0802789a   0x00000002   PAD
    0x0802789c   0x0802789c   0x00000060   Code   RO        11154    i.uart_lld_stop     uart_lld.o
    0x080278fc   0x080278fc   0x00000058   Code   RO         4181    i.update            app_ppm.o
    0x08027954   0x08027954   0x000001b8   Code   RO         2557    i.update_adc_sample_pos  mcpwm.o
    0x08027b0c   0x08027b0c   0x0000057a   Code   RO         2179    i.update_override_limits  mc_interface.o
    0x08028086   0x08028086   0x00000002   PAD
    0x08028088   0x08028088   0x0000007c   Code   RO         2558    i.update_rpm_tacho  mcpwm.o
    0x08028104   0x08028104   0x00000040   Code   RO         2559    i.update_sensor_mode  mcpwm.o
    0x08028144   0x08028144   0x00000098   Code   RO         2560    i.update_timer_attempt  mcpwm.o
    0x080281dc   0x080281dc   0x00000058   Code   RO        11157    i.usart_stop        uart_lld.o
    0x08028234   0x08028234   0x00000004   Code   RO         8132    i.usbInit           usb.o
    0x08028238   0x08028238   0x00000048   Code   RO         8133    i.usbInitEndpointI  usb.o
    0x08028280   0x08028280   0x0000001e   Code   RO         8134    i.usbObjectInit     usb.o
    0x0802829e   0x0802829e   0x00000024   Code   RO         8135    i.usbPrepareQueuedReceive  usb.o
    0x080282c2   0x080282c2   0x00000024   Code   RO         8136    i.usbPrepareQueuedTransmit  usb.o
    0x080282e6   0x080282e6   0x0000002c   Code   RO         8141    i.usbStart          usb.o
    0x08028312   0x08028312   0x0000001c   Code   RO         8142    i.usbStartReceiveI  usb.o
    0x0802832e   0x0802832e   0x0000001c   Code   RO         8143    i.usbStartTransmitI  usb.o
    0x0802834a   0x0802834a   0x0000001a   Code   RO         8144    i.usbStop           usb.o
    0x08028364   0x08028364   0x00000044   Code   RO         1080    i.usb_event         comm_usb_serial.o
    0x080283a8   0x080283a8   0x00000014   Code   RO        10666    i.usb_lld_clear_in  usb_lld.o
    0x080283bc   0x080283bc   0x00000014   Code   RO        10667    i.usb_lld_clear_out  usb_lld.o
    0x080283d0   0x080283d0   0x00000022   Code   RO        10669    i.usb_lld_get_status_in  usb_lld.o
    0x080283f2   0x080283f2   0x00000022   Code   RO        10670    i.usb_lld_get_status_out  usb_lld.o
    0x08028414   0x08028414   0x00000024   Code   RO        10671    i.usb_lld_init      usb_lld.o
    0x08028438   0x08028438   0x0000013c   Code   RO        10672    i.usb_lld_init_endpoint  usb_lld.o
    0x08028574   0x08028574   0x0000004e   Code   RO        10673    i.usb_lld_prepare_receive  usb_lld.o
    0x080285c2   0x080285c2   0x00000054   Code   RO        10674    i.usb_lld_prepare_transmit  usb_lld.o
    0x08028616   0x08028616   0x00000002   PAD
    0x08028618   0x08028618   0x00000330   Code   RO        10675    i.usb_lld_pump      usb_lld.o
    0x08028948   0x08028948   0x00000012   Code   RO        10676    i.usb_lld_read_setup  usb_lld.o
    0x0802895a   0x0802895a   0x00000002   PAD
    0x0802895c   0x0802895c   0x000000c0   Code   RO        10677    i.usb_lld_reset     usb_lld.o
    0x08028a1c   0x08028a1c   0x00000018   Code   RO        10678    i.usb_lld_set_address  usb_lld.o
    0x08028a34   0x08028a34   0x00000014   Code   RO        10679    i.usb_lld_stall_in  usb_lld.o
    0x08028a48   0x08028a48   0x00000014   Code   RO        10680    i.usb_lld_stall_out  usb_lld.o
    0x08028a5c   0x08028a5c   0x000000dc   Code   RO        10681    i.usb_lld_start     usb_lld.o
    0x08028b38   0x08028b38   0x0000002a   Code   RO        10682    i.usb_lld_start_in  usb_lld.o
    0x08028b62   0x08028b62   0x00000014   Code   RO        10683    i.usb_lld_start_out  usb_lld.o
    0x08028b76   0x08028b76   0x00000002   PAD
    0x08028b78   0x08028b78   0x00000044   Code   RO        10684    i.usb_lld_stop      usb_lld.o
    0x08028bbc   0x08028bbc   0x00000044   Code   RO         3622    i.utils_angle_difference  utils.o
    0x08028c00   0x08028c00   0x00000044   Code   RO         3623    i.utils_angle_difference_rad  utils.o
    0x08028c44   0x08028c44   0x0000002c   Code   RO         3625    i.utils_byte_to_binary  utils.o
    0x08028c70   0x08028c70   0x0000005c   Code   RO         3627    i.utils_deadband    utils.o
    0x08028ccc   0x08028ccc   0x00000084   Code   RO         3628    i.utils_fast_atan2  utils.o
    0x08028d50   0x08028d50   0x00000124   Code   RO         3631    i.utils_fast_sincos_better  utils.o
    0x08028e74   0x08028e74   0x0000001a   Code   RO         3632    i.utils_map         utils.o
    0x08028e8e   0x08028e8e   0x00000018   Code   RO         3634    i.utils_max_abs     utils.o
    0x08028ea6   0x08028ea6   0x00000058   Code   RO         3635    i.utils_middle_of_3  utils.o
    0x08028efe   0x08028efe   0x0000002a   Code   RO         3636    i.utils_middle_of_3_int  utils.o
    0x08028f28   0x08028f28   0x00000018   Code   RO         3637    i.utils_min_abs     utils.o
    0x08028f40   0x08028f40   0x00000038   Code   RO         3638    i.utils_norm_angle  utils.o
    0x08028f78   0x08028f78   0x0000004c   Code   RO         3639    i.utils_norm_angle_rad  utils.o
    0x08028fc4   0x08028fc4   0x0000005c   Code   RO         3640    i.utils_saturate_vector_2d  utils.o
    0x08029020   0x08029020   0x0000003c   Code   RO         3641    i.utils_step_towards  utils.o
    0x0802905c   0x0802905c   0x0000001c   Code   RO         3642    i.utils_sys_lock_cnt  utils.o
    0x08029078   0x08029078   0x00000024   Code   RO         3643    i.utils_sys_unlock_cnt  utils.o
    0x0802909c   0x0802909c   0x00000118   Code   RO         3644    i.utils_throttle_curve  utils.o
    0x080291b4   0x080291b4   0x0000002c   Code   RO         3645    i.utils_truncate_number  utils.o
    0x080291e0   0x080291e0   0x00000028   Code   RO         3646    i.utils_truncate_number_abs  utils.o
    0x08029208   0x08029208   0x0000001c   Code   RO         3647    i.utils_truncate_number_int  utils.o
    0x08029224   0x08029224   0x00000068   Code   RO         9250    i.wakeup            chschd.o
    0x0802928c   0x0802928c   0x0000000a   Code   RO         7691    i.write             serial_usb.o
    0x08029296   0x08029296   0x00000006   Code   RO         7692    i.writet            serial_usb.o
    0x0802929c   0x0802929c   0x00000012   Data   RO         1085    .constdata          comm_usb_serial.o
    0x080292ae   0x080292ae   0x00000002   PAD
    0x080292b0   0x080292b0   0x00000090   Data   RO         1086    .constdata          comm_usb_serial.o
    0x08029340   0x08029340   0x00000043   Data   RO         1087    .constdata          comm_usb_serial.o
    0x08029383   0x08029383   0x00000004   Data   RO         1088    .constdata          comm_usb_serial.o
    0x08029387   0x08029387   0x00000026   Data   RO         1089    .constdata          comm_usb_serial.o
    0x080293ad   0x080293ad   0x00000038   Data   RO         1090    .constdata          comm_usb_serial.o
    0x080293e5   0x080293e5   0x00000008   Data   RO         1091    .constdata          comm_usb_serial.o
    0x080293ed   0x080293ed   0x00000001   PAD
    0x080293ee   0x080293ee   0x00000200   Data   RO         1606    .constdata          crc.o
    0x080295ee   0x080295ee   0x00000002   PAD
    0x080295f0   0x080295f0   0x00000048   Data   RO         1760    .constdata          flash_helper.o
    0x08029638   0x08029638   0x0000001c   Data   RO         2562    .constdata          mcpwm.o
    0x08029654   0x08029654   0x000000fc   Data   RO         4434    .constdata          board.o
    0x08029750   0x08029750   0x0000000c   Data   RO         4581    .constdata          hw_60.o
    0x0802975c   0x0802975c   0x00000020   Data   RO         7693    .constdata          serial_usb.o
    0x0802977c   0x0802977c   0x00000006   Data   RO         8145    .constdata          usb.o
    0x08029782   0x08029782   0x00000016   Data   RO         9204    .constdata          chregistry.o
    0x08029798   0x08029798   0x000000c0   Data   RO        10202    .constdata          stm32_dma.o
    0x08029858   0x08029858   0x00000030   Data   RO        10687    .constdata          usb_lld.o
    0x08029888   0x08029888   0x00000804   Data   RO        11307    .constdata          arm_common_tables.o
    0x0802a08c   0x0802a08c   0x00000030   Data   RO        11430    .constdata          m_wm.l(expf.o)
    0x0802a0bc   0x0802a0bc   0x00000040   Data   RO        11480    .constdata          m_wm.l(logf.o)
    0x0802a0fc   0x0802a0fc   0x00000140   Data   RO        11494    .constdata          m_wm.l(powf.o)
    0x0802a23c   0x0802a23c   0x00000020   Data   RO        11625    .constdata          m_wm.l(rredf.o)
    0x0802a25c   0x0802a25c   0x00000040   Data   RO        11717    .constdata          mc_w.l(ctype_c.o)
    0x0802a29c   0x0802a29c   0x00000245   Data   RO         3503    .conststring        terminal.o


==============================================================================

Image component sizes


      Code (inc. data)   RO Data    RW Data    ZI Data      Debug   Object Name

       196         20          0          0        220      19481   app.o
      2554        170          0         52       1572      13724   app_adc.o
      2608        288          0         34       2960      13011   app_nunchuk.o
      1742        124          0         28       1508      32316   app_ppm.o
       446        106          0         48       6560       9706   app_uartcomm.o
         0          0       2052          0          0      18304   arm_common_tables.o
       120         12          0          0          0        826   arm_cos_f32.o
       116         12          0          0          0        826   arm_sin_f32.o
         6          0        252          0          0      12616   board.o
       642         14          0          0          0      13713   buffer.o
       298          0          0          0          0      21107   can.o
      1450         90          0          0         48      18954   can_lld.o
       120         22          0          0          0       3815   chcore_v7m.o
        46          0          0          0          0        596   chcoreasm_v7m.o
        86          0          0          0          0        979   chdynamic.o
       390         16          0          0          0       7290   chevents.o
       206         16          0          0         32       2949   chheap.o
        92         22          0          8          0       2886   chmemcore.o
        20          0          0          0          0       2250   chmempools.o
       338         10          0          0          0      11458   chmtx.o
       508          0          0          0          0      11043   chqueues.o
        72          8         22          0          0       3716   chregistry.o
       600         58          0          0        600      17459   chschd.o
       326         58          0          0          0      45792   chsys.o
       446         38          0          0          0      17602   chthreads.o
       124         16          0          0          0       6075   chtm.o
       128         16          0          0          0       2219   chvt.o
      2104        228          0         28      10096     302167   comm_can.o
       396        110          0         12       7488       5836   comm_usb.o
       220         48        335          0        660      29389   comm_usb_serial.o
     12704        368          0         52       4552      23755   commands.o
      5072        320          0          1       1444      46307   conf_general.o
        52          4        512          0          0       1388   crc.o
        52         14          0          0       8192        532   cstartup.o
       968         26          0          0          0       6265   digital_filter.o
      1974        868          0          0        120      10727   drv8301.o
      1222         68          0          2          0      17403   eeprom.o
       880        116          0         24          0       7095   encoder.o
       390         36         72          0          0      16880   flash_helper.o
        56          4          0          0          0        558   hal.o
       356         66          0          0          0       1770   hal_lld.o
      1000         80         12          1          0       3137   hw_60.o
       202          0          0          0          0      12160   i2c.o
      1576        104          0          0         56      18811   i2c_lld.o
       116          0          0          0          0       8042   icu.o
       552         42          0          0         24       7392   icu_lld.o
       140         16          0          0          0       1976   irq_handlers.o
        24         12          0          8          0      26041   led_external.o
       260         42          0          4        213       2561   ledpwm.o
       676         92          0          4       1968     341929   main.o
     10494        852          0      36128       3320      78703   mc_interface.o
     11772        902         28        236       6552      46185   mcpwm.o
     13610       1406          0        200       2576      52487   mcpwm_foc.o
      1384        100          0         24       4412       9188   nrf_driver.o
        82          0          0          0          0       1814   nvic.o
       420         26          0          0       4160       3732   packet.o
       340         44          0          0          0       2896   pal_lld.o
      1052          0          0          0          0      19012   rf.o
       852         80          0         19         72       6760   rfhelp.o
       788         16         32          7          0      33612   serial_usb.o
       582        106          0         64          0      27542   servo_dec.o
        24          0          0          0          0       4106   spi.o
        64         24          0          4         48       1767   spi_lld.o
       584         34          0         36          0       5257   spi_sw.o
         4          0          0          0          0        461   st.o
        52          0          0          0          0       4600   st_lld.o
      1084        218        192          4        128      18242   stm32_dma.o
       544         20          0          0          0      11229   stm32f4xx_adc.o
       578         94          0          0          0       5037   stm32f4xx_dma.o
       176         18          0          0          0       2540   stm32f4xx_exti.o
       444         46          0          0          0       5964   stm32f4xx_flash.o
       120         30          0          0          0       3265   stm32f4xx_rcc.o
        46          0          0          0          0        696   stm32f4xx_syscfg.o
      1638         10          0          0          0      21939   stm32f4xx_tim.o
       104         22          0          0          0       3804   stm32f4xx_wwdg.o
      8728       4140        581         72       2856      20497   terminal.o
       244         66          0         16        920       6408   timeout.o
       106          0          0          0          0       4091   uart.o
      1066        106          0          0         72      13854   uart_lld.o
      1516         26          6          0          0      28493   usb.o
      2884        100         48          8        660      37853   usb_lld.o
      1640        132          0          4          0      17541   utils.o
         2          0        448          0          0        488   vectors.o

    ----------------------------------------------------------------------
    107778      12398       4648      37136     106888    1702897   Object Totals
         0          0         48          0      32768          0   (incl. Generated)
        82          0          8          8         31          0   (incl. Padding)

    ----------------------------------------------------------------------

      Code (inc. data)   RO Data    RW Data    ZI Data      Debug   Library Member Name

       300         42          0          0          0        176   asinf.o
       592         90          0          0          0        184   atan2f.o
       336         56          0          0          0        136   cosf.o
       488         62         48          0          0        236   expf.o
       112         14          0          0          0        116   floorf.o
       176          0          0          0          0        168   fmodf.o
        38          0          0          0          0        116   fpclassifyf.o
        84          4          0          0          0        116   frexpf.o
        80         24          0          0          0        696   funder.o
       142          0          0          0          0        156   ldexpf.o
       364         44         64          0          0        140   logf.o
      1636        110        320          0          0        372   powf.o
       154          0          0          0          0        140   roundf.o
       340         24         32          0          0        160   rredf.o
        62          0          0          0          0        136   sqrtf.o
        56          8          0          0          0         84   __0sscanf.o
        86          0          0          0          0          0   __dczerorl2.o
        28          0          0          0          0         68   _chval.o
       812          4          0          0          0        112   _scanf.o
       332          0          0          0          0         96   _scanf_int.o
        64          0          0          0          0         84   _sgetc.o
        40          6         64          0          0         68   ctype_c.o
         0          0          0          0          0          0   entry.o
         0          0          0          0          0          0   entry10a.o
         0          0          0          0          0          0   entry11a.o
         8          4          0          0          0          0   entry2.o
         4          0          0          0          0          0   entry5.o
         0          0          0          0          0          0   entry7b.o
         0          0          0          0          0          0   entry8b.o
         8          4          0          0          0          0   entry9a.o
        12          6          0          4          0         68   errno.o
        30          0          0          0          0          0   handlers.o
        36          8          0          0          0         68   init.o
        10          0          0          0          0         68   isspace_c.o
         0          0          0          0          0          0   iusefp.o
        30          0          0          0          0         68   llshl.o
        36          0          0          0          0         68   llsshr.o
        32          0          0          0          0         68   llushr.o
       188         20          0          0          0        160   malloc.o
        26          0          0          0          0         80   memcmp.o
        36          0          0          0          0         68   memcpya.o
        36          0          0          0          0        108   memseta.o
         0          0          0          8          0          0   mvars.o
      2292         84          0          0          0        516   printfa.o
        40          8          0          0          0         84   scanf_char.o
       878         12          0          0          0        216   scanf_fp.o
        24          0          0          0          0         68   strcat.o
        28          0          0          0          0         76   strcmp.o
        68          6          0          4          0         80   strtok.o
        44          0          0          0          0         80   uidiv.o
        98          0          0          0          0         92   uldiv.o
        48          0          0          0          0         68   cdrcmple.o
        56          0          0          0          0         88   d2f.o
       334          0          0          0          0        148   dadd.o
       222          0          0          0          0        100   ddiv.o
       186          0          0          0          0        176   depilogue.o
        48          0          0          0          0         68   dfixul.o
        24          0          0          0          0         76   dfltul.o
       228          0          0          0          0         96   dmul.o
        38          0          0          0          0         68   f2d.o
       110          0          0          0          0        168   fepilogue.o
         4          0          0          0          0         68   fpstat.o
        82          0          0          0          0         96   frem.o
        60          0          0          0          0         76   frnd.o
        24          0          0          0          0         68   fscalb.o

    ----------------------------------------------------------------------
     11762        640        528         16          0       6960   Library Totals
        12          0          0          0          0          0   (incl. Padding)

    ----------------------------------------------------------------------

      Code (inc. data)   RO Data    RW Data    ZI Data      Debug   Library Name

      4904        470        464          0          0       3048   m_wm.l
      5382        170         64         16          0       2548   mc_w.l
      1464          0          0          0          0       1364   mf_w.l

    ----------------------------------------------------------------------
     11762        640        528         16          0       6960   Library Totals

    ----------------------------------------------------------------------

==============================================================================


      Code (inc. data)   RO Data    RW Data    ZI Data      Debug   

    119540      13038       5176      37152     106888    1640157   Grand Totals
    119540      13038       5176        448     106888    1640157   ELF Image Totals (compressed)
    119540      13038       5176        448          0          0   ROM Totals

==============================================================================

    Total RO  Size (Code + RO Data)               124716 ( 121.79kB)
    Total RW  Size (RW Data + ZI Data)            144040 ( 140.66kB)
    Total ROM Size (Code + RO Data + RW Data)     125164 ( 122.23kB)

==============================================================================

