Component: ARM Compiler 5.06 update 6 (build 750) Tool: armlink [4d35ed]

==============================================================================

Section Cross References

    main.o(i.main) refers to hal.o(i.halInit) for halInit
    main.o(i.main) refers to chsys.o(i.chSysInit) for chSysInit
    main.o(i.main) refers to chthreads.o(i.chThdSleep) for chThdSleep
    main.o(i.main) refers to hw_60.o(i.hw_init_gpio) for hw_init_gpio
    main.o(i.main) refers to conf_general.o(i.conf_general_init) for conf_general_init
    main.o(i.main) refers to ledpwm.o(i.ledpwm_init) for ledpwm_init
    main.o(i.main) refers to conf_general.o(i.conf_general_read_mc_configuration) for conf_general_read_mc_configuration
    main.o(i.main) refers to mc_interface.o(i.mc_interface_init) for mc_interface_init
    main.o(i.main) refers to commands.o(i.commands_init) for commands_init
    main.o(i.main) refers to comm_usb.o(i.comm_usb_init) for comm_usb_init
    main.o(i.main) refers to comm_can.o(i.comm_can_init) for comm_can_init
    main.o(i.main) refers to conf_general.o(i.conf_general_read_app_configuration) for conf_general_read_app_configuration
    main.o(i.main) refers to app.o(i.app_set_configuration) for app_set_configuration
    main.o(i.main) refers to nrf_driver.o(i.nrf_driver_init) for nrf_driver_init
    main.o(i.main) refers to rfhelp.o(i.rfhelp_restart) for rfhelp_restart
    main.o(i.main) refers to nrf_driver.o(i.nrf_driver_stop) for nrf_driver_stop
    main.o(i.main) refers to spi_sw.o(i.spi_sw_change_pins) for spi_sw_change_pins
    main.o(i.main) refers to timeout.o(i.timeout_init) for timeout_init
    main.o(i.main) refers to timeout.o(i.timeout_configure) for timeout_configure
    main.o(i.main) refers to chthreads.o(i.chThdCreateStatic) for chThdCreateStatic
    main.o(i.main) refers to encoder.o(i.encoder_is_configured) for encoder_is_configured
    main.o(i.main) refers to ledpwm.o(i.ledpwm_set_intensity) for ledpwm_set_intensity
    main.o(i.main) refers to conf_general.o(.data) for conf_general_permanent_nrf_found
    main.o(i.main) refers to main.o(i.periodic_thread) for periodic_thread
    main.o(i.main) refers to main.o(.bss) for .bss
    main.o(i.main) refers to main.o(i.timer_thread) for timer_thread
    main.o(i.main) refers to chschd.o(.bss) for ch
    main.o(i.main) refers to main.o(.data) for .data
    main.o(i.periodic_thread) refers to mc_interface.o(i.mc_interface_get_state) for mc_interface_get_state
    main.o(i.periodic_thread) refers to ledpwm.o(i.ledpwm_set_intensity) for ledpwm_set_intensity
    main.o(i.periodic_thread) refers to mc_interface.o(i.mc_interface_get_fault) for mc_interface_get_fault
    main.o(i.periodic_thread) refers to chthreads.o(i.chThdSleep) for chThdSleep
    main.o(i.periodic_thread) refers to mcpwm.o(i.mcpwm_get_detect_pos) for mcpwm_get_detect_pos
    main.o(i.periodic_thread) refers to commands.o(i.commands_send_rotor_pos) for commands_send_rotor_pos
    main.o(i.periodic_thread) refers to commands.o(i.commands_get_disp_pos_mode) for commands_get_disp_pos_mode
    main.o(i.periodic_thread) refers to encoder.o(i.encoder_read_deg) for encoder_read_deg
    main.o(i.periodic_thread) refers to mc_interface.o(i.mc_interface_get_pid_pos_now) for mc_interface_get_pid_pos_now
    main.o(i.periodic_thread) refers to mc_interface.o(i.mc_interface_get_pid_pos_set) for mc_interface_get_pid_pos_set
    main.o(i.periodic_thread) refers to utils.o(i.utils_angle_difference) for utils_angle_difference
    main.o(i.periodic_thread) refers to mc_interface.o(i.mc_interface_get_configuration) for mc_interface_get_configuration
    main.o(i.periodic_thread) refers to mcpwm_foc.o(i.mcpwm_foc_get_phase_observer) for mcpwm_foc_get_phase_observer
    main.o(i.periodic_thread) refers to mcpwm_foc.o(i.mcpwm_foc_get_phase_encoder) for mcpwm_foc_get_phase_encoder
    main.o(i.periodic_thread) refers to chschd.o(.bss) for ch
    main.o(i.timer_thread) refers to packet.o(i.packet_timerfunc) for packet_timerfunc
    main.o(i.timer_thread) refers to chthreads.o(i.chThdSleep) for chThdSleep
    main.o(i.timer_thread) refers to chschd.o(.bss) for ch
    buffer.o(i.buffer_append_float32_auto) refers to frexpf.o(i.__hardfp_frexpf) for __hardfp_frexpf
    buffer.o(i.buffer_get_float32_auto) refers to ldexpf.o(i.__hardfp_ldexpf) for __hardfp_ldexpf
    comm_can.o(i.cancom_process_thread) refers to chevents.o(i.chEvtWaitAny) for chEvtWaitAny
    comm_can.o(i.cancom_process_thread) refers to app.o(i.app_get_configuration) for app_get_configuration
    comm_can.o(i.cancom_process_thread) refers to buffer.o(i.buffer_get_float32) for buffer_get_float32
    comm_can.o(i.cancom_process_thread) refers to mc_interface.o(i.mc_interface_set_duty) for mc_interface_set_duty
    comm_can.o(i.cancom_process_thread) refers to timeout.o(i.timeout_reset) for timeout_reset
    comm_can.o(i.cancom_process_thread) refers to mc_interface.o(i.mc_interface_set_current) for mc_interface_set_current
[...]
    0x0800c624   0x0800c624   0x00000026   Code   RO        11163    .text               mf_w.l(f2d.o)
    0x0800c64a   0x0800c64a   0x0000002c   Code   RO        11213    .text               mc_w.l(uidiv.o)
    0x0800c676   0x0800c676   0x00000062   Code   RO        11215    .text               mc_w.l(uldiv.o)
    0x0800c6d8   0x0800c6d8   0x0000001c   Code   RO        11226    .text               mc_w.l(_chval.o)
    0x0800c6f4   0x0800c6f4   0x00000028   Code   RO        11228    .text               mc_w.l(scanf_char.o)
    0x0800c71c   0x0800c71c   0x00000040   Code   RO        11230    .text               mc_w.l(_sgetc.o)
    0x0800c75c   0x0800c75c   0x00000000   Code   RO        11232    .text               mc_w.l(iusefp.o)
    0x0800c75c   0x0800c75c   0x00000018   Code   RO        11233    .text               mf_w.l(fscalb.o)
    0x0800c774   0x0800c774   0x0000003c   Code   RO        11235    .text               mf_w.l(frnd.o)
    0x0800c7b0   0x0800c7b0   0x00000052   Code   RO        11237    .text               mf_w.l(frem.o)
    0x0800c802   0x0800c802   0x0000014e   Code   RO        11239    .text               mf_w.l(dadd.o)
    0x0800c950   0x0800c950   0x000000e4   Code   RO        11241    .text               mf_w.l(dmul.o)
    0x0800ca34   0x0800ca34   0x000000de   Code   RO        11243    .text               mf_w.l(ddiv.o)
    0x0800cb12   0x0800cb12   0x00000018   Code   RO        11245    .text               mf_w.l(dfltul.o)
    0x0800cb2a   0x0800cb2a   0x00000030   Code   RO        11247    .text               mf_w.l(dfixul.o)
    0x0800cb5a   0x0800cb5a   0x00000002   PAD
    0x0800cb5c   0x0800cb5c   0x00000030   Code   RO        11249    .text               mf_w.l(cdrcmple.o)
    0x0800cb8c   0x0800cb8c   0x00000038   Code   RO        11251    .text               mf_w.l(d2f.o)
    0x0800cbc4   0x0800cbc4   0x00000004   Code   RO        11253    .text               mf_w.l(fpstat.o)
    0x0800cbc8   0x0800cbc8   0x0000001e   Code   RO        11258    .text               mc_w.l(llshl.o)
    0x0800cbe6   0x0800cbe6   0x00000020   Code   RO        11260    .text               mc_w.l(llushr.o)
    0x0800cc06   0x0800cc06   0x00000024   Code   RO        11262    .text               mc_w.l(llsshr.o)
    0x0800cc2a   0x0800cc2a   0x0000000a   Code   RO        11264    .text               mc_w.l(isspace_c.o)
    0x0800cc34   0x0800cc34   0x0000032c   Code   RO        11266    .text               mc_w.l(_scanf.o)
    0x0800cf60   0x0800cf60   0x0000006e   Code   RO        11269    .text               mf_w.l(fepilogue.o)
    0x0800cfce   0x0800cfce   0x000000ba   Code   RO        11271    .text               mf_w.l(depilogue.o)
    0x0800d088   0x0800d088   0x00000028   Code   RO        11273    .text               mc_w.l(ctype_c.o)
    0x0800d0b0   0x0800d0b0   0x00000056   Code   RO        11284    .text               mc_w.l(__dczerorl2.o)
    0x0800d106   0x0800d106   0x00000008   Code   RO         4893    i.ADC_ClearITPendingBit  stm32f4xx_adc.o
    0x0800d10e   0x0800d10e   0x00000012   Code   RO         4894    i.ADC_Cmd           stm32f4xx_adc.o
    0x0800d120   0x0800d120   0x0000002c   Code   RO         4895    i.ADC_CommonInit    stm32f4xx_adc.o
    0x0800d14c   0x0800d14c   0x00000018   Code   RO         4900    i.ADC_DeInit        stm32f4xx_adc.o
    0x0800d164   0x0800d164   0x0000000c   Code   RO         4904    i.ADC_ExternalTrigInjectedConvConfig  stm32f4xx_adc.o
    0x0800d170   0x0800d170   0x0000000c   Code   RO         4905    i.ADC_ExternalTrigInjectedConvEdgeConfig  stm32f4xx_adc.o
    0x0800d17c   0x0800d17c   0x00000010   Code   RO         4909    i.ADC_GetInjectedConversionValue  stm32f4xx_adc.o
    0x0800d18c   0x0800d18c   0x00000016   Code   RO         4913    i.ADC_ITConfig      stm32f4xx_adc.o
    0x0800d1a2   0x0800d1a2   0x00000002   PAD
    0x0800d1a4   0x0800d1a4   0x00000050   Code   RO         4914    i.ADC_Init          stm32f4xx_adc.o
    0x0800d1f4   0x0800d1f4   0x0000005c   Code   RO         4915    i.ADC_InjectedChannelConfig  stm32f4xx_adc.o
    0x0800d250   0x0800d250   0x00000010   Code   RO         4917    i.ADC_InjectedSequencerLengthConfig  stm32f4xx_adc.o
    0x0800d260   0x0800d260   0x0000001c   Code   RO         4918    i.ADC_MultiModeDMARequestAfterLastTransferCmd  stm32f4xx_adc.o
    0x0800d27c   0x0800d27c   0x00000090   Code   RO         4919    i.ADC_RegularChannelConfig  stm32f4xx_adc.o
    0x0800d30c   0x0800d30c   0x0000001c   Code   RO         4924    i.ADC_TempSensorVrefintCmd  stm32f4xx_adc.o
    0x0800d328   0x0800d328   0x00000012   Code   RO         5136    i.DMA_Cmd           stm32f4xx_dma.o
    0x0800d33a   0x0800d33a   0x00000002   PAD
    0x0800d33c   0x0800d33c   0x00000188   Code   RO         5137    i.DMA_DeInit        stm32f4xx_dma.o
    0x0800d4c4   0x0800d4c4   0x00000030   Code   RO         5147    i.DMA_ITConfig      stm32f4xx_dma.o
    0x0800d4f4   0x0800d4f4   0x00000078   Code   RO         5148    i.DMA_Init          stm32f4xx_dma.o
    0x0800d56c   0x0800d56c   0x0000002a   Code   RO         1206    i.EE_EraseSectorIfNotEmpty  eeprom.o
    0x0800d596   0x0800d596   0x00000002   PAD
    0x0800d598   0x0800d598   0x0000003c   Code   RO         1207    i.EE_FindValidPage  eeprom.o
    0x0800d5d4   0x0800d5d4   0x000002b0   Code   RO         1208    i.EE_Init           eeprom.o
    0x0800d884   0x0800d884   0x00000050   Code   RO         1209    i.EE_ReadVariable   eeprom.o
    0x0800d8d4   0x0800d8d4   0x00000058   Code   RO         1210    i.EE_VerifyPageFullWriteVariable  eeprom.o
    0x0800d92c   0x0800d92c   0x00000108   Code   RO         1211    i.EE_WriteVariable  eeprom.o
    0x0800da34   0x0800da34   0x0000000c   Code   RO         5267    i.EXTI_ClearITPendingBit  stm32f4xx_exti.o
    0x0800da40   0x0800da40   0x00000014   Code   RO         5271    i.EXTI_GetITStatus  stm32f4xx_exti.o
    0x0800da54   0x0800da54   0x00000090   Code   RO         5272    i.EXTI_Init         stm32f4xx_exti.o
    0x0800dae4   0x0800dae4   0x0000000c   Code   RO         5332    i.FLASH_ClearFlag   stm32f4xx_flash.o
    0x0800daf0   0x0800daf0   0x0000006c   Code   RO         5338    i.FLASH_EraseSector  stm32f4xx_flash.o
    0x0800db5c   0x0800db5c   0x00000044   Code   RO         5340    i.FLASH_GetStatus   stm32f4xx_flash.o
    0x0800dba0   0x0800dba0   0x0000003c   Code   RO         5365    i.FLASH_ProgramByte  stm32f4xx_flash.o
    0x0800dbdc   0x0800dbdc   0x00000040   Code   RO         5367    i.FLASH_ProgramHalfWord  stm32f4xx_flash.o
    0x0800dc1c   0x0800dc1c   0x00000028   Code   RO         5370    i.FLASH_Unlock      stm32f4xx_flash.o
    0x0800dc44   0x0800dc44   0x0000005c   Code   RO         5371    i.FLASH_WaitForLastOperation  stm32f4xx_flash.o
    0x0800dca0   0x0800dca0   0x00000018   Code   RO         5590    i.RCC_AHB1PeriphClockCmd  stm32f4xx_rcc.o
    0x0800dcb8   0x0800dcb8   0x00000018   Code   RO         5596    i.RCC_APB1PeriphClockCmd  stm32f4xx_rcc.o
    0x0800dcd0   0x0800dcd0   0x00000018   Code   RO         5598    i.RCC_APB1PeriphResetCmd  stm32f4xx_rcc.o
    0x0800dce8   0x0800dce8   0x00000018   Code   RO         5599    i.RCC_APB2PeriphClockCmd  stm32f4xx_rcc.o
    0x0800dd00   0x0800dd00   0x00000018   Code   RO         5601    i.RCC_APB2PeriphResetCmd  stm32f4xx_rcc.o
    0x0800dd18   0x0800dd18   0x00000020   Code   RO         9558    i.SVC_Handler       chcore_v7m.o
    0x0800dd38   0x0800dd38   0x0000002e   Code   RO         5859    i.SYSCFG_EXTILineConfig  stm32f4xx_syscfg.o
    0x0800dd66   0x0800dd66   0x0000001a   Code   RO        10650    i.SysTick_Handler   st_lld.o
    0x0800dd80   0x0800dd80   0x00000014   Code   RO         5918    i.TIM_ARRPreloadConfig  stm32f4xx_tim.o
    0x0800dd94   0x0800dd94   0x00000022   Code   RO         5919    i.TIM_BDTRConfig    stm32f4xx_tim.o
    0x0800ddb6   0x0800ddb6   0x00000014   Code   RO         5921    i.TIM_CCPreloadControl  stm32f4xx_tim.o
    0x0800ddca   0x0800ddca   0x00000020   Code   RO         5922    i.TIM_CCxCmd        stm32f4xx_tim.o
    0x0800ddea   0x0800ddea   0x00000020   Code   RO         5923    i.TIM_CCxNCmd       stm32f4xx_tim.o
    0x0800de0a   0x0800de0a   0x00000008   Code   RO         5925    i.TIM_ClearITPendingBit  stm32f4xx_tim.o
    0x0800de12   0x0800de12   0x00000014   Code   RO         5930    i.TIM_Cmd           stm32f4xx_tim.o
    0x0800de26   0x0800de26   0x00000012   Code   RO         5932    i.TIM_CtrlPWMOutputs  stm32f4xx_tim.o
    0x0800de38   0x0800de38   0x000001b4   Code   RO         5935    i.TIM_DeInit        stm32f4xx_tim.o
    0x0800dfec   0x0800dfec   0x0000004a   Code   RO         5939    i.TIM_EncoderInterfaceConfig  stm32f4xx_tim.o
    0x0800e036   0x0800e036   0x00000004   Code   RO         5944    i.TIM_GenerateEvent  stm32f4xx_tim.o
    0x0800e03a   0x0800e03a   0x00000016   Code   RO         5951    i.TIM_GetITStatus   stm32f4xx_tim.o
    0x0800e050   0x0800e050   0x00000012   Code   RO         5955    i.TIM_ITConfig      stm32f4xx_tim.o
    0x0800e062   0x0800e062   0x00000072   Code   RO         5959    i.TIM_OC1Init       stm32f4xx_tim.o
    0x0800e0d4   0x0800e0d4   0x0000000e   Code   RO         5962    i.TIM_OC1PreloadConfig  stm32f4xx_tim.o
    0x0800e0e2   0x0800e0e2   0x00000090   Code   RO         5964    i.TIM_OC2Init       stm32f4xx_tim.o
    0x0800e172   0x0800e172   0x00000016   Code   RO         5967    i.TIM_OC2PreloadConfig  stm32f4xx_tim.o
    0x0800e188   0x0800e188   0x0000008e   Code   RO         5969    i.TIM_OC3Init       stm32f4xx_tim.o
    0x0800e216   0x0800e216   0x0000000e   Code   RO         5972    i.TIM_OC3PreloadConfig  stm32f4xx_tim.o
    0x0800e224   0x0800e224   0x00000072   Code   RO         5974    i.TIM_OC4Init       stm32f4xx_tim.o
    0x0800e296   0x0800e296   0x00000016   Code   RO         5976    i.TIM_OC4PreloadConfig  stm32f4xx_tim.o
    0x0800e2ac   0x0800e2ac   0x0000000e   Code   RO         5984    i.TIM_SelectInputTrigger  stm32f4xx_tim.o
    0x0800e2ba   0x0800e2ba   0x00000012   Code   RO         5985    i.TIM_SelectMasterSlaveMode  stm32f4xx_tim.o
    0x0800e2cc   0x0800e2cc   0x0000006e   Code   RO         5986    i.TIM_SelectOCxM    stm32f4xx_tim.o
    0x0800e33a   0x0800e33a   0x00000012   Code   RO         5988    i.TIM_SelectOutputTrigger  stm32f4xx_tim.o
    0x0800e34c   0x0800e34c   0x00000012   Code   RO         5989    i.TIM_SelectSlaveMode  stm32f4xx_tim.o
    0x0800e35e   0x0800e35e   0x00000004   Code   RO         5990    i.TIM_SetAutoreload  stm32f4xx_tim.o
    0x0800e362   0x0800e362   0x00000002   PAD
    0x0800e364   0x0800e364   0x00000084   Code   RO         6002    i.TIM_TimeBaseInit  stm32f4xx_tim.o
    0x0800e3e8   0x0800e3e8   0x00000030   Code   RO         9739    i.Vector120         stm32_dma.o
    0x0800e418   0x0800e418   0x00000034   Code   RO         9740    i.Vector124         stm32_dma.o
    0x0800e44c   0x0800e44c   0x00000034   Code   RO         9741    i.Vector128         stm32_dma.o
    0x0800e480   0x0800e480   0x00000034   Code   RO         9742    i.Vector12C         stm32_dma.o
    0x0800e4b4   0x0800e4b4   0x00000030   Code   RO         9743    i.Vector130         stm32_dma.o
    0x0800e4e4   0x0800e4e4   0x000000f4   Code   RO        10219    i.Vector14C         usb_lld.o
    0x0800e5d8   0x0800e5d8   0x00000034   Code   RO         9744    i.Vector150         stm32_dma.o
    0x0800e60c   0x0800e60c   0x00000034   Code   RO         9745    i.Vector154         stm32_dma.o
    0x0800e640   0x0800e640   0x00000034   Code   RO         9746    i.Vector158         stm32_dma.o
    0x0800e674   0x0800e674   0x00000014   Code   RO        10701    i.Vector15C         uart_lld.o
    0x0800e688   0x0800e688   0x00000028   Code   RO         9747    i.Vector6C          stm32_dma.o
    0x0800e6b0   0x0800e6b0   0x0000002c   Code   RO         9748    i.Vector70          stm32_dma.o
    0x0800e6dc   0x0800e6dc   0x0000002c   Code   RO         9749    i.Vector74          stm32_dma.o
    0x0800e708   0x0800e708   0x0000002c   Code   RO         9750    i.Vector78          stm32_dma.o
    0x0800e734   0x0800e734   0x00000028   Code   RO         9751    i.Vector7C          stm32_dma.o
    0x0800e75c   0x0800e75c   0x0000002c   Code   RO         9752    i.Vector80          stm32_dma.o
    0x0800e788   0x0800e788   0x0000002c   Code   RO         9753    i.Vector84          stm32_dma.o
    0x0800e7b4   0x0800e7b4   0x0000001c   Code   RO         1573    i.Vector88          irq_handlers.o
    0x0800e7d0   0x0800e7d0   0x0000003c   Code   RO         9893    i.Vector8C          can_lld.o
    0x0800e80c   0x0800e80c   0x00000064   Code   RO         9894    i.Vector90          can_lld.o
    0x0800e870   0x0800e870   0x00000064   Code   RO         9895    i.Vector94          can_lld.o
    0x0800e8d4   0x0800e8d4   0x0000007c   Code   RO         9896    i.Vector98          can_lld.o
    0x0800e950   0x0800e950   0x00000020   Code   RO         1574    i.Vector9C          irq_handlers.o
    0x0800e970   0x0800e970   0x00000028   Code   RO         1575    i.VectorB4          irq_handlers.o
    0x0800e998   0x0800e998   0x00000098   Code   RO        10546    i.VectorB8          icu_lld.o
    0x0800ea30   0x0800ea30   0x000000fc   Code   RO        10134    i.VectorC4          i2c_lld.o
    0x0800eb2c   0x0800eb2c   0x00000104   Code   RO        10135    i.VectorC8          i2c_lld.o
    0x0800ec30   0x0800ec30   0x00000014   Code   RO        10702    i.VectorDC          uart_lld.o
    0x0800ec44   0x0800ec44   0x00000028   Code   RO         1576    i.VectorF8          irq_handlers.o
    0x0800ec6c   0x0800ec6c   0x0000002c   Code   RO         9754    i.VectorFC          stm32_dma.o
    0x0800ec98   0x0800ec98   0x00000018   Code   RO         6468    i.WWDG_DeInit       stm32f4xx_wwdg.o
    0x0800ecb0   0x0800ecb0   0x00000010   Code   RO         6469    i.WWDG_Enable       stm32f4xx_wwdg.o
    0x0800ecc0   0x0800ecc0   0x00000010   Code   RO         6472    i.WWDG_SetCounter   stm32f4xx_wwdg.o
    0x0800ecd0   0x0800ecd0   0x00000014   Code   RO         6473    i.WWDG_SetPrescaler  stm32f4xx_wwdg.o
    0x0800ece4   0x0800ece4   0x0000001c   Code   RO         6474    i.WWDG_SetWindowValue  stm32f4xx_wwdg.o
    0x0800ed00   0x0800ed00   0x0000002c   Code   RO        11105    i.__0vsnprintf      mc_w.l(printfa.o)
    0x0800ed2c   0x0800ed2c   0x00000026   Code   RO        11165    i.__ARM_fpclassifyf  m_wm.l(fpclassifyf.o)
    0x0800ed52   0x0800ed52   0x00000004   Code   RO         3998    i.__early_init      board.o
    0x0800ed56   0x0800ed56   0x00000002   PAD
    0x0800ed58   0x0800ed58   0x0000012c   Code   RO        10948    i.__hardfp_asinf    m_wm.l(asinf.o)
    0x0800ee84   0x0800ee84   0x00000250   Code   RO        10960    i.__hardfp_atan2f   m_wm.l(atan2f.o)
    0x0800f0d4   0x0800f0d4   0x00000150   Code   RO        10972    i.__hardfp_cosf     m_wm.l(cosf.o)
    0x0800f224   0x0800f224   0x000001e8   Code   RO        10984    i.__hardfp_expf     m_wm.l(expf.o)
    0x0800f40c   0x0800f40c   0x00000070   Code   RO        10998    i.__hardfp_floorf   m_wm.l(floorf.o)
    0x0800f47c   0x0800f47c   0x000000b0   Code   RO        11004    i.__hardfp_fmodf    m_wm.l(fmodf.o)
    0x0800f52c   0x0800f52c   0x00000054   Code   RO        11016    i.__hardfp_frexpf   m_wm.l(frexpf.o)
    0x0800f580   0x0800f580   0x0000008e   Code   RO        11022    i.__hardfp_ldexpf   m_wm.l(ldexpf.o)
    0x0800f60e   0x0800f60e   0x00000002   PAD
    0x0800f610   0x0800f610   0x0000016c   Code   RO        11034    i.__hardfp_logf     m_wm.l(logf.o)
    0x0800f77c   0x0800f77c   0x00000664   Code   RO        11048    i.__hardfp_powf     m_wm.l(powf.o)
    0x0800fde0   0x0800fde0   0x0000009a   Code   RO        11074    i.__hardfp_roundf   m_wm.l(roundf.o)
    0x0800fe7a   0x0800fe7a   0x00000002   PAD
    0x0800fe7c   0x0800fe7c   0x00000014   Code   RO        11167    i.__mathlib_flt_divzero  m_wm.l(funder.o)
    0x0800fe90   0x0800fe90   0x00000006   Code   RO        11168    i.__mathlib_flt_infnan  m_wm.l(funder.o)
    0x0800fe96   0x0800fe96   0x00000006   Code   RO        11169    i.__mathlib_flt_infnan2  m_wm.l(funder.o)
    0x0800fe9c   0x0800fe9c   0x00000010   Code   RO        11170    i.__mathlib_flt_invalid  m_wm.l(funder.o)
    0x0800feac   0x0800feac   0x00000010   Code   RO        11171    i.__mathlib_flt_overflow  m_wm.l(funder.o)
    0x0800febc   0x0800febc   0x00000010   Code   RO        11173    i.__mathlib_flt_underflow  m_wm.l(funder.o)
    0x0800fecc   0x0800fecc   0x00000154   Code   RO        11181    i.__mathlib_rredf2  m_wm.l(rredf.o)
    0x08010020   0x08010020   0x0000000c   Code   RO        11221    i.__set_errno       mc_w.l(errno.o)
    0x0801002c   0x0801002c   0x00000020   Code   RO         8362    i._core_init        chmemcore.o
    0x0801004c   0x0801004c   0x00000184   Code   RO        11107    i._fp_digits        mc_w.l(printfa.o)
    0x080101d0   0x080101d0   0x00000020   Code   RO         8167    i._heap_init        chheap.o
    0x080101f0   0x080101f0   0x00000002   Code   RO         9083    i._idle_thread      chsys.o
    0x080101f2   0x080101f2   0x0000000e   Code   RO        11161    i._is_digit         mc_w.l(scanf_fp.o)
    0x08010200   0x08010200   0x000000a0   Code   RO        10099    i._pal_lld_init     pal_lld.o
    0x080102a0   0x080102a0   0x00000096   Code   RO        10100    i._pal_lld_setgroupmode  pal_lld.o
    0x08010336   0x08010336   0x00000002   PAD
    0x08010338   0x08010338   0x00000058   Code   RO         9559    i._port_irq_epilogue  chcore_v7m.o
    0x08010390   0x08010390   0x000006dc   Code   RO        11108    i._printf_core      mc_w.l(printfa.o)
    0x08010a6c   0x08010a6c   0x00000024   Code   RO        11109    i._printf_post_padding  mc_w.l(printfa.o)
    0x08010a90   0x08010a90   0x0000002e   Code   RO        11110    i._printf_pre_padding  mc_w.l(printfa.o)
    0x08010abe   0x08010abe   0x00000002   PAD
    0x08010ac0   0x08010ac0   0x00000014   Code   RO         8797    i._scheduler_init   chschd.o
    0x08010ad4   0x08010ad4   0x00000016   Code   RO        11111    i._snputc           mc_w.l(printfa.o)
    0x08010aea   0x08010aea   0x00000002   PAD
    0x08010aec   0x08010aec   0x0000003c   Code   RO         9215    i._thread_init      chthreads.o
    0x08010b28   0x08010b28   0x00000030   Code   RO         9415    i._tm_init          chtm.o
    0x08010b58   0x08010b58   0x000000cc   Code   RO         7683    i._usb_ep0in        usb.o
    0x08010c24   0x08010c24   0x00000082   Code   RO         7684    i._usb_ep0out       usb.o
    0x08010ca6   0x08010ca6   0x0000013c   Code   RO         7685    i._usb_ep0setup     usb.o
    0x08010de2   0x08010de2   0x0000002a   Code   RO         7686    i._usb_reset        usb.o
    0x08010e0c   0x08010e0c   0x0000001c   Code   RO         9516    i._vt_init          chvt.o
    0x08010e28   0x08010e28   0x000008ce   Code   RO         3577    i.adc_thread        app_adc.o
    0x080116f6   0x080116f6   0x00000002   PAD
    0x080116f8   0x080116f8   0x000000b0   Code   RO         3578    i.app_adc_configure  app_adc.o
    0x080117a8   0x080117a8   0x0000000c   Code   RO         3579    i.app_adc_get_decoded_level  app_adc.o
    0x080117b4   0x080117b4   0x0000000c   Code   RO         3580    i.app_adc_get_decoded_level2  app_adc.o
    0x080117c0   0x080117c0   0x0000000c   Code   RO         3581    i.app_adc_get_voltage  app_adc.o
    0x080117cc   0x080117cc   0x0000000c   Code   RO         3582    i.app_adc_get_voltage2  app_adc.o
    0x080117d8   0x080117d8   0x00000028   Code   RO         3583    i.app_adc_start     app_adc.o
    0x08011800   0x08011800   0x00000024   Code   RO         3584    i.app_adc_stop      app_adc.o
    0x08011824   0x08011824   0x00000008   Code   RO         3458    i.app_get_configuration  app.o
    0x0801182c   0x0801182c   0x0000009c   Code   RO         3662    i.app_nunchuk_configure  app_nunchuk.o
    0x080118c8   0x080118c8   0x0000002c   Code   RO         3663    i.app_nunchuk_get_decoded_chuk  app_nunchuk.o
    0x080118f4   0x080118f4   0x00000034   Code   RO         3664    i.app_nunchuk_start  app_nunchuk.o
    0x08011928   0x08011928   0x0000002c   Code   RO         3665    i.app_nunchuk_stop  app_nunchuk.o
    0x08011954   0x08011954   0x00000070   Code   RO         3666    i.app_nunchuk_update_output  app_nunchuk.o
    0x080119c4   0x080119c4   0x00000098   Code   RO         3741    i.app_ppm_configure  app_ppm.o
    0x08011a5c   0x08011a5c   0x0000000c   Code   RO         3742    i.app_ppm_get_decoded_level  app_ppm.o
    0x08011a68   0x08011a68   0x00000060   Code   RO         3743    i.app_ppm_start     app_ppm.o
    0x08011ac8   0x08011ac8   0x00000034   Code   RO         3744    i.app_ppm_stop      app_ppm.o
    0x08011afc   0x08011afc   0x000000bc   Code   RO         3459    i.app_set_configuration  app.o
    0x08011bb8   0x08011bb8   0x00000020   Code   RO         3905    i.app_uartcomm_configure  app_uartcomm.o
    0x08011bd8   0x08011bd8   0x00000074   Code   RO         3906    i.app_uartcomm_start  app_uartcomm.o
    0x08011c4c   0x08011c4c   0x0000002c   Code   RO         3907    i.app_uartcomm_stop  app_uartcomm.o
    0x08011c78   0x08011c78   0x00000078   Code   RO        10927    i.arm_cos_f32       arm_cos_f32.o
    0x08011cf0   0x08011cf0   0x00000074   Code   RO        10899    i.arm_sin_f32       arm_sin_f32.o
    0x08011d64   0x08011d64   0x00000002   Code   RO         3999    i.boardInit         board.o
    0x08011d66   0x08011d66   0x0000002c   Code   RO          435    i.buffer_append_float16  buffer.o
    0x08011d92   0x08011d92   0x00000048   Code   RO          436    i.buffer_append_float32  buffer.o
    0x08011dda   0x08011dda   0x00000002   PAD
    0x08011ddc   0x08011ddc   0x0000008c   Code   RO          437    i.buffer_append_float32_auto  buffer.o
    0x08011e68   0x08011e68   0x00000020   Code   RO          438    i.buffer_append_int16  buffer.o
    0x08011e88   0x08011e88   0x0000003c   Code   RO          439    i.buffer_append_int32  buffer.o
    0x08011ec4   0x08011ec4   0x00000020   Code   RO          440    i.buffer_append_uint16  buffer.o
    0x08011ee4   0x08011ee4   0x0000003c   Code   RO          441    i.buffer_append_uint32  buffer.o
    0x08011f20   0x08011f20   0x00000028   Code   RO          443    i.buffer_get_float32  buffer.o
    0x08011f48   0x08011f48   0x00000054   Code   RO          444    i.buffer_get_float32_auto  buffer.o
    0x08011f9c   0x08011f9c   0x00000010   Code   RO          445    i.buffer_get_int16  buffer.o
    0x08011fac   0x08011fac   0x00000018   Code   RO          446    i.buffer_get_int32  buffer.o
    0x08011fc4   0x08011fc4   0x0000000e   Code   RO          447    i.buffer_get_uint16  buffer.o
    0x08011fd2   0x08011fd2   0x00000018   Code   RO          448    i.buffer_get_uint32  buffer.o
    0x08011fea   0x08011fea   0x00000004   Code   RO         6579    i.canInit           can.o
    0x08011fee   0x08011fee   0x0000002c   Code   RO         6580    i.canObjectInit     can.o
    0x0801201a   0x0801201a   0x00000050   Code   RO         6581    i.canReceive        can.o
    0x0801206a   0x0801206a   0x00000022   Code   RO         6583    i.canStart          can.o
    0x0801208c   0x0801208c   0x00000038   Code   RO         6584    i.canStop           can.o
    0x080120c4   0x080120c4   0x00000050   Code   RO         6585    i.canTransmit       can.o
    0x08012114   0x08012114   0x00000024   Code   RO         9898    i.can_lld_init      can_lld.o
    0x08012138   0x08012138   0x0000003e   Code   RO         9899    i.can_lld_is_rx_nonempty  can_lld.o
    0x08012176   0x08012176   0x0000003e   Code   RO         9900    i.can_lld_is_tx_empty  can_lld.o
    0x080121b4   0x080121b4   0x000000e4   Code   RO         9901    i.can_lld_receive   can_lld.o
    0x08012298   0x08012298   0x00000160   Code   RO         9902    i.can_lld_set_filters  can_lld.o
    0x080123f8   0x080123f8   0x0000007c   Code   RO         9904    i.can_lld_start     can_lld.o
    0x08012474   0x08012474   0x00000054   Code   RO         9905    i.can_lld_stop      can_lld.o
    0x080124c8   0x080124c8   0x00000076   Code   RO         9906    i.can_lld_transmit  can_lld.o
    0x0801253e   0x0801253e   0x00000002   PAD
    0x08012540   0x08012540   0x00000340   Code   RO          530    i.cancom_process_thread  comm_can.o
    0x08012880   0x08012880   0x000000b4   Code   RO          531    i.cancom_read_thread  comm_can.o
    0x08012934   0x08012934   0x000000ac   Code   RO          532    i.cancom_status_thread  comm_can.o
    0x080129e0   0x080129e0   0x0000002c   Code   RO         8363    i.chCoreAlloc       chmemcore.o
    0x08012a0c   0x08012a0c   0x00000010   Code   RO         8365    i.chCoreGetStatusX  chmemcore.o
    0x08012a1c   0x08012a1c   0x00000056   Code   RO         8043    i.chEvtBroadcastFlagsI  chevents.o
    0x08012a72   0x08012a72   0x00000002   PAD
    0x08012a74   0x08012a74   0x0000002c   Code   RO         8048    i.chEvtRegisterMaskWithFlags  chevents.o
    0x08012aa0   0x08012aa0   0x0000003a   Code   RO         8049    i.chEvtSignal       chevents.o
    0x08012ada   0x08012ada   0x00000028   Code   RO         8050    i.chEvtSignalI      chevents.o
    0x08012b02   0x08012b02   0x0000002a   Code   RO         8051    i.chEvtUnregister   chevents.o
    0x08012b2c   0x08012b2c   0x00000034   Code   RO         8054    i.chEvtWaitAny      chevents.o
    0x08012b60   0x08012b60   0x00000044   Code   RO         8055    i.chEvtWaitAnyTimeout  chevents.o
    0x08012ba4   0x08012ba4   0x0000006e   Code   RO         8169    i.chHeapFree        chheap.o
    0x08012c12   0x08012c12   0x00000002   PAD
    0x08012c14   0x08012c14   0x00000040   Code   RO         8171    i.chHeapStatus      chheap.o
    0x08012c54   0x08012c54   0x00000054   Code   RO         8672    i.chIQGetTimeout    chqueues.o
    0x08012ca8   0x08012ca8   0x00000020   Code   RO         8673    i.chIQObjectInit    chqueues.o
    0x08012cc8   0x08012cc8   0x00000076   Code   RO         8675    i.chIQReadTimeout   chqueues.o
    0x08012d3e   0x08012d3e   0x00000010   Code   RO         8676    i.chIQResetI        chqueues.o
    0x08012d4e   0x08012d4e   0x00000014   Code   RO         8553    i.chMtxLock         chmtx.o
    0x08012d62   0x08012d62   0x00000002   PAD
    0x08012d64   0x08012d64   0x000000d0   Code   RO         8554    i.chMtxLockS        chmtx.o
    0x08012e34   0x08012e34   0x0000000a   Code   RO         8555    i.chMtxObjectInit   chmtx.o
    0x08012e3e   0x08012e3e   0x00000002   PAD
    0x08012e40   0x08012e40   0x00000064   Code   RO         8558    i.chMtxUnlock       chmtx.o
    0x08012ea4   0x08012ea4   0x0000001a   Code   RO         8678    i.chOQObjectInit    chqueues.o
    0x08012ebe   0x08012ebe   0x0000005e   Code   RO         8679    i.chOQPutTimeout    chqueues.o
    0x08012f1c   0x08012f1c   0x00000014   Code   RO         8680    i.chOQResetI        chqueues.o
    0x08012f30   0x08012f30   0x00000076   Code   RO         8681    i.chOQWriteTimeout  chqueues.o
    0x08012fa6   0x08012fa6   0x00000014   Code   RO         8409    i.chPoolFree        chmempools.o
    0x08012fba   0x08012fba   0x00000002   PAD
    0x08012fbc   0x08012fbc   0x0000001c   Code   RO         8759    i.chRegFirstThread  chregistry.o
    0x08012fd8   0x08012fd8   0x0000002c   Code   RO         8760    i.chRegNextThread   chregistry.o
    0x08013004   0x08013004   0x00000014   Code   RO         8798    i.chSchDoReschedule  chschd.o
    0x08013018   0x08013018   0x00000040   Code   RO         8799    i.chSchDoRescheduleAhead  chschd.o
    0x08013058   0x08013058   0x00000044   Code   RO         8800    i.chSchDoRescheduleBehind  chschd.o
    0x0801309c   0x0801309c   0x0000002c   Code   RO         8801    i.chSchGoSleepS     chschd.o
    0x080130c8   0x080130c8   0x00000074   Code   RO         8802    i.chSchGoSleepTimeoutS  chschd.o
    0x0801313c   0x0801313c   0x00000024   Code   RO         8803    i.chSchIsPreemptionRequired  chschd.o
    0x08013160   0x08013160   0x00000020   Code   RO         8804    i.chSchReadyI       chschd.o
    0x08013180   0x08013180   0x00000018   Code   RO         8805    i.chSchRescheduleS  chschd.o
    0x08013198   0x08013198   0x00000048   Code   RO         8806    i.chSchWakeupS      chschd.o
    0x080131e0   0x080131e0   0x0000000c   Code   RO         9085    i.chSysHalt         chsys.o
    0x080131ec   0x080131ec   0x000000b4   Code   RO         9086    i.chSysInit         chsys.o
    0x080132a0   0x080132a0   0x00000018   Code   RO         9089    i.chSysPolledDelayX  chsys.o
    0x080132b8   0x080132b8   0x0000006c   Code   RO         9091    i.chSysTimerHandlerI  chsys.o
    0x08013324   0x08013324   0x0000000c   Code   RO         9418    i.chTMStartMeasurementX  chtm.o
    0x08013330   0x08013330   0x00000040   Code   RO         9419    i.chTMStopMeasurementX  chtm.o
    0x08013370   0x08013370   0x00000060   Code   RO         9216    i.chThdCreateI      chthreads.o
    0x080133d0   0x080133d0   0x00000026   Code   RO         9217    i.chThdCreateStatic  chthreads.o
    0x080133f6   0x080133f6   0x00000024   Code   RO         9218    i.chThdDequeueAllI  chthreads.o
    0x0801341a   0x0801341a   0x00000002   PAD
    0x0801341c   0x0801341c   0x00000024   Code   RO         9220    i.chThdEnqueueTimeoutS  chthreads.o
    0x08013440   0x08013440   0x00000050   Code   RO         9221    i.chThdExit         chthreads.o
    0x08013490   0x08013490   0x00000056   Code   RO         7998    i.chThdRelease      chdynamic.o
    0x080134e6   0x080134e6   0x00000014   Code   RO         9224    i.chThdResumeI      chthreads.o
    0x080134fa   0x080134fa   0x00000018   Code   RO         9227    i.chThdSleep        chthreads.o
    0x08013512   0x08013512   0x00000002   PAD
    0x08013514   0x08013514   0x0000001c   Code   RO         9231    i.chThdSuspendS     chthreads.o
    0x08013530   0x08013530   0x0000001c   Code   RO         9232    i.chThdSuspendTimeoutS  chthreads.o
    0x0801354c   0x0801354c   0x00000028   Code   RO         9517    i.chVTDoResetI      chvt.o
    0x08013574   0x08013574   0x0000003c   Code   RO         9518    i.chVTDoSetI        chvt.o
    0x080135b0   0x080135b0   0x0000021c   Code   RO         3667    i.chuk_thread       app_nunchuk.o
    0x080137cc   0x080137cc   0x00000018   Code   RO          534    i.comm_can_get_status_msg_index  comm_can.o
    0x080137e4   0x080137e4   0x000000ac   Code   RO          535    i.comm_can_init     comm_can.o
    0x08013890   0x08013890   0x000000f8   Code   RO          536    i.comm_can_send_buffer  comm_can.o
    0x08013988   0x08013988   0x00000084   Code   RO          537    i.comm_can_set_baud  comm_can.o
    0x08013a0c   0x08013a0c   0x00000038   Code   RO          538    i.comm_can_set_current  comm_can.o
    0x08013a44   0x08013a44   0x00000038   Code   RO          539    i.comm_can_set_current_brake  comm_can.o
    0x08013a7c   0x08013a7c   0x0000002c   Code   RO          540    i.comm_can_set_current_brake_rel  comm_can.o
    0x08013aa8   0x08013aa8   0x0000002c   Code   RO          541    i.comm_can_set_current_rel  comm_can.o
    0x08013ad4   0x08013ad4   0x00000038   Code   RO          542    i.comm_can_set_duty  comm_can.o
    0x08013b0c   0x08013b0c   0x0000004c   Code   RO          548    i.comm_can_transmit_eid  comm_can.o
    0x08013b58   0x08013b58   0x00000058   Code   RO          789    i.comm_usb_init     comm_usb.o
    0x08013bb0   0x08013bb0   0x00000068   Code   RO          851    i.comm_usb_serial_init  comm_usb_serial.o
    0x08013c18   0x08013c18   0x0000000c   Code   RO          991    i.commands_get_disp_pos_mode  commands.o
    0x08013c24   0x08013c24   0x00000020   Code   RO          992    i.commands_init     commands.o
    0x08013c44   0x08013c44   0x00000038   Code   RO          993    i.commands_printf   commands.o
    0x08013c7c   0x08013c7c   0x00002d44   Code   RO          994    i.commands_process_packet  commands.o
    0x080169c0   0x080169c0   0x000002d4   Code   RO          996    i.commands_send_appconf  commands.o
    0x08016c94   0x08016c94   0x00000010   Code   RO          998    i.commands_send_packet  commands.o
    0x08016ca4   0x08016ca4   0x00000038   Code   RO          999    i.commands_send_rotor_pos  commands.o
    0x08016cdc   0x08016cdc   0x0000000c   Code   RO         1001    i.commands_set_send_func  commands.o
    0x08016ce8   0x08016ce8   0x000000e4   Code   RO         2125    i.commutate         mcpwm.o
    0x08016dcc   0x08016dcc   0x000006cc   Code   RO         1102    i.conf_general_detect_motor_param  conf_general.o
    0x08017498   0x08017498   0x00000164   Code   RO         1103    i.conf_general_get_default_app_configuration  conf_general.o
    0x080175fc   0x080175fc   0x00000388   Code   RO         1104    i.conf_general_get_default_mc_configuration  conf_general.o
    0x08017984   0x08017984   0x0000004c   Code   RO         1105    i.conf_general_init  conf_general.o
    0x080179d0   0x080179d0   0x00000688   Code   RO         1106    i.conf_general_measure_flux_linkage  conf_general.o
    0x08018058   0x08018058   0x00000040   Code   RO         1107    i.conf_general_read_app_configuration  conf_general.o
    0x08018098   0x08018098   0x00000040   Code   RO         1108    i.conf_general_read_mc_configuration  conf_general.o
    0x080180d8   0x080180d8   0x0000006a   Code   RO         1109    i.conf_general_store_app_configuration  conf_general.o
    0x08018142   0x08018142   0x0000006a   Code   RO         1110    i.conf_general_store_mc_configuration  conf_general.o
    0x080181ac   0x080181ac   0x000005a6   Code   RO         2482    i.control_current   mcpwm_foc.o
    0x08018752   0x08018752   0x00000002   PAD
    0x08018754   0x08018754   0x00000060   Code   RO         2483    i.correct_encoder   mcpwm_foc.o
    0x080187b4   0x080187b4   0x000001dc   Code   RO         2484    i.correct_hall      mcpwm_foc.o
    0x08018990   0x08018990   0x00000034   Code   RO         1291    i.crc16             crc.o
    0x080189c4   0x080189c4   0x00000208   Code   RO         7687    i.default_handler   usb.o
    0x08018bcc   0x08018bcc   0x000000d0   Code   RO         1002    i.detect_thread     commands.o
    0x08018c9c   0x08018c9c   0x0000004c   Code   RO         9755    i.dmaInit           stm32_dma.o
    0x08018ce8   0x08018ce8   0x000000bc   Code   RO         9756    i.dmaStreamAllocate  stm32_dma.o
    0x08018da4   0x08018da4   0x00000044   Code   RO         9757    i.dmaStreamRelease  stm32_dma.o
    0x08018de8   0x08018de8   0x00000174   Code   RO         4202    i.drv8301_faults_to_string  drv8301.o
    0x08018f5c   0x08018f5c   0x000001f8   Code   RO         4203    i.drv8301_init      drv8301.o
    0x08019154   0x08019154   0x0000001a   Code   RO         4204    i.drv8301_read_faults  drv8301.o
    0x0801916e   0x0801916e   0x00000002   PAD
    0x08019170   0x08019170   0x0000003c   Code   RO         4205    i.drv8301_read_reg  drv8301.o
    0x080191ac   0x080191ac   0x00000020   Code   RO         4207    i.drv8301_set_oc_adj  drv8301.o
    0x080191cc   0x080191cc   0x00000022   Code   RO         4208    i.drv8301_set_oc_mode  drv8301.o
    0x080191ee   0x080191ee   0x00000002   PAD
    0x080191f0   0x080191f0   0x0000002c   Code   RO         4209    i.drv8301_write_reg  drv8301.o
    0x0801921c   0x0801921c   0x0000006c   Code   RO         1365    i.encoder_deinit    encoder.o
    0x08019288   0x08019288   0x0000000c   Code   RO         1366    i.encoder_index_found  encoder.o
    0x08019294   0x08019294   0x000000a8   Code   RO         1367    i.encoder_init_abi  encoder.o
    0x0801933c   0x0801933c   0x00000084   Code   RO         1368    i.encoder_init_as5047p_spi  encoder.o
    0x080193c0   0x080193c0   0x00000010   Code   RO         1369    i.encoder_is_configured  encoder.o
    0x080193d0   0x080193d0   0x0000004c   Code   RO         1370    i.encoder_read_deg  encoder.o
    0x0801941c   0x0801941c   0x00000070   Code   RO         1371    i.encoder_reset     encoder.o
    0x0801948c   0x0801948c   0x00000024   Code   RO         1372    i.encoder_set_counts  encoder.o
    0x080194b0   0x080194b0   0x000000dc   Code   RO         1373    i.encoder_tim_isr   encoder.o
    0x0801958c   0x0801958c   0x00000020   Code   RO         1306    i.filter_add_sample  digital_filter.o
    0x080195ac   0x080195ac   0x000000d8   Code   RO         1307    i.filter_create_fir_lowpass  digital_filter.o
    0x08019684   0x08019684   0x000001a4   Code   RO         1309    i.filter_fft        digital_filter.o
    0x08019828   0x08019828   0x000000e0   Code   RO         1311    i.filter_hamming    digital_filter.o
    0x08019908   0x08019908   0x0000004c   Code   RO         1312    i.filter_run_fir_iteration  digital_filter.o
    0x08019954   0x08019954   0x00000074   Code   RO         1439    i.flash_helper_erase_new_app  flash_helper.o
    0x080199c8   0x080199c8   0x0000002c   Code   RO         1440    i.flash_helper_get_sector_address  flash_helper.o
    0x080199f4   0x080199f4   0x00000088   Code   RO         1441    i.flash_helper_jump_to_bootloader  flash_helper.o
    0x08019a7c   0x08019a7c   0x0000005e   Code   RO         1442    i.flash_helper_write_new_app_data  flash_helper.o
    0x08019ada   0x08019ada   0x00000002   PAD
    0x08019adc   0x08019adc   0x00000050   Code   RO        11127    i.free              mc_w.l(malloc.o)
    0x08019b2c   0x08019b2c   0x0000008c   Code   RO         2126    i.full_brake_ll     mcpwm.o
    0x08019bb8   0x08019bb8   0x0000000a   Code   RO         7231    i.get               serial_usb.o
    0x08019bc2   0x08019bc2   0x00000002   PAD
    0x08019bc4   0x08019bc4   0x00000030   Code   RO          853    i.get_descriptor    comm_usb_serial.o
    0x08019bf4   0x08019bf4   0x00000006   Code   RO         7232    i.gett              serial_usb.o
    0x08019bfa   0x08019bfa   0x00000002   PAD
    0x08019bfc   0x08019bfc   0x00000038   Code   RO         6787    i.halInit           hal.o
    0x08019c34   0x08019c34   0x00000074   Code   RO         9703    i.hal_lld_init      hal_lld.o
    0x08019ca8   0x08019ca8   0x00000150   Code   RO         4142    i.hw_init_gpio      hw_60.o
    0x08019df8   0x08019df8   0x00000138   Code   RO         4143    i.hw_setup_adc_channels  hw_60.o
    0x08019f30   0x08019f30   0x00000050   Code   RO         4144    i.hw_start_i2c      hw_60.o
    0x08019f80   0x08019f80   0x00000048   Code   RO         4145    i.hw_stop_i2c       hw_60.o
    0x08019fc8   0x08019fc8   0x000000c8   Code   RO         4146    i.hw_try_restore_i2c  hw_60.o
    0x0801a090   0x0801a090   0x00000006   Code   RO         6850    i.i2cAcquireBus     i2c.o
    0x0801a096   0x0801a096   0x00000004   Code   RO         6852    i.i2cInit           i2c.o
    0x0801a09a   0x0801a09a   0x00000034   Code   RO         6853    i.i2cMasterReceiveTimeout  i2c.o
    0x0801a0ce   0x0801a0ce   0x0000003e   Code   RO         6854    i.i2cMasterTransmitTimeout  i2c.o
    0x0801a10c   0x0801a10c   0x00000010   Code   RO         6855    i.i2cObjectInit     i2c.o
    0x0801a11c   0x0801a11c   0x00000006   Code   RO         6856    i.i2cReleaseBus     i2c.o
    0x0801a122   0x0801a122   0x0000001e   Code   RO         6857    i.i2cStart          i2c.o
    0x0801a140   0x0801a140   0x0000001a   Code   RO         6858    i.i2cStop           i2c.o
    0x0801a15a   0x0801a15a   0x00000002   PAD
    0x0801a15c   0x0801a15c   0x00000028   Code   RO        10136    i.i2c_lld_init      i2c_lld.o
    0x0801a184   0x0801a184   0x0000008c   Code   RO        10137    i.i2c_lld_master_receive_timeout  i2c_lld.o
    0x0801a210   0x0801a210   0x000000b4   Code   RO        10138    i.i2c_lld_master_transmit_timeout  i2c_lld.o
    0x0801a2c4   0x0801a2c4   0x00000074   Code   RO        10139    i.i2c_lld_serve_rx_end_irq  i2c_lld.o
    0x0801a338   0x0801a338   0x0000004c   Code   RO        10140    i.i2c_lld_serve_tx_end_irq  i2c_lld.o
    0x0801a384   0x0801a384   0x00000168   Code   RO        10141    i.i2c_lld_start     i2c_lld.o
    0x0801a4ec   0x0801a4ec   0x00000098   Code   RO        10142    i.i2c_lld_stop      i2c_lld.o
    0x0801a584   0x0801a584   0x00000014   Code   RO         6977    i.icuEnableNotifications  icu.o
    0x0801a598   0x0801a598   0x00000004   Code   RO         6978    i.icuInit           icu.o
    0x0801a59c   0x0801a59c   0x0000000a   Code   RO         6979    i.icuObjectInit     icu.o
    0x0801a5a6   0x0801a5a6   0x0000001e   Code   RO         6980    i.icuStart          icu.o
    0x0801a5c4   0x0801a5c4   0x0000001a   Code   RO         6981    i.icuStartCapture   icu.o
    0x0801a5de   0x0801a5de   0x0000001a   Code   RO         6982    i.icuStop           icu.o
    0x0801a5f8   0x0801a5f8   0x00000044   Code   RO        10548    i.icu_lld_enable_notifications  icu_lld.o
    0x0801a63c   0x0801a63c   0x00000018   Code   RO        10549    i.icu_lld_init      icu_lld.o
    0x0801a654   0x0801a654   0x000000e0   Code   RO        10550    i.icu_lld_start     icu_lld.o
    0x0801a734   0x0801a734   0x00000018   Code   RO        10551    i.icu_lld_start_capture  icu_lld.o
    0x0801a74c   0x0801a74c   0x0000003c   Code   RO        10552    i.icu_lld_stop      icu_lld.o
    0x0801a788   0x0801a788   0x00000002   Code   RO         2874    i.icuperiodcb       servo_dec.o
    0x0801a78a   0x0801a78a   0x00000002   PAD
    0x0801a78c   0x0801a78c   0x00000128   Code   RO         2875    i.icuwidthcb        servo_dec.o
    0x0801a8b4   0x0801a8b4   0x0000001e   Code   RO        10101    i.initgpio          pal_lld.o
    0x0801a8d2   0x0801a8d2   0x00000078   Code   RO         7233    i.inotify           serial_usb.o
    0x0801a94a   0x0801a94a   0x00000002   PAD
    0x0801a94c   0x0801a94c   0x0000000c   Code   RO         1619    i.led_external_set_reversed  led_external.o
    0x0801a958   0x0801a958   0x0000000c   Code   RO         1620    i.led_external_set_state  led_external.o
    0x0801a964   0x0801a964   0x00000064   Code   RO         1703    i.ledpwm_init       ledpwm.o
    0x0801a9c8   0x0801a9c8   0x0000004c   Code   RO         1706    i.ledpwm_set_intensity  ledpwm.o
    0x0801aa14   0x0801aa14   0x00000054   Code   RO         1707    i.ledpwm_update_pwm  ledpwm.o
    0x0801aa68   0x0801aa68   0x00000160   Code   RO            6    i.main              main.o
    0x0801abc8   0x0801abc8   0x0000006c   Code   RO        11128    i.malloc            mc_w.l(malloc.o)
    0x0801ac34   0x0801ac34   0x00000014   Code   RO         1754    i.mc_interface_adc_inj_int_handler  mc_interface.o
    0x0801ac48   0x0801ac48   0x00000248   Code   RO         1757    i.mc_interface_fault_stop  mc_interface.o
    0x0801ae90   0x0801ae90   0x000000e8   Code   RO         1758    i.mc_interface_fault_to_string  mc_interface.o
    0x0801af78   0x0801af78   0x00000028   Code   RO         1759    i.mc_interface_get_amp_hours  mc_interface.o
    0x0801afa0   0x0801afa0   0x00000028   Code   RO         1760    i.mc_interface_get_amp_hours_charged  mc_interface.o
    0x0801afc8   0x0801afc8   0x00000008   Code   RO         1761    i.mc_interface_get_configuration  mc_interface.o
    0x0801afd0   0x0801afd0   0x00000040   Code   RO         1762    i.mc_interface_get_duty_cycle_now  mc_interface.o
    0x0801b010   0x0801b010   0x0000000c   Code   RO         1764    i.mc_interface_get_fault  mc_interface.o
    0x0801b01c   0x0801b01c   0x00000028   Code   RO         1765    i.mc_interface_get_last_inj_adc_isr_duration  mc_interface.o
    0x0801b044   0x0801b044   0x0000000c   Code   RO         1766    i.mc_interface_get_last_sample_adc_isr_duration  mc_interface.o
    0x0801b050   0x0801b050   0x0000005c   Code   RO         1767    i.mc_interface_get_pid_pos_now  mc_interface.o
    0x0801b0ac   0x0801b0ac   0x0000000c   Code   RO         1768    i.mc_interface_get_pid_pos_set  mc_interface.o
    0x0801b0b8   0x0801b0b8   0x00000040   Code   RO         1769    i.mc_interface_get_rpm  mc_interface.o
    0x0801b0f8   0x0801b0f8   0x00000020   Code   RO         1771    i.mc_interface_get_state  mc_interface.o
    0x0801b118   0x0801b118   0x00000028   Code   RO         1772    i.mc_interface_get_tachometer_abs_value  mc_interface.o
    0x0801b140   0x0801b140   0x00000050   Code   RO         1773    i.mc_interface_get_tachometer_value  mc_interface.o
    0x0801b190   0x0801b190   0x00000028   Code   RO         1774    i.mc_interface_get_tot_current  mc_interface.o
    0x0801b1b8   0x0801b1b8   0x00000040   Code   RO         1775    i.mc_interface_get_tot_current_directional  mc_interface.o
    0x0801b1f8   0x0801b1f8   0x00000040   Code   RO         1776    i.mc_interface_get_tot_current_directional_filtered  mc_interface.o
    0x0801b238   0x0801b238   0x00000028   Code   RO         1780    i.mc_interface_get_watt_hours  mc_interface.o
    0x0801b260   0x0801b260   0x00000028   Code   RO         1781    i.mc_interface_get_watt_hours_charged  mc_interface.o
    0x0801b288   0x0801b288   0x00000480   Code   RO         1782    i.mc_interface_init  mc_interface.o
    0x0801b708   0x0801b708   0x0000000c   Code   RO         1783    i.mc_interface_lock  mc_interface.o
    0x0801b714   0x0801b714   0x0000000c   Code   RO         1784    i.mc_interface_lock_override_once  mc_interface.o
    0x0801b720   0x0801b720   0x000005c4   Code   RO         1785    i.mc_interface_mc_timer_isr  mc_interface.o
    0x0801bce4   0x0801bce4   0x00000040   Code   RO         1786    i.mc_interface_read_reset_avg_id  mc_interface.o
    0x0801bd24   0x0801bd24   0x00000024   Code   RO         1787    i.mc_interface_read_reset_avg_input_current  mc_interface.o
    0x0801bd48   0x0801bd48   0x00000040   Code   RO         1788    i.mc_interface_read_reset_avg_iq  mc_interface.o
    0x0801bd88   0x0801bd88   0x00000024   Code   RO         1789    i.mc_interface_read_reset_avg_motor_current  mc_interface.o
    0x0801bdac   0x0801bdac   0x0000000c   Code   RO         1790    i.mc_interface_release_motor  mc_interface.o
    0x0801bdb8   0x0801bdb8   0x00000034   Code   RO         1791    i.mc_interface_sample_print_data  mc_interface.o
    0x0801bdec   0x0801bdec   0x00000074   Code   RO         1792    i.mc_interface_set_brake_current  mc_interface.o
    0x0801be60   0x0801be60   0x00000078   Code   RO         1793    i.mc_interface_set_brake_current_rel  mc_interface.o
    0x0801bed8   0x0801bed8   0x00000b58   Code   RO         1794    i.mc_interface_set_configuration  mc_interface.o
    0x0801ca30   0x0801ca30   0x00000074   Code   RO         1795    i.mc_interface_set_current  mc_interface.o
    0x0801caa4   0x0801caa4   0x0000002c   Code   RO         1796    i.mc_interface_set_current_rel  mc_interface.o
    0x0801cad0   0x0801cad0   0x00000074   Code   RO         1797    i.mc_interface_set_duty  mc_interface.o
    0x0801cb44   0x0801cb44   0x00000054   Code   RO         1799    i.mc_interface_set_handbrake  mc_interface.o
    0x0801cb98   0x0801cb98   0x0000005c   Code   RO         1800    i.mc_interface_set_handbrake_rel  mc_interface.o
    0x0801cbf4   0x0801cbf4   0x0000006c   Code   RO         1801    i.mc_interface_set_pid_pos  mc_interface.o
    0x0801cc60   0x0801cc60   0x00000074   Code   RO         1802    i.mc_interface_set_pid_speed  mc_interface.o
    0x0801ccd4   0x0801ccd4   0x0000000c   Code   RO         1804    i.mc_interface_temp_fet_filtered  mc_interface.o
    0x0801cce0   0x0801cce0   0x0000000c   Code   RO         1805    i.mc_interface_temp_motor_filtered  mc_interface.o
    0x0801ccec   0x0801ccec   0x00000070   Code   RO         1806    i.mc_interface_try_input  mc_interface.o
    0x0801cd5c   0x0801cd5c   0x0000000c   Code   RO         1807    i.mc_interface_unlock  mc_interface.o
    0x0801cd68   0x0801cd68   0x00000454   Code   RO         2127    i.mcpwm_adc_inj_int_handler  mcpwm.o
    0x0801d1bc   0x0801d1bc   0x00000a7c   Code   RO         2128    i.mcpwm_adc_int_handler  mcpwm.o
    0x0801dc38   0x0801dc38   0x00000074   Code   RO         2129    i.mcpwm_deinit      mcpwm.o
    0x0801dcac   0x0801dcac   0x00000d8c   Code   RO         2485    i.mcpwm_foc_adc_int_handler  mcpwm_foc.o
    0x0801ea38   0x0801ea38   0x00000064   Code   RO         2486    i.mcpwm_foc_deinit  mcpwm_foc.o
    0x0801ea9c   0x0801ea9c   0x0000055c   Code   RO         2487    i.mcpwm_foc_encoder_detect  mcpwm_foc.o
    0x0801eff8   0x0801eff8   0x0000000c   Code   RO         2488    i.mcpwm_foc_get_abs_motor_current  mcpwm_foc.o
    0x0801f004   0x0801f004   0x0000000c   Code   RO         2489    i.mcpwm_foc_get_abs_motor_current_filtered  mcpwm_foc.o
    0x0801f010   0x0801f010   0x0000000c   Code   RO         2491    i.mcpwm_foc_get_duty_cycle_now  mcpwm_foc.o
    0x0801f01c   0x0801f01c   0x0000000c   Code   RO         2493    i.mcpwm_foc_get_id  mcpwm_foc.o
    0x0801f028   0x0801f028   0x0000000c   Code   RO         2494    i.mcpwm_foc_get_iq  mcpwm_foc.o
    0x0801f034   0x0801f034   0x0000000c   Code   RO         2495    i.mcpwm_foc_get_last_inj_adc_isr_duration  mcpwm_foc.o
    0x0801f040   0x0801f040   0x00000028   Code   RO         2496    i.mcpwm_foc_get_phase  mcpwm_foc.o
    0x0801f068   0x0801f068   0x00000028   Code   RO         2497    i.mcpwm_foc_get_phase_encoder  mcpwm_foc.o
    0x0801f090   0x0801f090   0x00000028   Code   RO         2498    i.mcpwm_foc_get_phase_observer  mcpwm_foc.o
    0x0801f0b8   0x0801f0b8   0x0000000c   Code   RO         2499    i.mcpwm_foc_get_pid_pos_now  mcpwm_foc.o
    0x0801f0c4   0x0801f0c4   0x00000018   Code   RO         2501    i.mcpwm_foc_get_rpm  mcpwm_foc.o
    0x0801f0dc   0x0801f0dc   0x00000020   Code   RO         2502    i.mcpwm_foc_get_sampling_frequency_now  mcpwm_foc.o
    0x0801f0fc   0x0801f0fc   0x0000000c   Code   RO         2503    i.mcpwm_foc_get_state  mcpwm_foc.o
    0x0801f108   0x0801f108   0x00000018   Code   RO         2505    i.mcpwm_foc_get_tachometer_abs_value  mcpwm_foc.o
    0x0801f120   0x0801f120   0x00000018   Code   RO         2506    i.mcpwm_foc_get_tachometer_value  mcpwm_foc.o
    0x0801f138   0x0801f138   0x0000002c   Code   RO         2507    i.mcpwm_foc_get_tot_current  mcpwm_foc.o
    0x0801f164   0x0801f164   0x0000000c   Code   RO         2508    i.mcpwm_foc_get_tot_current_directional  mcpwm_foc.o
    0x0801f170   0x0801f170   0x0000000c   Code   RO         2509    i.mcpwm_foc_get_tot_current_directional_filtered  mcpwm_foc.o
    0x0801f17c   0x0801f17c   0x0000002c   Code   RO         2510    i.mcpwm_foc_get_tot_current_filtered  mcpwm_foc.o
    0x0801f1a8   0x0801f1a8   0x0000000c   Code   RO         2512    i.mcpwm_foc_get_tot_current_in_filtered  mcpwm_foc.o
    0x0801f1b4   0x0801f1b4   0x0000000c   Code   RO         2514    i.mcpwm_foc_get_vq  mcpwm_foc.o
    0x0801f1c0   0x0801f1c0   0x00000320   Code   RO         2515    i.mcpwm_foc_hall_detect  mcpwm_foc.o
    0x0801f4e0   0x0801f4e0   0x00000478   Code   RO         2516    i.mcpwm_foc_init    mcpwm_foc.o
    0x0801f958   0x0801f958   0x0000000c   Code   RO         2517    i.mcpwm_foc_init_done  mcpwm_foc.o
    0x0801f964   0x0801f964   0x0000000c   Code   RO         2518    i.mcpwm_foc_is_dccal_done  mcpwm_foc.o
    0x0801f970   0x0801f970   0x00000118   Code   RO         2519    i.mcpwm_foc_measure_inductance  mcpwm_foc.o
    0x0801fa88   0x0801fa88   0x000001f8   Code   RO         2520    i.mcpwm_foc_measure_res_ind  mcpwm_foc.o
    0x0801fc80   0x0801fc80   0x000000f8   Code   RO         2521    i.mcpwm_foc_measure_resistance  mcpwm_foc.o
    0x0801fd78   0x0801fd78   0x00000350   Code   RO         2522    i.mcpwm_foc_print_state  mcpwm_foc.o
    0x080200c8   0x080200c8   0x0000003c   Code   RO         2523    i.mcpwm_foc_set_brake_current  mcpwm_foc.o
    0x08020104   0x08020104   0x00000068   Code   RO         2524    i.mcpwm_foc_set_configuration  mcpwm_foc.o
    0x0802016c   0x0802016c   0x00000038   Code   RO         2525    i.mcpwm_foc_set_current  mcpwm_foc.o
    0x080201a4   0x080201a4   0x0000001c   Code   RO         2526    i.mcpwm_foc_set_duty  mcpwm_foc.o
    0x080201c0   0x080201c0   0x0000003c   Code   RO         2528    i.mcpwm_foc_set_handbrake  mcpwm_foc.o
    0x080201fc   0x080201fc   0x00000080   Code   RO         2529    i.mcpwm_foc_set_openloop  mcpwm_foc.o
    0x0802027c   0x0802027c   0x0000001c   Code   RO         2530    i.mcpwm_foc_set_pid_pos  mcpwm_foc.o
    0x08020298   0x08020298   0x0000001c   Code   RO         2531    i.mcpwm_foc_set_pid_speed  mcpwm_foc.o
    0x080202b4   0x080202b4   0x0000003c   Code   RO         2532    i.mcpwm_foc_stop_pwm  mcpwm_foc.o
    0x080202f0   0x080202f0   0x0000001c   Code   RO         2533    i.mcpwm_foc_tim_sample_int_handler  mcpwm_foc.o
    0x0802030c   0x0802030c   0x0000000c   Code   RO         2131    i.mcpwm_get_comm_step  mcpwm.o
    0x08020318   0x08020318   0x00000114   Code   RO         2132    i.mcpwm_get_detect_pos  mcpwm.o
    0x0802042c   0x0802042c   0x0000000c   Code   RO         2133    i.mcpwm_get_duty_cycle_now  mcpwm.o
    0x08020438   0x08020438   0x000000a0   Code   RO         2135    i.mcpwm_get_hall_detect_result  mcpwm.o
    0x080204d8   0x080204d8   0x00000018   Code   RO         2137    i.mcpwm_get_kv_filtered  mcpwm.o
    0x080204f0   0x080204f0   0x0000000c   Code   RO         2138    i.mcpwm_get_last_adc_isr_duration  mcpwm.o
    0x080204fc   0x080204fc   0x0000000c   Code   RO         2139    i.mcpwm_get_last_inj_adc_isr_duration  mcpwm.o
    0x08020508   0x08020508   0x00000018   Code   RO         2140    i.mcpwm_get_rpm     mcpwm.o
    0x08020520   0x08020520   0x00000038   Code   RO         2141    i.mcpwm_get_rpm_dep  mcpwm.o
    0x08020558   0x08020558   0x0000000c   Code   RO         2142    i.mcpwm_get_state   mcpwm.o
    0x08020564   0x08020564   0x0000000c   Code   RO         2143    i.mcpwm_get_switching_frequency_now  mcpwm.o
    0x08020570   0x08020570   0x00000014   Code   RO         2144    i.mcpwm_get_tachometer_abs_value  mcpwm.o
    0x08020584   0x08020584   0x00000014   Code   RO         2145    i.mcpwm_get_tachometer_value  mcpwm.o
    0x08020598   0x08020598   0x0000000c   Code   RO         2146    i.mcpwm_get_tot_current  mcpwm.o
    0x080205a4   0x080205a4   0x00000020   Code   RO         2147    i.mcpwm_get_tot_current_directional  mcpwm.o
    0x080205c4   0x080205c4   0x00000020   Code   RO         2148    i.mcpwm_get_tot_current_directional_filtered  mcpwm.o
    0x080205e4   0x080205e4   0x0000000c   Code   RO         2149    i.mcpwm_get_tot_current_filtered  mcpwm.o
    0x080205f0   0x080205f0   0x00000018   Code   RO         2151    i.mcpwm_get_tot_current_in_filtered  mcpwm.o
    0x08020608   0x08020608   0x000005b8   Code   RO         2152    i.mcpwm_init        mcpwm.o
    0x08020bc0   0x08020bc0   0x0000000c   Code   RO         2153    i.mcpwm_init_done   mcpwm.o
    0x08020bcc   0x08020bcc   0x0000003c   Code   RO         2154    i.mcpwm_init_hall_table  mcpwm.o
    0x08020c08   0x08020c08   0x0000000c   Code   RO         2155    i.mcpwm_is_dccal_done  mcpwm.o
    0x08020c14   0x08020c14   0x0000003c   Code   RO         2156    i.mcpwm_read_hall_phase  mcpwm.o
    0x08020c50   0x08020c50   0x00000024   Code   RO         2157    i.mcpwm_read_reset_avg_cycle_integrator  mcpwm.o
    0x08020c74   0x08020c74   0x0000000c   Code   RO         2158    i.mcpwm_reset_hall_detect_table  mcpwm.o
    0x08020c80   0x08020c80   0x000000c4   Code   RO         2159    i.mcpwm_set_brake_current  mcpwm.o
    0x08020d44   0x08020d44   0x00000040   Code   RO         2161    i.mcpwm_set_configuration  mcpwm.o
    0x08020d84   0x08020d84   0x00000098   Code   RO         2162    i.mcpwm_set_current  mcpwm.o
    0x08020e1c   0x08020e1c   0x00000068   Code   RO         2163    i.mcpwm_set_detect  mcpwm.o
    0x08020e84   0x08020e84   0x00000010   Code   RO         2164    i.mcpwm_set_duty    mcpwm.o
    0x08020e94   0x08020e94   0x00000028   Code   RO         2166    i.mcpwm_set_pid_pos  mcpwm.o
    0x08020ebc   0x08020ebc   0x00000014   Code   RO         2167    i.mcpwm_set_pid_speed  mcpwm.o
    0x08020ed0   0x08020ed0   0x0000001c   Code   RO         2168    i.mcpwm_stop_pwm    mcpwm.o
    0x08020eec   0x08020eec   0x0000000c   Code   RO         2169    i.mcpwm_switch_comm_mode  mcpwm.o
    0x08020ef8   0x08020ef8   0x00000094   Code   RO         4337    i.nrf_driver_init   nrf_driver.o
    0x08020f8c   0x08020f8c   0x0000013c   Code   RO         4338    i.nrf_driver_send_buffer  nrf_driver.o
    0x080210c8   0x080210c8   0x00000084   Code   RO         4339    i.nrf_driver_start_pairing  nrf_driver.o
    0x0802114c   0x0802114c   0x0000003c   Code   RO         4340    i.nrf_driver_stop   nrf_driver.o
    0x08021188   0x08021188   0x00000022   Code   RO         9625    i.nvicDisableVector  nvic.o
    0x080211aa   0x080211aa   0x00000024   Code   RO         9626    i.nvicEnableVector  nvic.o
    0x080211ce   0x080211ce   0x0000000c   Code   RO         9627    i.nvicSetSystemHandlerPriority  nvic.o
    0x080211da   0x080211da   0x00000002   PAD
    0x080211dc   0x080211dc   0x000001f0   Code   RO         2534    i.observer_update   mcpwm_foc.o
    0x080213cc   0x080213cc   0x0000005c   Code   RO         7234    i.onotify           serial_usb.o
    0x08021428   0x08021428   0x00000076   Code   RO        10220    i.otg_disable_ep    usb_lld.o
    0x0802149e   0x0802149e   0x00000102   Code   RO        10221    i.otg_epin_handler  usb_lld.o
    0x080215a0   0x080215a0   0x000000ca   Code   RO        10222    i.otg_epout_handler  usb_lld.o
    0x0802166a   0x0802166a   0x00000002   PAD
    0x0802166c   0x0802166c   0x0000062c   Code   RO         3668    i.output_thread     app_nunchuk.o
    0x08021c98   0x08021c98   0x00000014   Code   RO         2839    i.packet_init       packet.o
    0x08021cac   0x08021cac   0x000000d0   Code   RO         2840    i.packet_process_byte  packet.o
    0x08021d7c   0x08021d7c   0x00000064   Code   RO         3908    i.packet_process_thread  app_uartcomm.o
    0x08021de0   0x08021de0   0x0000008c   Code   RO         2841    i.packet_send_packet  packet.o
    0x08021e6c   0x08021e6c   0x00000034   Code   RO         2842    i.packet_timerfunc  packet.o
    0x08021ea0   0x08021ea0   0x00000120   Code   RO            7    i.periodic_thread   main.o
    0x08021fc0   0x08021fc0   0x0000051a   Code   RO         3745    i.ppm_thread        app_ppm.o
    0x080224da   0x080224da   0x00000002   PAD
    0x080224dc   0x080224dc   0x0000001c   Code   RO          790    i.process_packet    comm_usb.o
    0x080224f8   0x080224f8   0x0000001c   Code   RO         3909    i.process_packet    app_uartcomm.o
    0x08022514   0x08022514   0x0000000a   Code   RO         7235    i.put               serial_usb.o
    0x0802251e   0x0802251e   0x00000006   Code   RO         7236    i.putt              serial_usb.o
    0x08022524   0x08022524   0x0000000a   Code   RO         7237    i.read              serial_usb.o
    0x0802252e   0x0802252e   0x00000002   PAD
    0x08022530   0x08022530   0x0000006c   Code   RO         2535    i.read_hall         mcpwm_foc.o
    0x0802259c   0x0802259c   0x00000006   Code   RO         7238    i.readt             serial_usb.o
    0x080225a2   0x080225a2   0x00000008   Code   RO         4428    i.rf_clear_irq      rf.o
    0x080225aa   0x080225aa   0x00000008   Code   RO         4429    i.rf_clear_maxrt_irq  rf.o
    0x080225b2   0x080225b2   0x00000008   Code   RO         4430    i.rf_clear_rx_irq   rf.o
    0x080225ba   0x080225ba   0x00000020   Code   RO         4432    i.rf_enable_features  rf.o
    0x080225da   0x080225da   0x00000020   Code   RO         4433    i.rf_enable_pipe_address  rf.o
    0x080225fa   0x080225fa   0x00000020   Code   RO         4434    i.rf_enable_pipe_autoack  rf.o
    0x0802261a   0x0802261a   0x00000020   Code   RO         4435    i.rf_enable_pipe_dlp  rf.o
    0x0802263a   0x0802263a   0x00000034   Code   RO         4437    i.rf_flush_all      rf.o
    0x0802266e   0x0802266e   0x0000002e   Code   RO         4442    i.rf_get_payload_width  rf.o
    0x0802269c   0x0802269c   0x00000004   Code   RO         4443    i.rf_init           rf.o
    0x080226a0   0x080226a0   0x0000001e   Code   RO         4444    i.rf_mode_rx        rf.o
    0x080226be   0x080226be   0x0000001e   Code   RO         4445    i.rf_mode_tx        rf.o
    0x080226dc   0x080226dc   0x0000001e   Code   RO         4446    i.rf_power_down     rf.o
    0x080226fa   0x080226fa   0x0000001e   Code   RO         4447    i.rf_power_up       rf.o
    0x08022718   0x08022718   0x00000028   Code   RO         4448    i.rf_read_reg       rf.o
    0x08022740   0x08022740   0x00000030   Code   RO         4449    i.rf_read_reg_byte  rf.o
    0x08022770   0x08022770   0x0000002a   Code   RO         4450    i.rf_read_rx_payload  rf.o
    0x0802279a   0x0802279a   0x0000000a   Code   RO         4452    i.rf_set_address_width  rf.o
    0x080227a4   0x080227a4   0x00000032   Code   RO         4453    i.rf_set_crc_type   rf.o
    0x080227d6   0x080227d6   0x0000000e   Code   RO         4454    i.rf_set_frequency  rf.o
    0x080227e4   0x080227e4   0x00000032   Code   RO         4455    i.rf_set_power      rf.o
    0x08022816   0x08022816   0x00000026   Code   RO         4456    i.rf_set_retr_delay  rf.o
    0x0802283c   0x0802283c   0x00000024   Code   RO         4457    i.rf_set_retr_retries  rf.o
    0x08022860   0x08022860   0x0000002e   Code   RO         4458    i.rf_set_rx_addr    rf.o
    0x0802288e   0x0802288e   0x00000032   Code   RO         4459    i.rf_set_speed      rf.o
    0x080228c0   0x080228c0   0x0000002a   Code   RO         4460    i.rf_set_tx_addr    rf.o
    0x080228ea   0x080228ea   0x00000020   Code   RO         4461    i.rf_status         rf.o
    0x0802290a   0x0802290a   0x00000004   Code   RO         4462    i.rf_stop           rf.o
    0x0802290e   0x0802290e   0x0000002c   Code   RO         4464    i.rf_write_reg      rf.o
    0x0802293a   0x0802293a   0x00000030   Code   RO         4465    i.rf_write_reg_byte  rf.o
    0x0802296a   0x0802296a   0x0000002a   Code   RO         4466    i.rf_write_tx_payload  rf.o
    0x08022994   0x08022994   0x0000002a   Code   RO         4467    i.rf_write_tx_payload_no_ack  rf.o
    0x080229be   0x080229be   0x00000002   PAD
    0x080229c0   0x080229c0   0x000000c0   Code   RO         4684    i.rfhelp_init       rfhelp.o
    0x08022a80   0x08022a80   0x0000001c   Code   RO         4686    i.rfhelp_power_up   rfhelp.o
    0x08022a9c   0x08022a9c   0x00000090   Code   RO         4688    i.rfhelp_read_rx_data_crc  rfhelp.o
    0x08022b2c   0x08022b2c   0x000000c0   Code   RO         4689    i.rfhelp_restart    rfhelp.o
    0x08022bec   0x08022bec   0x000000a0   Code   RO         4691    i.rfhelp_send_data  rfhelp.o
    0x08022c8c   0x08022c8c   0x0000004c   Code   RO         4692    i.rfhelp_send_data_crc  rfhelp.o
    0x08022cd8   0x08022cd8   0x00000014   Code   RO         4695    i.rfhelp_stop       rfhelp.o
    0x08022cec   0x08022cec   0x00000028   Code   RO         4696    i.rfhelp_update_conf  rfhelp.o
    0x08022d14   0x08022d14   0x00000370   Code   RO         2170    i.rpm_thread        mcpwm.o
    0x08023084   0x08023084   0x00000278   Code   RO         4341    i.rx_thread         nrf_driver.o
    0x080232fc   0x080232fc   0x00000034   Code   RO         3910    i.rxchar            app_uartcomm.o
    0x08023330   0x08023330   0x00000002   Code   RO         3911    i.rxend             app_uartcomm.o
    0x08023332   0x08023332   0x00000002   Code   RO         3912    i.rxerr             app_uartcomm.o
    0x08023334   0x08023334   0x000001ec   Code   RO         1808    i.sample_send_thread  mc_interface.o
    0x08023520   0x08023520   0x0000004a   Code   RO         7239    i.sduConfigureHookI  serial_usb.o
    0x0802356a   0x0802356a   0x00000066   Code   RO         7240    i.sduDataReceived   serial_usb.o
    0x080235d0   0x080235d0   0x0000008c   Code   RO         7241    i.sduDataTransmitted  serial_usb.o
    0x0802365c   0x0802365c   0x00000002   Code   RO         7242    i.sduInit           serial_usb.o
    0x0802365e   0x0802365e   0x00000002   Code   RO         7243    i.sduInterruptTransmitted  serial_usb.o
    0x08023660   0x08023660   0x00000044   Code   RO         7244    i.sduObjectInit     serial_usb.o
    0x080236a4   0x080236a4   0x00000048   Code   RO         7245    i.sduRequestsHook   serial_usb.o
    0x080236ec   0x080236ec   0x00000034   Code   RO         7246    i.sduStart          serial_usb.o
    0x08023720   0x08023720   0x00000014   Code   RO          791    i.send_packet       comm_usb.o
    0x08023734   0x08023734   0x0000003c   Code   RO         3913    i.send_packet       app_uartcomm.o
    0x08023770   0x08023770   0x00000014   Code   RO          550    i.send_packet_wrapper  comm_can.o
    0x08023784   0x08023784   0x00000024   Code   RO          792    i.send_packet_wrapper  comm_usb.o
    0x080237a8   0x080237a8   0x00000006   Code   RO         3914    i.send_packet_wrapper  app_uartcomm.o
    0x080237ae   0x080237ae   0x00000002   PAD
    0x080237b0   0x080237b0   0x00000064   Code   RO          793    i.serial_process_thread  comm_usb.o
    0x08023814   0x08023814   0x0000007c   Code   RO          794    i.serial_read_thread  comm_usb.o
    0x08023890   0x08023890   0x0000008a   Code   RO        10703    i.serve_usart_irq   uart_lld.o
    0x0802391a   0x0802391a   0x00000002   PAD
    0x0802391c   0x0802391c   0x00000024   Code   RO         3746    i.servodec_func     app_ppm.o
    0x08023940   0x08023940   0x00000020   Code   RO         2876    i.servodec_get_last_pulse_len  servo_dec.o
    0x08023960   0x08023960   0x00000020   Code   RO         2877    i.servodec_get_servo  servo_dec.o
    0x08023980   0x08023980   0x00000020   Code   RO         2878    i.servodec_get_time_since_update  servo_dec.o
    0x080239a0   0x080239a0   0x00000068   Code   RO         2879    i.servodec_init     servo_dec.o
    0x08023a08   0x08023a08   0x00000014   Code   RO         2880    i.servodec_set_pulse_options  servo_dec.o
    0x08023a1c   0x08023a1c   0x00000040   Code   RO         2881    i.servodec_stop     servo_dec.o
    0x08023a5c   0x08023a5c   0x000000f4   Code   RO         2171    i.set_duty_cycle_hl  mcpwm.o
    0x08023b50   0x08023b50   0x00000128   Code   RO         2172    i.set_duty_cycle_hw  mcpwm.o
    0x08023c78   0x08023c78   0x000001b8   Code   RO         2173    i.set_duty_cycle_ll  mcpwm.o
    0x08023e30   0x08023e30   0x000003c4   Code   RO         2174    i.set_next_comm_step  mcpwm.o
    0x080241f4   0x080241f4   0x0000003c   Code   RO         2175    i.set_next_timer_settings  mcpwm.o
    0x08024230   0x08024230   0x0000003a   Code   RO        10704    i.set_rx_idle_loop  uart_lld.o
    0x0802426a   0x0802426a   0x00000002   PAD
    0x0802426c   0x0802426c   0x00000064   Code   RO         2176    i.set_switching_frequency  mcpwm.o
    0x080242d0   0x080242d0   0x00000004   Code   RO         7399    i.spiInit           spi.o
    0x080242d4   0x080242d4   0x00000014   Code   RO         7400    i.spiObjectInit     spi.o
    0x080242e8   0x080242e8   0x000000c0   Code   RO         4210    i.spi_exchange      drv8301.o
    0x080243a8   0x080243a8   0x00000040   Code   RO        10431    i.spi_lld_init      spi_lld.o
    0x080243e8   0x080243e8   0x00000028   Code   RO         4782    i.spi_sw_begin      spi_sw.o
    0x08024410   0x08024410   0x0000004c   Code   RO         4783    i.spi_sw_change_pins  spi_sw.o
    0x0802445c   0x0802445c   0x00000028   Code   RO         4784    i.spi_sw_end        spi_sw.o
    0x08024484   0x08024484   0x00000064   Code   RO         4785    i.spi_sw_init       spi_sw.o
    0x080244e8   0x080244e8   0x0000004c   Code   RO         4786    i.spi_sw_stop       spi_sw.o
    0x08024534   0x08024534   0x000000fc   Code   RO         4787    i.spi_sw_transfer   spi_sw.o
    0x08024630   0x08024630   0x0000003e   Code   RO        11186    i.sqrtf             m_wm.l(sqrtf.o)
    0x0802466e   0x0802466e   0x00000004   Code   RO         7529    i.stInit            st.o
    0x08024672   0x08024672   0x0000001a   Code   RO        10651    i.st_lld_init       st_lld.o
    0x0802468c   0x0802468c   0x00000070   Code   RO         2536    i.start_pwm_hw      mcpwm_foc.o
    0x080246fc   0x080246fc   0x000000f0   Code   RO         9704    i.stm32_clock_init  hal_lld.o
    0x080247ec   0x080247ec   0x00000080   Code   RO         2177    i.stop_pwm_hw       mcpwm.o
    0x0802486c   0x0802486c   0x00000078   Code   RO         2537    i.stop_pwm_hw       mcpwm_foc.o
    0x080248e4   0x080248e4   0x00000078   Code   RO         3064    i.terminal_add_fault_data  terminal.o
    0x0802495c   0x0802495c   0x00000050   Code   RO         3669    i.terminal_cmd_nunchuk_status  app_nunchuk.o
    0x080249ac   0x080249ac   0x00000024   Code   RO         4211    i.terminal_print_faults  drv8301.o
    0x080249d0   0x080249d0   0x00002138   Code   RO         3065    i.terminal_process_string  terminal.o
    0x08026b08   0x08026b08   0x000000c0   Code   RO         4212    i.terminal_read_reg  drv8301.o
    0x08026bc8   0x08026bc8   0x00000068   Code   RO         3066    i.terminal_register_command_callback  terminal.o
    0x08026c30   0x08026c30   0x00000016   Code   RO         4213    i.terminal_reset_faults  drv8301.o
    0x08026c46   0x08026c46   0x00000002   PAD
    0x08026c48   0x08026c48   0x000000e4   Code   RO         4214    i.terminal_set_oc_adj  drv8301.o
    0x08026d2c   0x08026d2c   0x000000e8   Code   RO         4215    i.terminal_write_reg  drv8301.o
    0x08026e14   0x08026e14   0x00000010   Code   RO         3122    i.timeout_configure  timeout.o
    0x08026e24   0x08026e24   0x0000000c   Code   RO         3123    i.timeout_get_brake_current  timeout.o
    0x08026e30   0x08026e30   0x0000000c   Code   RO         3124    i.timeout_get_timeout_msec  timeout.o
    0x08026e3c   0x08026e3c   0x0000000c   Code   RO         3125    i.timeout_has_timeout  timeout.o
    0x08026e48   0x08026e48   0x0000003c   Code   RO         3126    i.timeout_init      timeout.o
    0x08026e84   0x08026e84   0x00000020   Code   RO         3127    i.timeout_reset     timeout.o
    0x08026ea4   0x08026ea4   0x00000064   Code   RO         3128    i.timeout_thread    timeout.o
    0x08026f08   0x08026f08   0x00000024   Code   RO            8    i.timer_thread      main.o
    0x08026f2c   0x08026f2c   0x00000064   Code   RO         1809    i.timer_thread      mc_interface.o
    0x08026f90   0x08026f90   0x00000228   Code   RO         2178    i.timer_thread      mcpwm.o
    0x080271b8   0x080271b8   0x000003a4   Code   RO         2538    i.timer_thread      mcpwm_foc.o
    0x0802755c   0x0802755c   0x00000060   Code   RO         4342    i.tx_thread         nrf_driver.o
    0x080275bc   0x080275bc   0x00000002   Code   RO         3915    i.txend1            app_uartcomm.o
    0x080275be   0x080275be   0x00000002   Code   RO         3916    i.txend2            app_uartcomm.o
    0x080275c0   0x080275c0   0x00000004   Code   RO         7582    i.uartInit          uart.o
    0x080275c4   0x080275c4   0x0000000e   Code   RO         7583    i.uartObjectInit    uart.o
    0x080275d2   0x080275d2   0x0000001e   Code   RO         7584    i.uartStart         uart.o
    0x080275f0   0x080275f0   0x0000001a   Code   RO         7587    i.uartStartSend     uart.o
    0x0802760a   0x0802760a   0x00000020   Code   RO         7589    i.uartStop          uart.o
    0x0802762a   0x0802762a   0x00000002   PAD
    0x0802762c   0x0802762c   0x00000048   Code   RO        10705    i.uart_lld_init     uart_lld.o
    0x08027674   0x08027674   0x0000007c   Code   RO        10706    i.uart_lld_serve_rx_end_irq  uart_lld.o
    0x080276f0   0x080276f0   0x0000005c   Code   RO        10707    i.uart_lld_serve_tx_end_irq  uart_lld.o
    0x0802774c   0x0802774c   0x00000128   Code   RO        10708    i.uart_lld_start    uart_lld.o
    0x08027874   0x08027874   0x0000003e   Code   RO        10710    i.uart_lld_start_send  uart_lld.o
    0x080278b2   0x080278b2   0x00000002   PAD
    0x080278b4   0x080278b4   0x00000060   Code   RO        10711    i.uart_lld_stop     uart_lld.o
    0x08027914   0x08027914   0x00000058   Code   RO         3747    i.update            app_ppm.o
    0x0802796c   0x0802796c   0x000001b8   Code   RO         2179    i.update_adc_sample_pos  mcpwm.o
    0x08027b24   0x08027b24   0x0000057a   Code   RO         1810    i.update_override_limits  mc_interface.o
    0x0802809e   0x0802809e   0x00000002   PAD
    0x080280a0   0x080280a0   0x0000007c   Code   RO         2180    i.update_rpm_tacho  mcpwm.o
    0x0802811c   0x0802811c   0x00000040   Code   RO         2181    i.update_sensor_mode  mcpwm.o
    0x0802815c   0x0802815c   0x00000098   Code   RO         2182    i.update_timer_attempt  mcpwm.o
    0x080281f4   0x080281f4   0x00000058   Code   RO        10714    i.usart_stop        uart_lld.o
    0x0802824c   0x0802824c   0x00000004   Code   RO         7689    i.usbInit           usb.o
    0x08028250   0x08028250   0x00000048   Code   RO         7690    i.usbInitEndpointI  usb.o
    0x08028298   0x08028298   0x0000001e   Code   RO         7691    i.usbObjectInit     usb.o
    0x080282b6   0x080282b6   0x00000024   Code   RO         7692    i.usbPrepareQueuedReceive  usb.o
    0x080282da   0x080282da   0x00000024   Code   RO         7693    i.usbPrepareQueuedTransmit  usb.o
    0x080282fe   0x080282fe   0x0000002c   Code   RO         7698    i.usbStart          usb.o
    0x0802832a   0x0802832a   0x0000001c   Code   RO         7699    i.usbStartReceiveI  usb.o
    0x08028346   0x08028346   0x0000001c   Code   RO         7700    i.usbStartTransmitI  usb.o
    0x08028362   0x08028362   0x0000001a   Code   RO         7701    i.usbStop           usb.o
    0x0802837c   0x0802837c   0x00000044   Code   RO          854    i.usb_event         comm_usb_serial.o
    0x080283c0   0x080283c0   0x00000014   Code   RO        10223    i.usb_lld_clear_in  usb_lld.o
    0x080283d4   0x080283d4   0x00000014   Code   RO        10224    i.usb_lld_clear_out  usb_lld.o
    0x080283e8   0x080283e8   0x00000022   Code   RO        10226    i.usb_lld_get_status_in  usb_lld.o
    0x0802840a   0x0802840a   0x00000022   Code   RO        10227    i.usb_lld_get_status_out  usb_lld.o
    0x0802842c   0x0802842c   0x00000024   Code   RO        10228    i.usb_lld_init      usb_lld.o
    0x08028450   0x08028450   0x0000013c   Code   RO        10229    i.usb_lld_init_endpoint  usb_lld.o
    0x0802858c   0x0802858c   0x0000004e   Code   RO        10230    i.usb_lld_prepare_receive  usb_lld.o
    0x080285da   0x080285da   0x00000054   Code   RO        10231    i.usb_lld_prepare_transmit  usb_lld.o
    0x0802862e   0x0802862e   0x00000002   PAD
    0x08028630   0x08028630   0x00000330   Code   RO        10232    i.usb_lld_pump      usb_lld.o
    0x08028960   0x08028960   0x00000012   Code   RO        10233    i.usb_lld_read_setup  usb_lld.o
    0x08028972   0x08028972   0x00000002   PAD
    0x08028974   0x08028974   0x000000c0   Code   RO        10234    i.usb_lld_reset     usb_lld.o
    0x08028a34   0x08028a34   0x00000018   Code   RO        10235    i.usb_lld_set_address  usb_lld.o
    0x08028a4c   0x08028a4c   0x00000014   Code   RO        10236    i.usb_lld_stall_in  usb_lld.o
    0x08028a60   0x08028a60   0x00000014   Code   RO        10237    i.usb_lld_stall_out  usb_lld.o
    0x08028a74   0x08028a74   0x000000dc   Code   RO        10238    i.usb_lld_start     usb_lld.o
    0x08028b50   0x08028b50   0x0000002a   Code   RO        10239    i.usb_lld_start_in  usb_lld.o
    0x08028b7a   0x08028b7a   0x00000014   Code   RO        10240    i.usb_lld_start_out  usb_lld.o
    0x08028b8e   0x08028b8e   0x00000002   PAD
    0x08028b90   0x08028b90   0x00000044   Code   RO        10241    i.usb_lld_stop      usb_lld.o
    0x08028bd4   0x08028bd4   0x00000044   Code   RO         3188    i.utils_angle_difference  utils.o
    0x08028c18   0x08028c18   0x00000044   Code   RO         3189    i.utils_angle_difference_rad  utils.o
    0x08028c5c   0x08028c5c   0x0000002c   Code   RO         3191    i.utils_byte_to_binary  utils.o
    0x08028c88   0x08028c88   0x0000005c   Code   RO         3193    i.utils_deadband    utils.o
    0x08028ce4   0x08028ce4   0x00000084   Code   RO         3194    i.utils_fast_atan2  utils.o
    0x08028d68   0x08028d68   0x00000124   Code   RO         3197    i.utils_fast_sincos_better  utils.o
    0x08028e8c   0x08028e8c   0x0000001a   Code   RO         3198    i.utils_map         utils.o
    0x08028ea6   0x08028ea6   0x00000018   Code   RO         3200    i.utils_max_abs     utils.o
    0x08028ebe   0x08028ebe   0x00000058   Code   RO         3201    i.utils_middle_of_3  utils.o
    0x08028f16   0x08028f16   0x0000002a   Code   RO         3202    i.utils_middle_of_3_int  utils.o
    0x08028f40   0x08028f40   0x00000018   Code   RO         3203    i.utils_min_abs     utils.o
    0x08028f58   0x08028f58   0x00000038   Code   RO         3204    i.utils_norm_angle  utils.o
    0x08028f90   0x08028f90   0x0000004c   Code   RO         3205    i.utils_norm_angle_rad  utils.o
    0x08028fdc   0x08028fdc   0x0000005c   Code   RO         3206    i.utils_saturate_vector_2d  utils.o
    0x08029038   0x08029038   0x0000003c   Code   RO         3207    i.utils_step_towards  utils.o
    0x08029074   0x08029074   0x0000001c   Code   RO         3208    i.utils_sys_lock_cnt  utils.o
    0x08029090   0x08029090   0x00000024   Code   RO         3209    i.utils_sys_unlock_cnt  utils.o
    0x080290b4   0x080290b4   0x00000118   Code   RO         3210    i.utils_throttle_curve  utils.o
    0x080291cc   0x080291cc   0x0000002c   Code   RO         3211    i.utils_truncate_number  utils.o
    0x080291f8   0x080291f8   0x00000028   Code   RO         3212    i.utils_truncate_number_abs  utils.o
    0x08029220   0x08029220   0x0000001c   Code   RO         3213    i.utils_truncate_number_int  utils.o
    0x0802923c   0x0802923c   0x00000068   Code   RO         8807    i.wakeup            chschd.o
    0x080292a4   0x080292a4   0x0000000a   Code   RO         7248    i.write             serial_usb.o
    0x080292ae   0x080292ae   0x00000006   Code   RO         7249    i.writet            serial_usb.o
    0x080292b4   0x080292b4   0x00000012   Data   RO          859    .constdata          comm_usb_serial.o
    0x080292c6   0x080292c6   0x00000002   PAD
    0x080292c8   0x080292c8   0x00000090   Data   RO          860    .constdata          comm_usb_serial.o
    0x08029358   0x08029358   0x00000043   Data   RO          861    .constdata          comm_usb_serial.o
    0x0802939b   0x0802939b   0x00000004   Data   RO          862    .constdata          comm_usb_serial.o
    0x0802939f   0x0802939f   0x00000026   Data   RO          863    .constdata          comm_usb_serial.o
    0x080293c5   0x080293c5   0x00000038   Data   RO          864    .constdata          comm_usb_serial.o
    0x080293fd   0x080293fd   0x00000008   Data   RO          865    .constdata          comm_usb_serial.o
    0x08029405   0x08029405   0x00000001   PAD
    0x08029406   0x08029406   0x00000200   Data   RO         1292    .constdata          crc.o
    0x08029606   0x08029606   0x00000002   PAD
    0x08029608   0x08029608   0x00000048   Data   RO         1443    .constdata          flash_helper.o
    0x08029650   0x08029650   0x0000001c   Data   RO         2184    .constdata          mcpwm.o
    0x0802966c   0x0802966c   0x000000fc   Data   RO         4000    .constdata          board.o
    0x08029768   0x08029768   0x0000000c   Data   RO         4147    .constdata          hw_60.o
    0x08029774   0x08029774   0x00000020   Data   RO         7250    .constdata          serial_usb.o
    0x08029794   0x08029794   0x00000006   Data   RO         7702    .constdata          usb.o
    0x0802979a   0x0802979a   0x00000016   Data   RO         8761    .constdata          chregistry.o
    0x080297b0   0x080297b0   0x000000c0   Data   RO         9759    .constdata          stm32_dma.o
    0x08029870   0x08029870   0x00000030   Data   RO        10244    .constdata          usb_lld.o
    0x080298a0   0x080298a0   0x00000804   Data   RO        10864    .constdata          arm_common_tables.o
    0x0802a0a4   0x0802a0a4   0x00000030   Data   RO        10987    .constdata          m_wm.l(expf.o)
    0x0802a0d4   0x0802a0d4   0x00000040   Data   RO        11037    .constdata          m_wm.l(logf.o)
    0x0802a114   0x0802a114   0x00000140   Data   RO        11051    .constdata          m_wm.l(powf.o)
    0x0802a254   0x0802a254   0x00000020   Data   RO        11182    .constdata          m_wm.l(rredf.o)
    0x0802a274   0x0802a274   0x00000040   Data   RO        11274    .constdata          mc_w.l(ctype_c.o)
    0x0802a2b4   0x0802a2b4   0x00000245   Data   RO         3069    .conststring        terminal.o


==============================================================================

Image component sizes


      Code (inc. data)   RO Data    RW Data    ZI Data      Debug   Object Name

       196         20          0          0        220      19481   app.o
      2554        170          0         52       1572      13724   app_adc.o
      2608        288          0         34       2960      13011   app_nunchuk.o
      1742        124          0         28       1508      32316   app_ppm.o
       446        106          0         48       6560       9706   app_uartcomm.o
         0          0       2052          0          0      18304   arm_common_tables.o
       120         12          0          0          0        826   arm_cos_f32.o
       116         12          0          0          0        826   arm_sin_f32.o
         6          0        252          0          0      12616   board.o
       642         14          0          0          0      13713   buffer.o
       298          0          0          0          0      21107   can.o
      1450         90          0          0         48      18954   can_lld.o
       120         22          0          0          0       3815   chcore_v7m.o
        46          0          0          0          0        596   chcoreasm_v7m.o
        86          0          0          0          0        979   chdynamic.o
       390         16          0          0          0       7290   chevents.o
       206         16          0          0         32       2949   chheap.o
        92         22          0          8          0       2886   chmemcore.o
        20          0          0          0          0       2250   chmempools.o
       338         10          0          0          0      11458   chmtx.o
       508          0          0          0          0      11043   chqueues.o
        72          8         22          0          0       3716   chregistry.o
       600         58          0          0        600      17459   chschd.o
       326         58          0          0          0      45792   chsys.o
       446         38          0          0          0      17602   chthreads.o
       124         16          0          0          0       6075   chtm.o
       128         16          0          0          0       2219   chvt.o
      2112        232          0         28      10096      43379   comm_can.o
       396        110          0         12       7488       5836   comm_usb.o
       220         48        335          0        660      27865   comm_usb_serial.o
     12704        368          0         52       4552      23755   commands.o
      5088        328          0          1       1444      34978   conf_general.o
        52          4        512          0          0       1388   crc.o
        52         14          0          0       8192        532   cstartup.o
       968         26          0          0          0       6265   digital_filter.o
      1974        868          0          0        120      10727   drv8301.o
      1222         68          0          2          0      17403   eeprom.o
       880        116          0         24          0       7095   encoder.o
       390         36         72          0          0      16880   flash_helper.o
        56          4          0          0          0        558   hal.o
       356         66          0          0          0       1770   hal_lld.o
      1000         80         12          1          0       3137   hw_60.o
       202          0          0          0          0      12160   i2c.o
      1576        104          0          0         56      18811   i2c_lld.o
       116          0          0          0          0       8042   icu.o
       552         42          0          0         24       7392   icu_lld.o
       140         16          0          0          0       1976   irq_handlers.o
        24         12          0          8          0       3101   led_external.o
       260         42          0          4        213       2561   ledpwm.o
       676         92          0          4       1968     342533   main.o
     10494        852          0      36128       3320      55923   mc_interface.o
     11772        902         28        236       6552      46185   mcpwm.o
     13610       1406          0        200       2576      51040   mcpwm_foc.o
      1384        100          0         24       4412       9188   nrf_driver.o
        82          0          0          0          0       1814   nvic.o
       420         26          0          0       4160       3732   packet.o
       340         44          0          0          0       2896   pal_lld.o
      1052          0          0          0          0      19012   rf.o
       852         80          0         19         72       6760   rfhelp.o
       788         16         32          7          0      33612   serial_usb.o
       582        106          0         64          0      27542   servo_dec.o
        24          0          0          0          0       4106   spi.o
        64         24          0          4         48       1767   spi_lld.o
       584         34          0         36          0       5257   spi_sw.o
         4          0          0          0          0        461   st.o
        52          0          0          0          0       4600   st_lld.o
      1084        218        192          4        128      18242   stm32_dma.o
       544         20          0          0          0      11229   stm32f4xx_adc.o
       578         94          0          0          0       5037   stm32f4xx_dma.o
       176         18          0          0          0       2540   stm32f4xx_exti.o
       444         46          0          0          0       5964   stm32f4xx_flash.o
       120         30          0          0          0       3265   stm32f4xx_rcc.o
        46          0          0          0          0        696   stm32f4xx_syscfg.o
      1638         10          0          0          0      21939   stm32f4xx_tim.o
       104         22          0          0          0       3804   stm32f4xx_wwdg.o
      8728       4140        581         72       2856      20497   terminal.o
       244         66          0         16        920       6408   timeout.o
       106          0          0          0          0       4091   uart.o
      1066        106          0          0         72      13854   uart_lld.o
      1516         26          6          0          0      28493   usb.o
      2884        100         48          8        660      37853   usb_lld.o
      1640        132          0          4          0      17541   utils.o
         2          0        448          0          0        488   vectors.o

    ----------------------------------------------------------------------
    107802      12410       4648      37136     106888    1384693   Object Totals
         0          0         48          0      32768          0   (incl. Generated)
        82          0          8          8         31          0   (incl. Padding)

    ----------------------------------------------------------------------

      Code (inc. data)   RO Data    RW Data    ZI Data      Debug   Library Member Name

       300         42          0          0          0        176   asinf.o
       592         90          0          0          0        184   atan2f.o
       336         56          0          0          0        136   cosf.o
       488         62         48          0          0        236   expf.o
       112         14          0          0          0        116   floorf.o
       176          0          0          0          0        168   fmodf.o
        38          0          0          0          0        116   fpclassifyf.o
        84          4          0          0          0        116   frexpf.o
        80         24          0          0          0        696   funder.o
       142          0          0          0          0        156   ldexpf.o
       364         44         64          0          0        140   logf.o
      1636        110        320          0          0        372   powf.o
       154          0          0          0          0        140   roundf.o
       340         24         32          0          0        160   rredf.o
        62          0          0          0          0        136   sqrtf.o
        56          8          0          0          0         84   __0sscanf.o
        86          0          0          0          0          0   __dczerorl2.o
        28          0          0          0          0         68   _chval.o
       812          4          0          0          0        112   _scanf.o
       332          0          0          0          0         96   _scanf_int.o
        64          0          0          0          0         84   _sgetc.o
        40          6         64          0          0         68   ctype_c.o
         0          0          0          0          0          0   entry.o
         0          0          0          0          0          0   entry10a.o
         0          0          0          0          0          0   entry11a.o
         8          4          0          0          0          0   entry2.o
         4          0          0          0          0          0   entry5.o
         0          0          0          0          0          0   entry7b.o
         0          0          0          0          0          0   entry8b.o
         8          4          0          0          0          0   entry9a.o
        12          6          0          4          0         68   errno.o
        30          0          0          0          0          0   handlers.o
        36          8          0          0          0         68   init.o
        10          0          0          0          0         68   isspace_c.o
         0          0          0          0          0          0   iusefp.o
        30          0          0          0          0         68   llshl.o
        36          0          0          0          0         68   llsshr.o
        32          0          0          0          0         68   llushr.o
       188         20          0          0          0        160   malloc.o
        26          0          0          0          0         80   memcmp.o
        36          0          0          0          0         68   memcpya.o
        36          0          0          0          0        108   memseta.o
         0          0          0          8          0          0   mvars.o
      2292         84          0          0          0        516   printfa.o
        40          8          0          0          0         84   scanf_char.o
       878         12          0          0          0        216   scanf_fp.o
        24          0          0          0          0         68   strcat.o
        28          0          0          0          0         76   strcmp.o
        68          6          0          4          0         80   strtok.o
        44          0          0          0          0         80   uidiv.o
        98          0          0          0          0         92   uldiv.o
        48          0          0          0          0         68   cdrcmple.o
        56          0          0          0          0         88   d2f.o
       334          0          0          0          0        148   dadd.o
       222          0          0          0          0        100   ddiv.o
       186          0          0          0          0        176   depilogue.o
        48          0          0          0          0         68   dfixul.o
        24          0          0          0          0         76   dfltul.o
       228          0          0          0          0         96   dmul.o
        38          0          0          0          0         68   f2d.o
       110          0          0          0          0        168   fepilogue.o
         4          0          0          0          0         68   fpstat.o
        82          0          0          0          0         96   frem.o
        60          0          0          0          0         76   frnd.o
        24          0          0          0          0         68   fscalb.o

    ----------------------------------------------------------------------
     11762        640        528         16          0       6960   Library Totals
        12          0          0          0          0          0   (incl. Padding)

    ----------------------------------------------------------------------

      Code (inc. data)   RO Data    RW Data    ZI Data      Debug   Library Name

      4904        470        464          0          0       3048   m_wm.l
      5382        170         64         16          0       2548   mc_w.l
      1464          0          0          0          0       1364   mf_w.l

    ----------------------------------------------------------------------
     11762        640        528         16          0       6960   Library Totals

    ----------------------------------------------------------------------

==============================================================================


      Code (inc. data)   RO Data    RW Data    ZI Data      Debug   

    119564      13050       5176      37152     106888    1321953   Grand Totals
    119564      13050       5176        448     106888    1321953   ELF Image Totals (compressed)
    119564      13050       5176        448          0          0   ROM Totals

==============================================================================

    Total RO  Size (Code + RO Data)               124740 ( 121.82kB)
    Total RW  Size (RW Data + ZI Data)            144040 ( 140.66kB)
    Total ROM Size (Code + RO Data + RW Data)     125188 ( 122.25kB)

==============================================================================

