<html>
<body>
<pre>
<h1>礦ision Build Log</h1>
<h2>Tool Versions:</h2>
IDE-Version: μVision V5.25.3.0
Copyright (C) 2018 ARM Ltd and ARM Germany GmbH. All rights reserved.
License Information: .... ...., ...., LIC=9N0DY-IYHWE-8YFVV-PNKW3-R07QB-9MNES
 
Tool Versions:
Toolchain:       MDK-ARM Professional  Version: 5.25.2.0
Toolchain Path:  C:\Keil_v5\ARM\ARMCC\Bin
C Compiler:      Armcc.exe V5.06 update 6 (build 750)
Assembler:       Armasm.exe V5.06 update 6 (build 750)
Linker/Locator:  ArmLink.exe V5.06 update 6 (build 750)
Library Manager: ArmAr.exe V5.06 update 6 (build 750)
Hex Converter:   FromElf.exe V5.06 update 6 (build 750)
CPU DLL:         SARMCM3.DLL V5.25.2.0
Dialog DLL:      DCM.DLL V1.17.1.0
Target DLL:      Segger\JL2CM3.dll V2.99.29.0
Dialog DLL:      TCM.DLL V1.35.1.0
 
<h2>Project:</h2>
C:\Users\22734\Desktop\bldc_mdk340_tb\keil_app\project.uvprojx
Project File Date:  01/10/2021

<h2>Output:</h2>
*** Using Compiler 'V5.06 update 6 (build 750)', folder: 'C:\Keil_v5\ARM\ARMCC\Bin'
Build target 'project'
compiling buffer.c...
compiling comm_usb.c...
compiling eeprom.c...
compiling conf_general.c...
compiling comm_can.c...
compiling crc.c...
compiling main.c...
compiling comm_usb_serial.c...
compiling digital_filter.c...
compiling commands.c...
compiling encoder.c...
compiling led_external.c...
compiling irq_handlers.c...
compiling flash_helper.c...
compiling ledpwm.c...
compiling packet.c...
compiling mc_interface.c...
compiling mcpwm.c...
compiling mcpwm_foc.c...
compiling timeout.c...
compiling servo_simple.c...
compiling servo_dec.c...
compiling terminal.c...
compiling utils.c...
compiling ws2811.c...
compiling app.c...
compiling app_sten.c...
compiling app_adc.c...
compiling board.c...
compiling app_uartcomm.c...
compiling app_ppm.c...
compiling app_nunchuk.c...
compiling hw_60.c...
compiling drv8301.c...
compiling drv8305.c...
compiling misc.c...
compiling drv8320.c...
compiling stm32f4xx_adc.c...
compiling rfhelp.c...
compiling spi_sw.c...
compiling nrf_driver.c...
compiling stm32f4xx_dma.c...
compiling rf.c...
compiling stm32f4xx_exti.c...
compiling stm32f4xx_syscfg.c...
compiling stm32f4xx_flash.c...
compiling stm32f4xx_rcc.c...
compiling osal.c...
compiling stm32f4xx_wwdg.c...
compiling stm32f4xx_tim.c...
compiling can.c...
compiling adc.c...
compiling dac.c...
compiling ext.c...
compiling hal_mmcsd.c...
compiling hal.c...
compiling gpt.c...
compiling i2c.c...
compiling hal_queues.c...
compiling i2s.c...
compiling icu.c...
compiling pal.c...
compiling mac.c...
compiling mmc_spi.c...
compiling pwm.c...
compiling rtc.c...
compiling sdc.c...
compiling st.c...
compiling serial_usb.c...
compiling serial.c...
compiling spi.c...
compiling chcond.c...
compiling usb.c...
compiling chdynamic.c...
compiling chdebug.c...
compiling chevents.c...
compiling chheap.c...
compiling uart.c...
compiling chmboxes.c...
compiling chmsg.c...
compiling chmtx.c...
compiling chmemcore.c...
compiling chregistry.c...
compiling chmempools.c...
compiling chqueues.c...
compiling chschd.c...
compiling chsys.c...
assembling chcoreasm_v7m.s...
compiling chthreads.c...
compiling chsem.c...
compiling chtm.c...
compiling chstats.c...
compiling chvt.c...
assembling vectors.s...
assembling cstartup.s...
compiling chcore.c...
compiling chcore_v7m.c...
compiling adc_lld.c...
compiling nvic.c...
compiling ext_lld_isr.c...
compiling hal_lld.c...
compiling stm32_dma.c...
compiling ext_lld.c...
compiling sdc_lld.c...
compiling can_lld.c...
compiling mac_lld.c...
compiling dac_lld.c...
compiling pal_lld.c...
compiling i2c_lld.c...
compiling usb_lld.c...
compiling rtc_lld.c...
compiling i2s_lld.c...
compiling gpt_lld.c...
compiling spi_lld.c...
compiling pwm_lld.c...
compiling icu_lld.c...
compiling st_lld.c...
compiling arm_sin_f32.c...
compiling arm_common_tables.c...
compiling serial_lld.c...
compiling arm_cos_f32.c...
compiling uart_lld.c...
linking...
Program Size: Code=119564 RO-data=5176 RW-data=37152 ZI-data=106888  
FromELF: creating hex file...
After Build - User command #2: .\output\bincombined_convert_mdk.bat
C:\Users\22734\Desktop\bldc_mdk340_tb\keil_app>cd C:\Users\22734\Desktop\bldc_mdk340_tb\keil_app 
C:\Users\22734\Desktop\bldc_mdk340_tb\keil_app>call .\output\bincombined_convert_mdk_BLDC_4_ChibiOS_keil_fw3.40_0005ohm.bat 
C:\Users\22734\Desktop\bldc_mdk340_tb\keil_app>C:\Keil_v5\ARM\ARMCC\bin\fromelf.exe --bincombined --bincombined_padding=1,0x00 --output=./output/project.bin  ./output/project.axf 
C:\Users\22734\Desktop\bldc_mdk340_tb\keil_app>C:\Keil_v5\ARM\ARMCC\bin\fromelf.exe --bincombined --bincombined_padding=1,0x00 --output=./output/BLDC_4_ChibiOS.bin  ./output/project.axf 
C:\Users\22734\Desktop\bldc_mdk340_tb\keil_app>xcopy .\output\project.axf .\output\BLDC_4_ChibiOS_keil_fw3.40_0005ohm /y/q 
复制了 1 个文件
C:\Users\22734\Desktop\bldc_mdk340_tb\keil_app>xcopy .\output\project.hex .\output\BLDC_4_ChibiOS_keil_fw3.40_0005ohm /y/q 
复制了 1 个文件
C:\Users\22734\Desktop\bldc_mdk340_tb\keil_app>xcopy .\output\project.bin .\output\BLDC_4_ChibiOS_keil_fw3.40_0005ohm /y/q 
复制了 1 个文件
C:\Users\22734\Desktop\bldc_mdk340_tb\keil_app>cd C:\Users\22734\Desktop\bldc_mdk340_tb\keil_app\output\BLDC_4_ChibiOS_keil_fw3.40_0005ohm 
C:\Users\22734\Desktop\bldc_mdk340_tb\keil_app\output\BLDC_4_ChibiOS_keil_fw3.40_0005ohm>call ren.bat 
processing....
Congratulations! Work is done.
".\output\obj\..\project.axf" - 0 Error(s), 0 Warning(s).

<h2>Software Packages used:</h2>

Package Vendor: ARM
                http://www.keil.com/pack/ARM.CMSIS.5.3.0.pack
                ARM.CMSIS.5.3.0
                CMSIS (Cortex Microcontroller Software Interface Standard)
   * Component: CORE Version: 5.1.1

Package Vendor: Keil
                http://www.keil.com/pack/Keil.STM32F4xx_DFP.2.9.0.pack
                Keil.STM32F4xx_DFP.2.9.0
                STMicroelectronics STM32F4 Series Device Support, Drivers and Examples

<h2>Collection of Component include folders:</h2>
  .\RTE\_project
  C:\Keil_v5\ARM\PACK\ARM\CMSIS\5.3.0\CMSIS\Include
  C:\Keil_v5\ARM\PACK\Keil\STM32F4xx_DFP\2.9.0\Drivers\CMSIS\Device\ST\STM32F4xx\Include

<h2>Collection of Component Files used:</h2>

   * Component: ARM::CMSIS:CORE:5.1.1
Build Time Elapsed:  00:00:45
</pre>
</body>
</html>
